Apache Maven 3.9.11 (3e54c93a704957b63ee3494413a2b544fd3d825b)
Maven home: C:\Program Files\apache-maven-3.9.11
Java version: 21.0.8, vendor: Oracle Corporation, runtime: C:\Program Files\Java\jdk-21
Default locale: en_IN, platform encoding: UTF-8
OS name: "windows 11", version: "10.0", arch: "amd64", family: "windows"
[DEBUG] Created new class realm maven.api
[DEBUG] Importing foreign packages into class realm maven.api
[DEBUG]   Imported: javax.annotation.* < plexus.core
[DEBUG]   Imported: javax.annotation.security.* < plexus.core
[DEBUG]   Imported: javax.inject.* < plexus.core
[DEBUG]   Imported: org.apache.maven.* < plexus.core
[DEBUG]   Imported: org.apache.maven.artifact < plexus.core
[DEBUG]   Imported: org.apache.maven.classrealm < plexus.core
[DEBUG]   Imported: org.apache.maven.cli < plexus.core
[DEBUG]   Imported: org.apache.maven.configuration < plexus.core
[DEBUG]   Imported: org.apache.maven.exception < plexus.core
[DEBUG]   Imported: org.apache.maven.execution < plexus.core
[DEBUG]   Imported: org.apache.maven.execution.scope < plexus.core
[DEBUG]   Imported: org.apache.maven.graph < plexus.core
[DEBUG]   Imported: org.apache.maven.lifecycle < plexus.core
[DEBUG]   Imported: org.apache.maven.model < plexus.core
[DEBUG]   Imported: org.apache.maven.monitor < plexus.core
[DEBUG]   Imported: org.apache.maven.plugin < plexus.core
[DEBUG]   Imported: org.apache.maven.profiles < plexus.core
[DEBUG]   Imported: org.apache.maven.project < plexus.core
[DEBUG]   Imported: org.apache.maven.reporting < plexus.core
[DEBUG]   Imported: org.apache.maven.repository < plexus.core
[DEBUG]   Imported: org.apache.maven.rtinfo < plexus.core
[DEBUG]   Imported: org.apache.maven.settings < plexus.core
[DEBUG]   Imported: org.apache.maven.toolchain < plexus.core
[DEBUG]   Imported: org.apache.maven.usability < plexus.core
[DEBUG]   Imported: org.apache.maven.wagon.* < plexus.core
[DEBUG]   Imported: org.apache.maven.wagon.authentication < plexus.core
[DEBUG]   Imported: org.apache.maven.wagon.authorization < plexus.core
[DEBUG]   Imported: org.apache.maven.wagon.events < plexus.core
[DEBUG]   Imported: org.apache.maven.wagon.observers < plexus.core
[DEBUG]   Imported: org.apache.maven.wagon.proxy < plexus.core
[DEBUG]   Imported: org.apache.maven.wagon.repository < plexus.core
[DEBUG]   Imported: org.apache.maven.wagon.resource < plexus.core
[DEBUG]   Imported: org.codehaus.classworlds < plexus.core
[DEBUG]   Imported: org.codehaus.plexus.* < plexus.core
[DEBUG]   Imported: org.codehaus.plexus.classworlds < plexus.core
[DEBUG]   Imported: org.codehaus.plexus.component < plexus.core
[DEBUG]   Imported: org.codehaus.plexus.configuration < plexus.core
[DEBUG]   Imported: org.codehaus.plexus.container < plexus.core
[DEBUG]   Imported: org.codehaus.plexus.context < plexus.core
[DEBUG]   Imported: org.codehaus.plexus.lifecycle < plexus.core
[DEBUG]   Imported: org.codehaus.plexus.logging < plexus.core
[DEBUG]   Imported: org.codehaus.plexus.personality < plexus.core
[DEBUG]   Imported: org.codehaus.plexus.util.xml.Xpp3Dom < plexus.core
[DEBUG]   Imported: org.codehaus.plexus.util.xml.pull.XmlPullParser < plexus.core
[DEBUG]   Imported: org.codehaus.plexus.util.xml.pull.XmlPullParserException < plexus.core
[DEBUG]   Imported: org.codehaus.plexus.util.xml.pull.XmlSerializer < plexus.core
[DEBUG]   Imported: org.eclipse.aether.* < plexus.core
[DEBUG]   Imported: org.eclipse.aether.artifact < plexus.core
[DEBUG]   Imported: org.eclipse.aether.collection < plexus.core
[DEBUG]   Imported: org.eclipse.aether.deployment < plexus.core
[DEBUG]   Imported: org.eclipse.aether.graph < plexus.core
[DEBUG]   Imported: org.eclipse.aether.impl < plexus.core
[DEBUG]   Imported: org.eclipse.aether.installation < plexus.core
[DEBUG]   Imported: org.eclipse.aether.internal.impl < plexus.core
[DEBUG]   Imported: org.eclipse.aether.metadata < plexus.core
[DEBUG]   Imported: org.eclipse.aether.repository < plexus.core
[DEBUG]   Imported: org.eclipse.aether.resolution < plexus.core
[DEBUG]   Imported: org.eclipse.aether.spi < plexus.core
[DEBUG]   Imported: org.eclipse.aether.transfer < plexus.core
[DEBUG]   Imported: org.eclipse.aether.util < plexus.core
[DEBUG]   Imported: org.eclipse.aether.version < plexus.core
[DEBUG]   Imported: org.fusesource.jansi.* < plexus.core
[DEBUG]   Imported: org.slf4j.* < plexus.core
[DEBUG]   Imported: org.slf4j.event.* < plexus.core
[DEBUG]   Imported: org.slf4j.helpers.* < plexus.core
[DEBUG]   Imported: org.slf4j.spi.* < plexus.core
[DEBUG] Populating class realm maven.api
[DEBUG] Created adapter factory; available factories [file-lock, rwlock-local, semaphore-local, noop]; available name mappers [discriminating, file-gav, file-hgav, file-static, gav, static]
[INFO] Error stacktraces are turned on.
[DEBUG] Message scheme: color
[DEBUG] Message styles: debug info warning error success failure strong mojo project
[DEBUG] Reading global settings from C:\Program Files\apache-maven-3.9.11\conf\settings.xml
[DEBUG] Reading user settings from C:\Users\manis\.m2\settings.xml
[DEBUG] Reading global toolchains from C:\Program Files\apache-maven-3.9.11\conf\toolchains.xml
[DEBUG] Reading user toolchains from C:\Users\manis\.m2\toolchains.xml
[DEBUG] Using local repository at C:\Users\manis\.m2\repository
[DEBUG] Using manager EnhancedLocalRepositoryManager with priority 10.0 for C:\Users\manis\.m2\repository
[INFO] Scanning for projects...
[DEBUG] Creating adapter using nameMapper 'gav' and factory 'rwlock-local'
[DEBUG] Extension realms for project com.lemonacademy:ecommerce:jar:0.0.1-SNAPSHOT: (none)
[DEBUG] Looking up lifecycle mappings for packaging jar from ClassRealm[plexus.core, parent: null]
[DEBUG] Extension realms for project org.springframework.boot:spring-boot-starter-parent:pom:3.3.0: (none)
[DEBUG] Looking up lifecycle mappings for packaging pom from ClassRealm[plexus.core, parent: null]
[DEBUG] Extension realms for project org.springframework.boot:spring-boot-dependencies:pom:3.3.0: (none)
[DEBUG] Looking up lifecycle mappings for packaging pom from ClassRealm[plexus.core, parent: null]
[DEBUG] === REACTOR BUILD PLAN ================================================
[DEBUG] Project: com.lemonacademy:ecommerce:jar:0.0.1-SNAPSHOT
[DEBUG] Tasks:   [clean, compile]
[DEBUG] Style:   Regular
[DEBUG] =======================================================================
[INFO] 
[INFO] ---------------------< com.lemonacademy:ecommerce >---------------------
[INFO] Building ecommerce 0.0.1-SNAPSHOT
[INFO]   from pom.xml
[INFO] --------------------------------[ jar ]---------------------------------
[DEBUG] Lifecycle clean -> [pre-clean, clean, post-clean]
[DEBUG] Lifecycle default -> [validate, initialize, generate-sources, process-sources, generate-resources, process-resources, compile, process-classes, generate-test-sources, process-test-sources, generate-test-resources, process-test-resources, test-compile, process-test-classes, test, prepare-package, package, pre-integration-test, integration-test, post-integration-test, verify, install, deploy]
[DEBUG] Lifecycle site -> [pre-site, site, post-site, site-deploy]
[DEBUG] Lifecycle clean -> [pre-clean, clean, post-clean]
[DEBUG] Lifecycle default -> [validate, initialize, generate-sources, process-sources, generate-resources, process-resources, compile, process-classes, generate-test-sources, process-test-sources, generate-test-resources, process-test-resources, test-compile, process-test-classes, test, prepare-package, package, pre-integration-test, integration-test, post-integration-test, verify, install, deploy]
[DEBUG] Lifecycle site -> [pre-site, site, post-site, site-deploy]
[DEBUG] Lifecycle clean -> [pre-clean, clean, post-clean]
[DEBUG] Lifecycle default -> [validate, initialize, generate-sources, process-sources, generate-resources, process-resources, compile, process-classes, generate-test-sources, process-test-sources, generate-test-resources, process-test-resources, test-compile, process-test-classes, test, prepare-package, package, pre-integration-test, integration-test, post-integration-test, verify, install, deploy]
[DEBUG] Lifecycle site -> [pre-site, site, post-site, site-deploy]
[DEBUG] Lifecycle clean -> [pre-clean, clean, post-clean]
[DEBUG] Lifecycle default -> [validate, initialize, generate-sources, process-sources, generate-resources, process-resources, compile, process-classes, generate-test-sources, process-test-sources, generate-test-resources, process-test-resources, test-compile, process-test-classes, test, prepare-package, package, pre-integration-test, integration-test, post-integration-test, verify, install, deploy]
[DEBUG] Lifecycle site -> [pre-site, site, post-site, site-deploy]
[DEBUG] Lifecycle clean -> [pre-clean, clean, post-clean]
[DEBUG] Lifecycle default -> [validate, initialize, generate-sources, process-sources, generate-resources, process-resources, compile, process-classes, generate-test-sources, process-test-sources, generate-test-resources, process-test-resources, test-compile, process-test-classes, test, prepare-package, package, pre-integration-test, integration-test, post-integration-test, verify, install, deploy]
[DEBUG] Lifecycle site -> [pre-site, site, post-site, site-deploy]
[DEBUG] === PROJECT BUILD PLAN ================================================
[DEBUG] Project:       com.lemonacademy:ecommerce:0.0.1-SNAPSHOT
[DEBUG] Dependencies (collect): []
[DEBUG] Dependencies (resolve): [compile]
[DEBUG] Repositories (dependencies): [central (https://repo.maven.apache.org/maven2, default, releases)]
[DEBUG] Repositories (plugins)     : [central (https://repo.maven.apache.org/maven2, default, releases)]
[DEBUG] -----------------------------------------------------------------------
[DEBUG] Goal:          org.apache.maven.plugins:maven-clean-plugin:3.3.2:clean (default-clean)
[DEBUG] Style:         Regular
[DEBUG] Configuration: <?xml version="1.0" encoding="UTF-8"?>
<configuration>
  <directory default-value="${project.build.directory}"/>
  <excludeDefaultDirectories default-value="false">${maven.clean.excludeDefaultDirectories}</excludeDefaultDirectories>
  <failOnError default-value="true">${maven.clean.failOnError}</failOnError>
  <fast default-value="false">${maven.clean.fast}</fast>
  <fastDir>${maven.clean.fastDir}</fastDir>
  <fastMode default-value="background">${maven.clean.fastMode}</fastMode>
  <followSymLinks default-value="false">${maven.clean.followSymLinks}</followSymLinks>
  <outputDirectory default-value="${project.build.outputDirectory}"/>
  <reportDirectory default-value="${project.build.outputDirectory}"/>
  <retryOnError default-value="true">${maven.clean.retryOnError}</retryOnError>
  <session default-value="${session}"/>
  <skip default-value="false">${maven.clean.skip}</skip>
  <testOutputDirectory default-value="${project.build.testOutputDirectory}"/>
  <verbose>${maven.clean.verbose}</verbose>
</configuration>
[DEBUG] -----------------------------------------------------------------------
[DEBUG] Goal:          org.apache.maven.plugins:maven-resources-plugin:3.3.1:resources (default-resources)
[DEBUG] Style:         Regular
[DEBUG] Configuration: <?xml version="1.0" encoding="UTF-8"?>
<configuration>
  <addDefaultExcludes default-value="true"/>
  <buildFilters default-value="${project.build.filters}"/>
  <delimiters>
    <delimiter>@</delimiter>
  </delimiters>
  <encoding default-value="${project.build.sourceEncoding}"/>
  <escapeWindowsPaths default-value="true"/>
  <fileNameFiltering default-value="false"/>
  <includeEmptyDirs default-value="false"/>
  <outputDirectory default-value="${project.build.outputDirectory}"/>
  <overwrite default-value="false"/>
  <project default-value="${project}"/>
  <propertiesEncoding>UTF-8</propertiesEncoding>
  <resources default-value="${project.resources}"/>
  <session default-value="${session}"/>
  <skip default-value="false">${maven.resources.skip}</skip>
  <supportMultiLineFiltering default-value="false"/>
  <useBuildFilters default-value="true"/>
  <useDefaultDelimiters default-value="true">false</useDefaultDelimiters>
</configuration>
[DEBUG] -----------------------------------------------------------------------
[DEBUG] Goal:          org.apache.maven.plugins:maven-compiler-plugin:3.13.0:compile (default-compile)
[DEBUG] Style:         Regular
[DEBUG] Configuration: <?xml version="1.0" encoding="UTF-8"?>
<configuration>
  <annotationProcessorPathsUseDepMgmt default-value="false"/>
  <basedir default-value="${basedir}"/>
  <buildDirectory default-value="${project.build.directory}"/>
  <compilePath default-value="${project.compileClasspathElements}"/>
  <compileSourceRoots default-value="${project.compileSourceRoots}"/>
  <compilerId default-value="javac">${maven.compiler.compilerId}</compilerId>
  <compilerReuseStrategy default-value="${reuseCreated}">${maven.compiler.compilerReuseStrategy}</compilerReuseStrategy>
  <compilerVersion>${maven.compiler.compilerVersion}</compilerVersion>
  <createMissingPackageInfoClass default-value="true">${maven.compiler.createMissingPackageInfoClass}</createMissingPackageInfoClass>
  <debug default-value="true">${maven.compiler.debug}</debug>
  <debugFileName default-value="javac"/>
  <debuglevel>${maven.compiler.debuglevel}</debuglevel>
  <enablePreview default-value="false">${maven.compiler.enablePreview}</enablePreview>
  <encoding default-value="${project.build.sourceEncoding}">${encoding}</encoding>
  <executable>${maven.compiler.executable}</executable>
  <failOnError default-value="true">${maven.compiler.failOnError}</failOnError>
  <failOnWarning default-value="false">${maven.compiler.failOnWarning}</failOnWarning>
  <fileExtensions default-value="class,jar"/>
  <forceJavacCompilerUse default-value="false">${maven.compiler.forceJavacCompilerUse}</forceJavacCompilerUse>
  <forceLegacyJavacApi default-value="false">${maven.compiler.forceLegacyJavacApi}</forceLegacyJavacApi>
  <fork default-value="false">${maven.compiler.fork}</fork>
  <generatedSourcesDirectory default-value="${project.build.directory}/generated-sources/annotations"/>
  <implicit>${maven.compiler.implicit}</implicit>
  <maxmem>${maven.compiler.maxmem}</maxmem>
  <meminitial>${maven.compiler.meminitial}</meminitial>
  <mojoExecution default-value="${mojoExecution}"/>
  <optimize default-value="false">${maven.compiler.optimize}</optimize>
  <outputDirectory default-value="${project.build.outputDirectory}">${maven.compiler.outputDirectory}</outputDirectory>
  <outputTimestamp default-value="${project.build.outputTimestamp}"/>
  <parameters default-value="false">true</parameters>
  <proc>${maven.compiler.proc}</proc>
  <project default-value="${project}"/>
  <projectArtifact default-value="${project.artifact}"/>
  <release>${maven.compiler.release}</release>
  <session default-value="${session}"/>
  <showCompilationChanges default-value="false">${maven.compiler.showCompilationChanges}</showCompilationChanges>
  <showDeprecation default-value="false">${maven.compiler.showDeprecation}</showDeprecation>
  <showWarnings default-value="true">${maven.compiler.showWarnings}</showWarnings>
  <skipMain>${maven.main.skip}</skipMain>
  <skipMultiThreadWarning default-value="false">${maven.compiler.skipMultiThreadWarning}</skipMultiThreadWarning>
  <source default-value="1.8">${maven.compiler.source}</source>
  <staleMillis default-value="0">${lastModGranularityMs}</staleMillis>
  <target default-value="1.8">${maven.compiler.target}</target>
  <useIncrementalCompilation default-value="true">${maven.compiler.useIncrementalCompilation}</useIncrementalCompilation>
  <verbose default-value="false">${maven.compiler.verbose}</verbose>
</configuration>
[DEBUG] =======================================================================
[DEBUG] Using mirror maven-default-http-blocker (http://0.0.0.0/) for vaadin-snapshots (http://oss.sonatype.org/content/repositories/vaadin-snapshots/).
[DEBUG] Using mirror maven-default-http-blocker (http://0.0.0.0/) for vaadin-releases (http://oss.sonatype.org/content/repositories/vaadin-releases/).
[DEBUG] Using mirror maven-default-http-blocker (http://0.0.0.0/) for apache.snapshots (http://repository.apache.org/snapshots).
[DEBUG] Dependency collection stats {ConflictMarker.analyzeTime=1407300, ConflictMarker.markTime=315599, ConflictMarker.nodeCount=350, ConflictIdSorter.graphTime=870801, ConflictIdSorter.topsortTime=736299, ConflictIdSorter.conflictIdCount=143, ConflictIdSorter.conflictIdCycleCount=0, ConflictResolver.totalTime=12747900, ConflictResolver.conflictItemCount=310, DfDependencyCollector.collectTime=738091500, DfDependencyCollector.transformTime=17376700}
[DEBUG] com.lemonacademy:ecommerce:jar:0.0.1-SNAPSHOT
[DEBUG]    org.springframework.boot:spring-boot-starter-web:jar:3.3.0:compile
[DEBUG]       org.springframework.boot:spring-boot-starter:jar:3.3.0:compile (version managed from 3.3.0)
[DEBUG]          org.springframework.boot:spring-boot:jar:3.3.0:compile (version managed from 3.3.0)
[DEBUG]          org.springframework.boot:spring-boot-autoconfigure:jar:3.3.0:compile (version managed from 3.3.0)
[DEBUG]          org.springframework.boot:spring-boot-starter-logging:jar:3.3.0:compile (version managed from 3.3.0)
[DEBUG]             ch.qos.logback:logback-classic:jar:1.5.6:compile (version managed from 1.5.6)
[DEBUG]                ch.qos.logback:logback-core:jar:1.5.6:compile (version managed from 1.5.6)
[DEBUG]             org.apache.logging.log4j:log4j-to-slf4j:jar:2.23.1:compile (version managed from 2.23.1)
[DEBUG]                org.apache.logging.log4j:log4j-api:jar:2.23.1:compile (version managed from 2.23.1)
[DEBUG]             org.slf4j:jul-to-slf4j:jar:2.0.13:compile (version managed from 2.0.13)
[DEBUG]          jakarta.annotation:jakarta.annotation-api:jar:2.1.1:compile (version managed from 2.1.1)
[DEBUG]          org.yaml:snakeyaml:jar:2.2:compile (version managed from 2.2)
[DEBUG]       org.springframework.boot:spring-boot-starter-json:jar:3.3.0:compile (version managed from 3.3.0)
[DEBUG]          com.fasterxml.jackson.datatype:jackson-datatype-jdk8:jar:2.17.1:compile (version managed from 2.17.1)
[DEBUG]          com.fasterxml.jackson.datatype:jackson-datatype-jsr310:jar:2.17.1:compile (version managed from 2.17.1)
[DEBUG]          com.fasterxml.jackson.module:jackson-module-parameter-names:jar:2.17.1:compile (version managed from 2.17.1)
[DEBUG]       org.springframework.boot:spring-boot-starter-tomcat:jar:3.3.0:compile (version managed from 3.3.0)
[DEBUG]          org.apache.tomcat.embed:tomcat-embed-core:jar:10.1.24:compile (version managed from 10.1.24)
[DEBUG]          org.apache.tomcat.embed:tomcat-embed-websocket:jar:10.1.24:compile (version managed from 10.1.24)
[DEBUG]       org.springframework:spring-web:jar:6.1.8:compile (version managed from 6.1.8)
[DEBUG]          org.springframework:spring-beans:jar:6.1.8:compile (version managed from 6.1.8)
[DEBUG]          io.micrometer:micrometer-observation:jar:1.13.0:compile (version managed from 1.12.6)
[DEBUG]             io.micrometer:micrometer-commons:jar:1.13.0:compile (version managed from 1.13.0)
[DEBUG]       org.springframework:spring-webmvc:jar:6.1.8:compile (version managed from 6.1.8)
[DEBUG]          org.springframework:spring-context:jar:6.1.8:compile (version managed from 6.1.8)
[DEBUG]          org.springframework:spring-expression:jar:6.1.8:compile (version managed from 6.1.8)
[DEBUG]    org.springframework.boot:spring-boot-starter-security:jar:3.3.0:compile
[DEBUG]       org.springframework:spring-aop:jar:6.1.8:compile (version managed from 6.1.8)
[DEBUG]       org.springframework.security:spring-security-config:jar:6.3.0:compile (version managed from 6.3.0)
[DEBUG]       org.springframework.security:spring-security-web:jar:6.3.0:compile (version managed from 6.3.0)
[DEBUG]    org.springframework.boot:spring-boot-starter-data-jpa:jar:3.3.0:compile
[DEBUG]       org.springframework.boot:spring-boot-starter-aop:jar:3.3.0:compile (version managed from 3.3.0)
[DEBUG]          org.aspectj:aspectjweaver:jar:1.9.22:compile (version managed from 1.9.22)
[DEBUG]       org.springframework.boot:spring-boot-starter-jdbc:jar:3.3.0:compile (version managed from 3.3.0)
[DEBUG]          com.zaxxer:HikariCP:jar:5.1.0:compile (version managed from 5.1.0)
[DEBUG]          org.springframework:spring-jdbc:jar:6.1.8:compile (version managed from 6.1.8)
[DEBUG]       org.hibernate.orm:hibernate-core:jar:6.5.2.Final:compile (version managed from 6.5.2.Final)
[DEBUG]          jakarta.persistence:jakarta.persistence-api:jar:3.1.0:compile (version managed from 3.1.0)
[DEBUG]          jakarta.transaction:jakarta.transaction-api:jar:2.0.1:compile (version managed from 2.0.1)
[DEBUG]          org.jboss.logging:jboss-logging:jar:3.5.3.Final:compile (version managed from 3.5.0.Final)
[DEBUG]          org.hibernate.common:hibernate-commons-annotations:jar:6.0.6.Final:runtime
[DEBUG]          io.smallrye:jandex:jar:3.1.2:runtime
[DEBUG]          com.fasterxml:classmate:jar:1.7.0:compile (version managed from 1.5.1)
[DEBUG]          net.bytebuddy:byte-buddy:jar:1.14.16:runtime (version managed from 1.14.15)
[DEBUG]          org.glassfish.jaxb:jaxb-runtime:jar:4.0.5:runtime (version managed from 4.0.2)
[DEBUG]             org.glassfish.jaxb:jaxb-core:jar:4.0.5:runtime (version managed from 4.0.5)
[DEBUG]                org.eclipse.angus:angus-activation:jar:2.0.2:runtime (version managed from 2.0.2)
[DEBUG]                org.glassfish.jaxb:txw2:jar:4.0.5:runtime (version managed from 4.0.5)
[DEBUG]                com.sun.istack:istack-commons-runtime:jar:4.1.2:runtime (version managed from 4.1.2)
[DEBUG]          jakarta.inject:jakarta.inject-api:jar:2.0.1:runtime (version managed from 2.0.1)
[DEBUG]          org.antlr:antlr4-runtime:jar:4.13.0:compile
[DEBUG]       org.springframework.data:spring-data-jpa:jar:3.3.0:compile (version managed from 3.3.0)
[DEBUG]          org.springframework.data:spring-data-commons:jar:3.3.0:compile (version managed from 3.3.0)
[DEBUG]          org.springframework:spring-orm:jar:6.1.8:compile (version managed from 6.1.7)
[DEBUG]          org.springframework:spring-tx:jar:6.1.8:compile (version managed from 6.1.7)
[DEBUG]          org.slf4j:slf4j-api:jar:2.0.13:compile (version managed from 2.0.2)
[DEBUG]       org.springframework:spring-aspects:jar:6.1.8:compile (version managed from 6.1.8)
[DEBUG]    org.springframework.boot:spring-boot-starter-validation:jar:3.3.0:compile
[DEBUG]       org.apache.tomcat.embed:tomcat-embed-el:jar:10.1.24:compile (version managed from 10.1.24)
[DEBUG]       org.hibernate.validator:hibernate-validator:jar:8.0.1.Final:compile (version managed from 8.0.1.Final)
[DEBUG]          jakarta.validation:jakarta.validation-api:jar:3.0.2:compile (version managed from 3.0.2)
[DEBUG]    org.springframework.boot:spring-boot-starter-data-redis:jar:3.3.0:compile
[DEBUG]       io.lettuce:lettuce-core:jar:6.3.2.RELEASE:compile (version managed from 6.3.2.RELEASE)
[DEBUG]          io.netty:netty-common:jar:4.1.110.Final:compile (version managed from 4.1.107.Final)
[DEBUG]          io.netty:netty-handler:jar:4.1.110.Final:compile (version managed from 4.1.107.Final)
[DEBUG]             io.netty:netty-resolver:jar:4.1.110.Final:compile (version managed from 4.1.110.Final)
[DEBUG]             io.netty:netty-buffer:jar:4.1.110.Final:compile (version managed from 4.1.110.Final)
[DEBUG]             io.netty:netty-transport-native-unix-common:jar:4.1.110.Final:compile (version managed from 4.1.110.Final)
[DEBUG]             io.netty:netty-codec:jar:4.1.110.Final:compile (version managed from 4.1.110.Final)
[DEBUG]          io.netty:netty-transport:jar:4.1.110.Final:compile (version managed from 4.1.107.Final)
[DEBUG]          io.projectreactor:reactor-core:jar:3.6.6:compile (version managed from 3.6.4)
[DEBUG]             org.reactivestreams:reactive-streams:jar:1.0.4:compile (version managed from 1.0.4)
[DEBUG]       org.springframework.data:spring-data-redis:jar:3.3.0:compile (version managed from 3.3.0)
[DEBUG]          org.springframework.data:spring-data-keyvalue:jar:3.3.0:compile (version managed from 3.3.0)
[DEBUG]          org.springframework:spring-oxm:jar:6.1.8:compile (version managed from 6.1.7)
[DEBUG]          org.springframework:spring-context-support:jar:6.1.8:compile (version managed from 6.1.7)
[DEBUG]    org.postgresql:postgresql:jar:42.7.3:runtime
[DEBUG]       org.checkerframework:checker-qual:jar:3.42.0:runtime
[DEBUG]    org.projectlombok:lombok:jar:1.18.32:compile (optional)
[DEBUG]    io.jsonwebtoken:jjwt-api:jar:0.12.5:compile
[DEBUG]    io.jsonwebtoken:jjwt-impl:jar:0.12.5:runtime
[DEBUG]    io.jsonwebtoken:jjwt-jackson:jar:0.12.5:runtime
[DEBUG]       com.fasterxml.jackson.core:jackson-databind:jar:2.17.1:compile (version managed from 2.12.7.1)
[DEBUG]          com.fasterxml.jackson.core:jackson-annotations:jar:2.17.1:compile (version managed from 2.17.1)
[DEBUG]          com.fasterxml.jackson.core:jackson-core:jar:2.17.1:compile (version managed from 2.17.1)
[DEBUG]    org.springframework.boot:spring-boot-starter-test:jar:3.3.0:test
[DEBUG]       org.springframework.boot:spring-boot-test:jar:3.3.0:test (version managed from 3.3.0)
[DEBUG]       org.springframework.boot:spring-boot-test-autoconfigure:jar:3.3.0:test (version managed from 3.3.0)
[DEBUG]       com.jayway.jsonpath:json-path:jar:2.9.0:test (version managed from 2.9.0)
[DEBUG]       jakarta.xml.bind:jakarta.xml.bind-api:jar:4.0.2:compile (version managed from 4.0.2)
[DEBUG]          jakarta.activation:jakarta.activation-api:jar:2.1.3:compile (version managed from 2.1.3)
[DEBUG]       net.minidev:json-smart:jar:2.5.1:compile (version managed from 2.5.1)
[DEBUG]          net.minidev:accessors-smart:jar:2.5.1:compile
[DEBUG]             org.ow2.asm:asm:jar:9.6:compile
[DEBUG]       org.assertj:assertj-core:jar:3.25.3:test (version managed from 3.25.3)
[DEBUG]       org.awaitility:awaitility:jar:4.2.1:test (version managed from 4.2.1)
[DEBUG]       org.hamcrest:hamcrest:jar:2.2:test (version managed from 2.2)
[DEBUG]       org.junit.jupiter:junit-jupiter:jar:5.10.2:test (version managed from 5.10.2)
[DEBUG]          org.junit.jupiter:junit-jupiter-api:jar:5.10.2:test (version managed from 5.10.2)
[DEBUG]             org.opentest4j:opentest4j:jar:1.3.0:test
[DEBUG]             org.junit.platform:junit-platform-commons:jar:1.10.2:test (version managed from 1.10.2)
[DEBUG]             org.apiguardian:apiguardian-api:jar:1.1.2:test
[DEBUG]          org.junit.jupiter:junit-jupiter-params:jar:5.10.2:test (version managed from 5.10.2)
[DEBUG]          org.junit.jupiter:junit-jupiter-engine:jar:5.10.2:test (version managed from 5.10.2)
[DEBUG]             org.junit.platform:junit-platform-engine:jar:1.10.2:test (version managed from 1.10.2)
[DEBUG]       org.mockito:mockito-core:jar:5.11.0:test (version managed from 5.11.0)
[DEBUG]          net.bytebuddy:byte-buddy-agent:jar:1.14.16:test (version managed from 1.14.12)
[DEBUG]          org.objenesis:objenesis:jar:3.3:test
[DEBUG]       org.mockito:mockito-junit-jupiter:jar:5.11.0:test (version managed from 5.11.0)
[DEBUG]       org.skyscreamer:jsonassert:jar:1.5.1:test (version managed from 1.5.1)
[DEBUG]          com.vaadin.external.google:android-json:jar:0.0.20131108.vaadin1:test
[DEBUG]       org.springframework:spring-core:jar:6.1.8:compile (version managed from 6.1.8)
[DEBUG]          org.springframework:spring-jcl:jar:6.1.8:compile (version managed from 6.1.8)
[DEBUG]       org.springframework:spring-test:jar:6.1.8:test (version managed from 6.1.8)
[DEBUG]       org.xmlunit:xmlunit-core:jar:2.9.1:test (version managed from 2.9.1)
[DEBUG]    org.springframework.security:spring-security-test:jar:6.3.0:test
[DEBUG]       org.springframework.security:spring-security-core:jar:6.3.0:compile (version managed from 6.3.0)
[DEBUG]          org.springframework.security:spring-security-crypto:jar:6.3.0:compile (version managed from 6.3.0)
[DEBUG]    org.springframework.boot:spring-boot-starter-oauth2-client:jar:3.3.0:compile
[DEBUG]       org.springframework.security:spring-security-oauth2-client:jar:6.3.0:compile (version managed from 6.3.0)
[DEBUG]          org.springframework.security:spring-security-oauth2-core:jar:6.3.0:compile (version managed from 6.3.0)
[DEBUG]          com.nimbusds:oauth2-oidc-sdk:jar:9.43.4:compile
[DEBUG]             com.github.stephenc.jcip:jcip-annotations:jar:1.0-1:compile
[DEBUG]             com.nimbusds:content-type:jar:2.2:compile
[DEBUG]             com.nimbusds:lang-tag:jar:1.7:compile
[DEBUG]       org.springframework.security:spring-security-oauth2-jose:jar:6.3.0:compile (version managed from 6.3.0)
[DEBUG]          com.nimbusds:nimbus-jose-jwt:jar:9.37.3:compile
[DEBUG]    com.cloudinary:cloudinary-http44:jar:1.36.0:compile
[DEBUG]       com.cloudinary:cloudinary-core:jar:1.36.0:compile
[DEBUG]       org.apache.commons:commons-lang3:jar:3.14.0:compile (version managed from 3.1)
[DEBUG]       org.apache.httpcomponents:httpclient:jar:4.4:compile
[DEBUG]          org.apache.httpcomponents:httpcore:jar:4.4.16:compile (version managed from 4.4)
[DEBUG]          commons-logging:commons-logging:jar:1.2:compile
[DEBUG]          commons-codec:commons-codec:jar:1.16.1:compile (version managed from 1.9)
[DEBUG]       org.apache.httpcomponents:httpmime:jar:4.4:compile
[DEBUG]    org.springdoc:springdoc-openapi-starter-webmvc-ui:jar:2.5.0:compile
[DEBUG]       org.springdoc:springdoc-openapi-starter-webmvc-api:jar:2.5.0:compile
[DEBUG]          org.springdoc:springdoc-openapi-starter-common:jar:2.5.0:compile
[DEBUG]             io.swagger.core.v3:swagger-core-jakarta:jar:2.2.21:compile
[DEBUG]                io.swagger.core.v3:swagger-annotations-jakarta:jar:2.2.21:compile
[DEBUG]                io.swagger.core.v3:swagger-models-jakarta:jar:2.2.21:compile
[DEBUG]                com.fasterxml.jackson.dataformat:jackson-dataformat-yaml:jar:2.17.1:compile (version managed from 2.16.2)
[DEBUG]       org.webjars:swagger-ui:jar:5.13.0:compile
[INFO] 
[INFO] --- clean:3.3.2:clean (default-clean) @ ecommerce ---
[DEBUG] Dependency collection stats {ConflictMarker.analyzeTime=114500, ConflictMarker.markTime=31099, ConflictMarker.nodeCount=2, ConflictIdSorter.graphTime=64199, ConflictIdSorter.topsortTime=11200, ConflictIdSorter.conflictIdCount=2, ConflictIdSorter.conflictIdCycleCount=0, ConflictResolver.totalTime=181300, ConflictResolver.conflictItemCount=2, DfDependencyCollector.collectTime=7359401, DfDependencyCollector.transformTime=423699}
[DEBUG] org.apache.maven.plugins:maven-clean-plugin:jar:3.3.2
[DEBUG]    org.codehaus.plexus:plexus-utils:jar:4.0.0:compile
[DEBUG] Created new class realm plugin>org.apache.maven.plugins:maven-clean-plugin:3.3.2
[DEBUG] Importing foreign packages into class realm plugin>org.apache.maven.plugins:maven-clean-plugin:3.3.2
[DEBUG]   Imported:  < maven.api
[DEBUG] Populating class realm plugin>org.apache.maven.plugins:maven-clean-plugin:3.3.2
[DEBUG]   Included: org.apache.maven.plugins:maven-clean-plugin:jar:3.3.2
[DEBUG]   Included: org.codehaus.plexus:plexus-utils:jar:4.0.0
[DEBUG] Loading mojo org.apache.maven.plugins:maven-clean-plugin:3.3.2:clean from plugin realm ClassRealm[plugin>org.apache.maven.plugins:maven-clean-plugin:3.3.2, parent: jdk.internal.loader.ClassLoaders$AppClassLoader@70dea4e]
[DEBUG] Configuring mojo execution 'org.apache.maven.plugins:maven-clean-plugin:3.3.2:clean:default-clean' with basic configurator -->
[DEBUG]   (f) directory = C:\Users\manis\OneDrive\Desktop\LemonAcademy\E-Commerce\backend\target
[DEBUG]   (f) excludeDefaultDirectories = false
[DEBUG]   (f) failOnError = true
[DEBUG]   (f) fast = false
[DEBUG]   (f) fastMode = background
[DEBUG]   (f) followSymLinks = false
[DEBUG]   (f) outputDirectory = C:\Users\manis\OneDrive\Desktop\LemonAcademy\E-Commerce\backend\target\classes
[DEBUG]   (f) reportDirectory = C:\Users\manis\OneDrive\Desktop\LemonAcademy\E-Commerce\backend\target\classes
[DEBUG]   (f) retryOnError = true
[DEBUG]   (f) session = org.apache.maven.execution.MavenSession@7bab5898
[DEBUG]   (f) skip = false
[DEBUG]   (f) testOutputDirectory = C:\Users\manis\OneDrive\Desktop\LemonAcademy\E-Commerce\backend\target\test-classes
[DEBUG] -- end configuration --
[INFO] Deleting C:\Users\manis\OneDrive\Desktop\LemonAcademy\E-Commerce\backend\target
[INFO] Deleting file C:\Users\manis\OneDrive\Desktop\LemonAcademy\E-Commerce\backend\target\maven-status\maven-compiler-plugin\compile\default-compile\inputFiles.lst
[INFO] Deleting file C:\Users\manis\OneDrive\Desktop\LemonAcademy\E-Commerce\backend\target\maven-status\maven-compiler-plugin\compile\default-compile\createdFiles.lst
[INFO] Deleting directory C:\Users\manis\OneDrive\Desktop\LemonAcademy\E-Commerce\backend\target\maven-status\maven-compiler-plugin\compile\default-compile
[INFO] Deleting directory C:\Users\manis\OneDrive\Desktop\LemonAcademy\E-Commerce\backend\target\maven-status\maven-compiler-plugin\compile
[INFO] Deleting directory C:\Users\manis\OneDrive\Desktop\LemonAcademy\E-Commerce\backend\target\maven-status\maven-compiler-plugin
[INFO] Deleting directory C:\Users\manis\OneDrive\Desktop\LemonAcademy\E-Commerce\backend\target\maven-status
[INFO] Deleting directory C:\Users\manis\OneDrive\Desktop\LemonAcademy\E-Commerce\backend\target\generated-sources\annotations
[INFO] Deleting directory C:\Users\manis\OneDrive\Desktop\LemonAcademy\E-Commerce\backend\target\generated-sources
[INFO] Deleting file C:\Users\manis\OneDrive\Desktop\LemonAcademy\E-Commerce\backend\target\classes\db\migration\V2__add_shipping_fields.sql
[INFO] Deleting directory C:\Users\manis\OneDrive\Desktop\LemonAcademy\E-Commerce\backend\target\classes\db\migration
[INFO] Deleting directory C:\Users\manis\OneDrive\Desktop\LemonAcademy\E-Commerce\backend\target\classes\db
[INFO] Deleting file C:\Users\manis\OneDrive\Desktop\LemonAcademy\E-Commerce\backend\target\classes\application.properties
[INFO] Deleting directory C:\Users\manis\OneDrive\Desktop\LemonAcademy\E-Commerce\backend\target\classes
[INFO] Deleting directory C:\Users\manis\OneDrive\Desktop\LemonAcademy\E-Commerce\backend\target
[DEBUG] Skipping non-existing directory C:\Users\manis\OneDrive\Desktop\LemonAcademy\E-Commerce\backend\target\classes
[DEBUG] Skipping non-existing directory C:\Users\manis\OneDrive\Desktop\LemonAcademy\E-Commerce\backend\target\test-classes
[DEBUG] Skipping non-existing directory C:\Users\manis\OneDrive\Desktop\LemonAcademy\E-Commerce\backend\target\classes
[INFO] 
[INFO] --- resources:3.3.1:resources (default-resources) @ ecommerce ---
[DEBUG] Dependency collection stats {ConflictMarker.analyzeTime=98800, ConflictMarker.markTime=23800, ConflictMarker.nodeCount=13, ConflictIdSorter.graphTime=57700, ConflictIdSorter.topsortTime=16899, ConflictIdSorter.conflictIdCount=9, ConflictIdSorter.conflictIdCycleCount=0, ConflictResolver.totalTime=183300, ConflictResolver.conflictItemCount=13, DfDependencyCollector.collectTime=39579500, DfDependencyCollector.transformTime=407700}
[DEBUG] org.apache.maven.plugins:maven-resources-plugin:jar:3.3.1
[DEBUG]    org.codehaus.plexus:plexus-interpolation:jar:1.26:runtime
[DEBUG]    org.codehaus.plexus:plexus-utils:jar:3.5.1:compile
[DEBUG]    org.apache.maven.shared:maven-filtering:jar:3.3.1:compile
[DEBUG]       javax.inject:javax.inject:jar:1:compile
[DEBUG]       org.slf4j:slf4j-api:jar:1.7.36:compile
[DEBUG]       org.sonatype.plexus:plexus-build-api:jar:0.0.7:compile
[DEBUG]    commons-io:commons-io:jar:2.11.0:compile
[DEBUG]    org.apache.commons:commons-lang3:jar:3.12.0:compile
[DEBUG] Created new class realm plugin>org.apache.maven.plugins:maven-resources-plugin:3.3.1
[DEBUG] Importing foreign packages into class realm plugin>org.apache.maven.plugins:maven-resources-plugin:3.3.1
[DEBUG]   Imported:  < maven.api
[DEBUG] Populating class realm plugin>org.apache.maven.plugins:maven-resources-plugin:3.3.1
[DEBUG]   Included: org.apache.maven.plugins:maven-resources-plugin:jar:3.3.1
[DEBUG]   Included: org.codehaus.plexus:plexus-interpolation:jar:1.26
[DEBUG]   Included: org.codehaus.plexus:plexus-utils:jar:3.5.1
[DEBUG]   Included: org.apache.maven.shared:maven-filtering:jar:3.3.1
[DEBUG]   Included: org.sonatype.plexus:plexus-build-api:jar:0.0.7
[DEBUG]   Included: commons-io:commons-io:jar:2.11.0
[DEBUG]   Included: org.apache.commons:commons-lang3:jar:3.12.0
[DEBUG] Loading mojo org.apache.maven.plugins:maven-resources-plugin:3.3.1:resources from plugin realm ClassRealm[plugin>org.apache.maven.plugins:maven-resources-plugin:3.3.1, parent: jdk.internal.loader.ClassLoaders$AppClassLoader@70dea4e]
[DEBUG] Configuring mojo execution 'org.apache.maven.plugins:maven-resources-plugin:3.3.1:resources:default-resources' with basic configurator -->
[DEBUG]   (f) addDefaultExcludes = true
[DEBUG]   (f) buildFilters = []
[DEBUG]   (s) delimiters = [@]
[DEBUG]   (f) encoding = UTF-8
[DEBUG]   (f) escapeWindowsPaths = true
[DEBUG]   (f) fileNameFiltering = false
[DEBUG]   (s) includeEmptyDirs = false
[DEBUG]   (s) outputDirectory = C:\Users\manis\OneDrive\Desktop\LemonAcademy\E-Commerce\backend\target\classes
[DEBUG]   (s) overwrite = false
[DEBUG]   (f) project = MavenProject: com.lemonacademy:ecommerce:0.0.1-SNAPSHOT @ C:\Users\manis\OneDrive\Desktop\LemonAcademy\E-Commerce\backend\pom.xml
[DEBUG]   (f) propertiesEncoding = UTF-8
[DEBUG]   (s) resources = [Resource {targetPath: null, filtering: true, FileSet {directory: C:\Users\manis\OneDrive\Desktop\LemonAcademy\E-Commerce\backend\src\main\resources, PatternSet [includes: {**/application*.yml, **/application*.yaml, **/application*.properties}, excludes: {}]}}, Resource {targetPath: null, filtering: false, FileSet {directory: C:\Users\manis\OneDrive\Desktop\LemonAcademy\E-Commerce\backend\src\main\resources, PatternSet [includes: {}, excludes: {**/application*.yml, **/application*.yaml, **/application*.properties}]}}]
[DEBUG]   (f) session = org.apache.maven.execution.MavenSession@7bab5898
[DEBUG]   (f) skip = false
[DEBUG]   (f) supportMultiLineFiltering = false
[DEBUG]   (f) useBuildFilters = true
[DEBUG]   (s) useDefaultDelimiters = false
[DEBUG] -- end configuration --
[DEBUG] properties used:
[DEBUG] activemq.version: 6.1.2
[DEBUG] angus-mail.version: 2.0.3
[DEBUG] artemis.version: 2.33.0
[DEBUG] aspectj.version: 1.9.22
[DEBUG] assertj.version: 3.25.3
[DEBUG] awaitility.version: 4.2.1
[DEBUG] brave.version: 6.0.3
[DEBUG] build-helper-maven-plugin.version: 3.5.0
[DEBUG] byte-buddy.version: 1.14.16
[DEBUG] cache2k.version: 2.6.1.Final
[DEBUG] caffeine.version: 3.1.8
[DEBUG] cassandra-driver.version: 4.18.1
[DEBUG] classmate.version: 1.7.0
[DEBUG] classworlds.conf: C:\Program Files\apache-maven-3.9.11\bin\m2.conf
[DEBUG] commons-codec.version: 1.16.1
[DEBUG] commons-dbcp2.version: 2.12.0
[DEBUG] commons-lang3.version: 3.14.0
[DEBUG] commons-pool.version: 1.6
[DEBUG] commons-pool2.version: 2.12.0
[DEBUG] couchbase-client.version: 3.6.2
[DEBUG] crac.version: 1.4.0
[DEBUG] cyclonedx-maven-plugin.version: 2.8.0
[DEBUG] db2-jdbc.version: 11.5.9.0
[DEBUG] dependency-management-plugin.version: 1.1.5
[DEBUG] derby.version: 10.16.1.1
[DEBUG] ehcache3.version: 3.10.8
[DEBUG] elasticsearch-client.version: 8.13.4
[DEBUG] env.=C:: C:\Users\manis\OneDrive\Desktop\LemonAcademy\E-Commerce\backend
[DEBUG] env.=EXITCODE: 00000000
[DEBUG] env.ALLUSERSPROFILE: C:\ProgramData
[DEBUG] env.ANTIGRAVITY_AGENT: 1
[DEBUG] env.ANTIGRAVITY_CSRF_TOKEN: d433773f-e16f-4045-a463-7e8f2a19bca2
[DEBUG] env.ANTIGRAVITY_EDITOR_APP_ROOT: c:\Users\manis\AppData\Local\Programs\Antigravity IDE\resources\app
[DEBUG] env.ANTIGRAVITY_LS_ADDRESS: localhost:64095
[DEBUG] env.ANTIGRAVITY_SOURCE_METADATA: {"tool":{"conversationId":"1860cd56-0340-4161-917f-2d2c7b63ae81","stepIndex":431,"toolCall":{"id":"lghhbt1f","name":"run_command","argumentsJson":"{\"CommandLine\":\"mvn clean compile -X \\u003e compile.log 2\\u003e\\u00261\",\"Cwd\":\"c:\\\\Users\\\\manis\\\\OneDrive\\\\Desktop\\\\LemonAcademy\\\\E-Commerce\\\\backend\",\"WaitMsBeforeAsync\":5000,\"toolAction\":\"Getting full debug compile log\",\"toolSummary\":\"Debug maven compile\"}","thinkingSignature":"EqARCp0RARFNMg+57lT48zEtVNG4PtlOGGnz4noFHZsZVNW5he0vsWiJlULB4VF/KDGJTeMOlNzjcEm6r/nHE9reWkWTkUP5i6I4OhR+/BOF4C05BdrY16DZR9Hi8Q+VCpHs0DQr1KqUA3SZETWPWVZ1xAdDe8KfwmIfH8F1JIbmvmDnyWRuHK6achiuBEJSWnUFMWqPOwRev15KyHvWGoH4hzREKoTqT0B5ipvdBW5SP+jBsw6F8bD85wXzghRtJiJtiqXhiN9TXUTrRB6BO5oc2dvcSWtk86CSpgGks0J7OGnneHg+vO42XZTAzxXNp2mSXOuw0MFIN+Bf3qahWNucWCbRxOKIH0gCRJTMle12GIO8sUtSe/qoX9A+8t1dUb46NvJ+rySth/99fhpxgUIduFf61/E15MAxtVVxgps12X6dN0ln/UNN3GtlOj1ZZO80iC1TxSZN/12Ts5FL6gOa6ourIwNKiQTRmdPr9qIMZh3joOSaXt3v9ZNAJAd8qw4JO0L72JhZuV+dHJBLMDwucSt7OWSg9/4WKd0NgOpCFEZnQvbiALDHTEvEFoF2XvRFG9uiVunJo6ONc8nqh/kA8ZCRo+G8BMQrMVFRgWPF/awAtLCpFVG/GAHNRkUiX39zdIGGB+yBzzzHyNN53uKwBJjwH818poPJ66bwKXqP3DcsrTJwzK9tg/eE0oV9vM6EAliWUv+bZ604iLueW1OJvLtiO6IKTVDWMyoVYRvE1dgUXRkTJ+Br+JZxQMxydpBlik7A4Mui+F9I4phd6uX9vExtB5ZQbnor5v12w8UbBuN8LIuq3mvEYQL7uKoffg2xMlVnEKuRbF3Ng74GImNriEHlbcMXH6hLNNhBkqS/zluNC62Cn4Bub3dBidhg8caJRVeymPypCU7MKccbpnRv7YrumOeLnJqoXTyIU6xeDE6aMIXOHEBkuBNNyZktf6WyedNEKxLwny387aNzDSNlc4CMeDP2cbFziUEgoR/84B4uGLEbqJatkDJM1gfiLUABwenkJD6ikkUEDOhJ0xq0qMCV5iLUHMObOfG5SOT/rQ4IVjxRv6ttlmyg8ED18jQVg0vcrhf9CkBEjz1jtuGHyPzpoYiChyj84Y61JYWrPVX1Zon/vshy0cF5VBE5ucp/NLmGLVrLNgZZGvPeuRo+PIsxY5X0VmHlycLgn1jodKlEfuiPOqSmEZx9VUzA2RMEf8RxvHlQu+/SVAlzHuNNb+y/5toOcgSDU6rsEQmEn5xpzUDNg3DdXgjKzGeYthxoXWmFVmlW8DtmBXNINwAZDkItc/JrDdK49WRcM67Vqk1HeHazMbFK+kFGP/gCyLxHPFmPd0627NY3IyYl8uCR8b3ItWjXEuWG+rl7Jd+4nkwgXGsWYFGf3wuY1N693SkC97JCAz28rq02NznSOAk/KNNi7re8hCde/Myp6QUiqCEAmk9Zsq1ykpjyWMlTvdvytrZDIKRD1oyyAhwVCH6c+GdIeX+aPYdPsA+98+1x8swemjHNkQPNVNPU4T5kZnWrSEsYTE49ab+YRQ92ko04pLeGBbTQp4ij0r+t/PW0jdZxr0MMoFABXvBzHrR5lppwLHZ3YOxaOx09AaC2HJuRGMMxXXPT19QoO0foC/4oEz7i2MjZJfWyeDPeRFUtWAduWkplNF9UFe4Irwmr0Yrv6KKxhoA1y53eLCsLhhdbhtHucHMYEdHt6eY87BGvR1bvVf15KDoWK8eWeyDSmgVvrf5e/cvV2OwUJUiJIznIQRoXFp30F4/DJBksNFMcT0YyD+0dMiHMi0NWyEV/VLtP3EAL63EhdW9uerYYQUJ97aUagAvskReDZesjkKILDX9fD9EfoagnIyr4Pf27nH5gx6GRNtw+nrRkLmIpbfRT/uXiyTRpaMkJsTL3/XEhJw4XkUdnJQ7rXYZnXaQkod0+0xYrl3/1pG4fJWv8ZN5VAbOuiKyCOnEpg+K8SQlTx8Co1gSRoAET+t5YRbjWdOpR9+ckdyWtu2L0CLtnGLyRmUzvj2CXQWqm8hKDt2WHg/v2yP+B+O4tzcFSFeoOM8ICWtUvtzvzj72fNYFBd7g9XDzGPJ8C6a7PHAXj8eFpZmUR/TdTRb8klbLNxmLAapvr82VplquFX9vLBbuFHff8nd+wZt2T1OOgAlZ448PLU3z95iGm9s+GmqI+mzLiNCg+BGt9/LVw6FGPBoajAxSC/AMmlRYZxtwi9SaCHws4EpwxV5p4JUwkxoilpdXnVcH2IJKJ7dZAxhr55G9O42EFvOOjfs7fTuVEXacHk88KNs6Y/x7Y2WBbCQlLPXuKTVQSUl/TlFhxy5dRpYZZ2ypuoQ9r7W7cyGV4CtsPNm6lySV8jyER0XJOmRdLZtu80QrBJgOuiM9wAjGZQYztncbwT3eZVArD9Sp3cQGOkKmN6G/CFSol9zRRGCzDJHoqscVZVSSPPO5KDdpApOtUl+Pl7YGFDQspigwstk7GGsxjvYkVsgegqyi+O9LbdzPqfheLIlNMnKTsJJB8ULgY6BO9CZ08hci8v2wD85MbAGysNbquYjFlRWg5cDem244kOnspxLXIhb40XnpiruLS7j+SQ6SyNjsd4NCGtHrG4TJ65Az+6kbHo09mnl6AOTngjE3RQJy56EFHk6q3/Y+Z4sRJHa52i161UvSjiSUlgkOvvoLWmK17r9NYs8/3nvl/WvZiQSVIr/AfpwSxYz6MjACfsGtDsUDoMBzDRxgAxez7D8wcv21wO25y4Sz1oFeeh6gRn5owqJSlqDAIq6DIN8h9t9KdSGMoZAxovJNCcNVEmtfMc7E8m+dxrjIltfHkPSQmfpX0zRGs9WS1/MzBQYEPeD2JNQM7T78imOAy8gUaa1ntt6F96wpNeYogIYooaUsTWnLs2/qk/AMj/dM0gGXBHFC6cr94Unbb+WghwaaPx3pd","originalName":"run_command"}}}
[DEBUG] env.ANTIGRAVITY_TRAJECTORY_ID: 4b840ed5-b2d9-44df-bf9b-abf2176eb994
[DEBUG] env.APPDATA: C:\Users\manis\AppData\Roaming
[DEBUG] env.CHROME_CRASHPAD_PIPE_NAME: \\.\pipe\crashpad_31452_TJFXZMDSUHYZKXYM
[DEBUG] env.CLASSWORLDS_JAR: "C:\Program Files\apache-maven-3.9.11\boot\plexus-classworlds-2.9.0.jar"
[DEBUG] env.CLASSWORLDS_LAUNCHER: org.codehaus.plexus.classworlds.launcher.Launcher
[DEBUG] env.COMMONPROGRAMFILES: C:\Program Files\Common Files
[DEBUG] env.COMMONPROGRAMFILES(X86): C:\Program Files (x86)\Common Files
[DEBUG] env.COMMONPROGRAMW6432: C:\Program Files\Common Files
[DEBUG] env.COMPUTERNAME: MANISHI
[DEBUG] env.COMSPEC: C:\windows\system32\cmd.exe
[DEBUG] env.DRIVERDATA: C:\Windows\System32\Drivers\DriverData
[DEBUG] env.EFC_29184_1592913036: 1
[DEBUG] env.EFC_29184_4126798990: 1
[DEBUG] env.ERROR_CODE: 0
[DEBUG] env.EXEC_DIR: C:\Users\manis\OneDrive\Desktop\LemonAcademy\E-Commerce\backend
[DEBUG] env.HOMEDRIVE: C:
[DEBUG] env.HOMEPATH: \Users\manis
[DEBUG] env.INTELLIJ IDEA COMMUNITY EDITION: C:\Program Files\JetBrains\IntelliJ IDEA Community Edition 2025.2.3\bin
[DEBUG] env.JAVACMD: C:\Program Files\Java\jdk-21\bin\java.exe
[DEBUG] env.JVMCONFIG: \.mvn\jvm.config
[DEBUG] env.LOCALAPPDATA: C:\Users\manis\AppData\Local
[DEBUG] env.LOGONSERVER: \\MANISHI
[DEBUG] env.MAVEN_CMD_LINE_ARGS: clean compile -X
[DEBUG] env.MAVEN_HOME: C:\Program Files\apache-maven-3.9.11
[DEBUG] env.MAVEN_OPTS: --enable-native-access=ALL-UNNAMED 
[DEBUG] env.MAVEN_PROJECTBASEDIR: C:\Users\manis\OneDrive\Desktop\LemonAcademy\E-Commerce\backend
[DEBUG] env.NUMBER_OF_PROCESSORS: 22
[DEBUG] env.ONEDRIVE: C:\Users\manis\OneDrive
[DEBUG] env.ONEDRIVECONSUMER: C:\Users\manis\OneDrive
[DEBUG] env.ONLINESERVICES: Online Services
[DEBUG] env.OPENSSL_CONF: C:\Program Files\PostgreSQL\psqlODBC\etc\openssl.cnf
[DEBUG] env.OS: Windows_NT
[DEBUG] env.PATH: C:/Users/manis/.gemini/antigravity-ide/bin;C:\windows\system32;C:\windows;C:\windows\System32\Wbem;C:\windows\System32\WindowsPowerShell\v1.0\;C:\windows\System32\OpenSSH\;C:\Program Files\Java\jdk-21\bin;C:\Program Files\apache-maven-3.9.11\bin;C:\Program Files\Git\cmd;C:\Program Files\Redis\;C:\Program Files\Docker\Docker\resources\bin;C:\Program Files\nodejs\;C:\Program Files\Java\jdk-21\bin;C:\Program Files\JetBrains\IntelliJ IDEA Community Edition 2025.2.3\bin;C:\Users\manis\AppData\Roaming\npm;C:\Users\manis\AppData\Local\Programs\Microsoft VS Code\bin;C:\Users\manis\AppData\Local\Programs\Antigravity\bin;C:\Users\manis\AppData\Local\Programs\Antigravity IDE\bin
[DEBUG] env.PATHEXT: .COM;.EXE;.BAT;.CMD;.VBS;.VBE;.JS;.JSE;.WSF;.WSH;.MSC;.CPL
[DEBUG] env.PLATFORMCODE: KV
[DEBUG] env.PROCESSOR_ARCHITECTURE: AMD64
[DEBUG] env.PROCESSOR_IDENTIFIER: Intel64 Family 6 Model 170 Stepping 4, GenuineIntel
[DEBUG] env.PROCESSOR_LEVEL: 6
[DEBUG] env.PROCESSOR_REVISION: aa04
[DEBUG] env.PROGRAMDATA: C:\ProgramData
[DEBUG] env.PROGRAMFILES: C:\Program Files
[DEBUG] env.PROGRAMFILES(X86): C:\Program Files (x86)
[DEBUG] env.PROGRAMW6432: C:\Program Files
[DEBUG] env.PROMPT: $P$G
[DEBUG] env.PSMODULEPATH: C:\Users\manis\OneDrive\Documents\WindowsPowerShell\Modules;C:\Program Files\WindowsPowerShell\Modules;C:\windows\system32\WindowsPowerShell\v1.0\Modules
[DEBUG] env.PUBLIC: C:\Users\Public
[DEBUG] env.REGIONCODE: APJ
[DEBUG] env.SESSIONNAME: Console
[DEBUG] env.SYSTEMDRIVE: C:
[DEBUG] env.SYSTEMROOT: C:\windows
[DEBUG] env.TEMP: C:\Users\manis\AppData\Local\Temp
[DEBUG] env.TMP: C:\Users\manis\AppData\Local\Temp
[DEBUG] env.USERDOMAIN: MANISHI
[DEBUG] env.USERDOMAIN_ROAMINGPROFILE: MANISHI
[DEBUG] env.USERNAME: manis
[DEBUG] env.USERPROFILE: C:\Users\manis
[DEBUG] env.VSCODE_CODE_CACHE_PATH: C:\Users\manis\AppData\Roaming\Antigravity IDE\CachedData\e0b7a2bcf575cfba10528c4e7c10bd3ce2d7769a
[DEBUG] env.VSCODE_CWD: C:\Users\manis\AppData\Local\Programs\Antigravity IDE
[DEBUG] env.VSCODE_IPC_HOOK: \\.\pipe\e52cae5b-1.107.0-main-sock
[DEBUG] env.VSCODE_NLS_CONFIG: {"userLocale":"en-us","osLocale":"en-us","resolvedLanguage":"en","defaultMessagesFile":"C:\\Users\\manis\\AppData\\Local\\Programs\\Antigravity IDE\\resources\\app\\out\\nls.messages.json","locale":"en-us","availableLanguages":{}}
[DEBUG] env.VSCODE_PID: 31452
[DEBUG] env.WDIR: C:\
[DEBUG] env.WINDIR: C:\windows
[DEBUG] env.ZES_ENABLE_SYSMAN: 1
[DEBUG] file.encoding: UTF-8
[DEBUG] file.separator: \
[DEBUG] flyway.version: 10.10.0
[DEBUG] freemarker.version: 2.3.32
[DEBUG] git-commit-id-maven-plugin.version: 8.0.2
[DEBUG] glassfish-jaxb.version: 4.0.5
[DEBUG] glassfish-jstl.version: 3.0.1
[DEBUG] graphql-java.version: 22.0
[DEBUG] groovy.version: 4.0.21
[DEBUG] gson.version: 2.10.1
[DEBUG] h2.version: 2.2.224
[DEBUG] hamcrest.version: 2.2
[DEBUG] hazelcast.version: 5.4.0
[DEBUG] hibernate-validator.version: 8.0.1.Final
[DEBUG] hibernate.version: 6.5.2.Final
[DEBUG] hikaricp.version: 5.1.0
[DEBUG] hsqldb.version: 2.7.2
[DEBUG] htmlunit.version: 2.70.0
[DEBUG] httpasyncclient.version: 4.1.5
[DEBUG] httpclient5.version: 5.3.1
[DEBUG] httpcore.version: 4.4.16
[DEBUG] httpcore5.version: 5.2.4
[DEBUG] infinispan.version: 15.0.4.Final
[DEBUG] influxdb-java.version: 2.24
[DEBUG] jackson-bom.version: 2.17.1
[DEBUG] jakarta-activation.version: 2.1.3
[DEBUG] jakarta-annotation.version: 2.1.1
[DEBUG] jakarta-inject.version: 2.0.1
[DEBUG] jakarta-jms.version: 3.1.0
[DEBUG] jakarta-json-bind.version: 3.0.1
[DEBUG] jakarta-json.version: 2.1.3
[DEBUG] jakarta-mail.version: 2.1.3
[DEBUG] jakarta-management.version: 1.1.4
[DEBUG] jakarta-persistence.version: 3.1.0
[DEBUG] jakarta-servlet-jsp-jstl.version: 3.0.0
[DEBUG] jakarta-servlet.version: 6.0.0
[DEBUG] jakarta-transaction.version: 2.0.1
[DEBUG] jakarta-validation.version: 3.0.2
[DEBUG] jakarta-websocket.version: 2.1.1
[DEBUG] jakarta-ws-rs.version: 3.1.0
[DEBUG] jakarta-xml-bind.version: 4.0.2
[DEBUG] jakarta-xml-soap.version: 3.0.2
[DEBUG] jakarta-xml-ws.version: 4.0.2
[DEBUG] janino.version: 3.1.12
[DEBUG] java.class.path: C:\Program Files\apache-maven-3.9.11\boot\plexus-classworlds-2.9.0.jar
[DEBUG] java.class.version: 65.0
[DEBUG] java.home: C:\Program Files\Java\jdk-21
[DEBUG] java.io.tmpdir: C:\Users\manis\AppData\Local\Temp\
[DEBUG] java.library.path: C:\Program Files\Java\jdk-21\bin;C:\windows\Sun\Java\bin;C:\windows\system32;C:\windows;C:/Users/manis/.gemini/antigravity-ide/bin;C:\windows\system32;C:\windows;C:\windows\System32\Wbem;C:\windows\System32\WindowsPowerShell\v1.0\;C:\windows\System32\OpenSSH\;C:\Program Files\Java\jdk-21\bin;C:\Program Files\apache-maven-3.9.11\bin;C:\Program Files\Git\cmd;C:\Program Files\Redis\;C:\Program Files\Docker\Docker\resources\bin;C:\Program Files\nodejs\;C:\Program Files\Java\jdk-21\bin;C:\Program Files\JetBrains\IntelliJ IDEA Community Edition 2025.2.3\bin;C:\Users\manis\AppData\Roaming\npm;C:\Users\manis\AppData\Local\Programs\Microsoft VS Code\bin;C:\Users\manis\AppData\Local\Programs\Antigravity\bin;C:\Users\manis\AppData\Local\Programs\Antigravity IDE\bin;.
[DEBUG] java.runtime.name: Java(TM) SE Runtime Environment
[DEBUG] java.runtime.version: 21.0.8+12-LTS-250
[DEBUG] java.specification.name: Java Platform API Specification
[DEBUG] java.specification.vendor: Oracle Corporation
[DEBUG] java.specification.version: 21
[DEBUG] java.vendor: Oracle Corporation
[DEBUG] java.vendor.url: https://java.oracle.com/
[DEBUG] java.vendor.url.bug: https://bugreport.java.com/bugreport/
[DEBUG] java.version: 21.0.8
[DEBUG] java.version.date: 2025-07-15
[DEBUG] java.vm.compressedOopsMode: Zero based
[DEBUG] java.vm.info: mixed mode, sharing
[DEBUG] java.vm.name: Java HotSpot(TM) 64-Bit Server VM
[DEBUG] java.vm.specification.name: Java Virtual Machine Specification
[DEBUG] java.vm.specification.vendor: Oracle Corporation
[DEBUG] java.vm.specification.version: 21
[DEBUG] java.vm.vendor: Oracle Corporation
[DEBUG] java.vm.version: 21.0.8+12-LTS-250
[DEBUG] javax-cache.version: 1.1.1
[DEBUG] javax-money.version: 1.1
[DEBUG] jaxen.version: 2.0.0
[DEBUG] jaybird.version: 5.0.4.java11
[DEBUG] jboss-logging.version: 3.5.3.Final
[DEBUG] jdk.debug: release
[DEBUG] jdom2.version: 2.0.6.1
[DEBUG] jedis.version: 5.0.2
[DEBUG] jersey.version: 3.1.6
[DEBUG] jetty-reactive-httpclient.version: 4.0.4
[DEBUG] jetty.version: 12.0.9
[DEBUG] jjwt.version: 0.12.5
[DEBUG] jmustache.version: 1.16
[DEBUG] jooq.version: 3.19.8
[DEBUG] json-path.version: 2.9.0
[DEBUG] json-smart.version: 2.5.1
[DEBUG] jsonassert.version: 1.5.1
[DEBUG] jtds.version: 1.3.1
[DEBUG] junit-jupiter.version: 5.10.2
[DEBUG] junit.version: 4.13.2
[DEBUG] kafka.version: 3.7.0
[DEBUG] kotlin-coroutines.version: 1.8.1
[DEBUG] kotlin-serialization.version: 1.6.3
[DEBUG] kotlin.version: 1.9.24
[DEBUG] lettuce.version: 6.3.2.RELEASE
[DEBUG] library.jansi.path: C:\Program Files\apache-maven-3.9.11\lib\jansi-native
[DEBUG] line.separator: 

[DEBUG] liquibase.version: 4.27.0
[DEBUG] log4j2.version: 2.23.1
[DEBUG] logback.version: 1.5.6
[DEBUG] lombok.version: 1.18.32
[DEBUG] mariadb.version: 3.3.3
[DEBUG] maven-antrun-plugin.version: 3.1.0
[DEBUG] maven-assembly-plugin.version: 3.7.1
[DEBUG] maven-clean-plugin.version: 3.3.2
[DEBUG] maven-compiler-plugin.version: 3.13.0
[DEBUG] maven-dependency-plugin.version: 3.6.1
[DEBUG] maven-deploy-plugin.version: 3.1.2
[DEBUG] maven-enforcer-plugin.version: 3.4.1
[DEBUG] maven-failsafe-plugin.version: 3.2.5
[DEBUG] maven-help-plugin.version: 3.4.0
[DEBUG] maven-install-plugin.version: 3.1.2
[DEBUG] maven-invoker-plugin.version: 3.6.1
[DEBUG] maven-jar-plugin.version: 3.4.1
[DEBUG] maven-javadoc-plugin.version: 3.6.3
[DEBUG] maven-resources-plugin.version: 3.3.1
[DEBUG] maven-shade-plugin.version: 3.5.3
[DEBUG] maven-source-plugin.version: 3.3.1
[DEBUG] maven-surefire-plugin.version: 3.2.5
[DEBUG] maven-war-plugin.version: 3.4.0
[DEBUG] maven.build.timestamp: 2026-07-11T06:04:59Z
[DEBUG] maven.build.version: Apache Maven 3.9.11 (3e54c93a704957b63ee3494413a2b544fd3d825b)
[DEBUG] maven.compiler.release: 21
[DEBUG] maven.conf: C:\Program Files\apache-maven-3.9.11/conf
[DEBUG] maven.home: C:\Program Files\apache-maven-3.9.11
[DEBUG] maven.multiModuleProjectDirectory: C:\Users\manis\OneDrive\Desktop\LemonAcademy\E-Commerce\backend
[DEBUG] maven.version: 3.9.11
[DEBUG] micrometer-tracing.version: 1.3.0
[DEBUG] micrometer.version: 1.13.0
[DEBUG] mockito.version: 5.11.0
[DEBUG] mongodb.version: 5.0.1
[DEBUG] mssql-jdbc.version: 12.6.1.jre11
[DEBUG] mysql.version: 8.3.0
[DEBUG] native-build-tools-plugin.version: 0.10.2
[DEBUG] native.encoding: Cp1252
[DEBUG] nekohtml.version: 1.9.22
[DEBUG] neo4j-java-driver.version: 5.20.0
[DEBUG] netty.version: 4.1.110.Final
[DEBUG] okhttp.version: 4.12.0
[DEBUG] opentelemetry.version: 1.37.0
[DEBUG] oracle-database.version: 21.9.0.0
[DEBUG] oracle-r2dbc.version: 1.2.0
[DEBUG] os.arch: amd64
[DEBUG] os.name: Windows 11
[DEBUG] os.version: 10.0
[DEBUG] path.separator: ;
[DEBUG] pooled-jms.version: 3.1.6
[DEBUG] postgresql.version: 42.7.3
[DEBUG] project.baseUri: file:/C:/Users/manis/OneDrive/Desktop/LemonAcademy/E-Commerce/backend/
[DEBUG] project.build.sourceEncoding: UTF-8
[DEBUG] project.reporting.outputEncoding: UTF-8
[DEBUG] prometheus-client.version: 1.2.1
[DEBUG] prometheus-simpleclient.version: 0.16.0
[DEBUG] pulsar-reactive.version: 0.5.5
[DEBUG] pulsar.version: 3.2.3
[DEBUG] quartz.version: 2.3.2
[DEBUG] querydsl.version: 5.1.0
[DEBUG] r2dbc-h2.version: 1.0.0.RELEASE
[DEBUG] r2dbc-mariadb.version: 1.2.0
[DEBUG] r2dbc-mssql.version: 1.0.2.RELEASE
[DEBUG] r2dbc-mysql.version: 1.1.3
[DEBUG] r2dbc-pool.version: 1.0.1.RELEASE
[DEBUG] r2dbc-postgresql.version: 1.0.5.RELEASE
[DEBUG] r2dbc-proxy.version: 1.1.5.RELEASE
[DEBUG] r2dbc-spi.version: 1.0.0.RELEASE
[DEBUG] rabbit-amqp-client.version: 5.21.0
[DEBUG] rabbit-stream-client.version: 0.15.0
[DEBUG] reactive-streams.version: 1.0.4
[DEBUG] reactor-bom.version: 2023.0.6
[DEBUG] resource.delimiter: @
[DEBUG] rest-assured.version: 5.4.0
[DEBUG] rsocket.version: 1.1.3
[DEBUG] rxjava3.version: 3.1.8
[DEBUG] saaj-impl.version: 3.0.4
[DEBUG] selenium-htmlunit.version: 4.13.0
[DEBUG] selenium.version: 4.19.1
[DEBUG] sendgrid.version: 4.10.2
[DEBUG] slf4j.version: 2.0.13
[DEBUG] snakeyaml.version: 2.2
[DEBUG] spring-amqp.version: 3.1.5
[DEBUG] spring-authorization-server.version: 1.3.0
[DEBUG] spring-batch.version: 5.1.2
[DEBUG] spring-boot.run.main-class: ${start-class}
[DEBUG] spring-data-bom.version: 2024.0.0
[DEBUG] spring-framework.version: 6.1.8
[DEBUG] spring-graphql.version: 1.3.0
[DEBUG] spring-hateoas.version: 2.3.0
[DEBUG] spring-integration.version: 6.3.0
[DEBUG] spring-kafka.version: 3.2.0
[DEBUG] spring-ldap.version: 3.2.3
[DEBUG] spring-pulsar.version: 1.1.0
[DEBUG] spring-restdocs.version: 3.0.1
[DEBUG] spring-retry.version: 2.0.6
[DEBUG] spring-security.version: 6.3.0
[DEBUG] spring-session.version: 3.3.0
[DEBUG] spring-ws.version: 4.0.11
[DEBUG] sqlite-jdbc.version: 3.45.3.0
[DEBUG] stderr.encoding: Cp1252
[DEBUG] stdout.encoding: Cp1252
[DEBUG] sun.arch.data.model: 64
[DEBUG] sun.boot.library.path: C:\Program Files\Java\jdk-21\bin
[DEBUG] sun.cpu.endian: little
[DEBUG] sun.cpu.isalist: amd64
[DEBUG] sun.io.unicode.encoding: UnicodeLittle
[DEBUG] sun.java.command: org.codehaus.plexus.classworlds.launcher.Launcher clean compile -X
[DEBUG] sun.java.launcher: SUN_STANDARD
[DEBUG] sun.jnu.encoding: Cp1252
[DEBUG] sun.management.compiler: HotSpot 64-Bit Tiered Compilers
[DEBUG] sun.os.patch.level: 
[DEBUG] testcontainers.version: 1.19.8
[DEBUG] thymeleaf-extras-data-attribute.version: 2.0.1
[DEBUG] thymeleaf-extras-springsecurity.version: 3.1.2.RELEASE
[DEBUG] thymeleaf-layout-dialect.version: 3.3.0
[DEBUG] thymeleaf.version: 3.1.2.RELEASE
[DEBUG] tomcat.version: 10.1.24
[DEBUG] unboundid-ldapsdk.version: 6.0.11
[DEBUG] undertow.version: 2.3.13.Final
[DEBUG] user.country: IN
[DEBUG] user.dir: C:\Users\manis\OneDrive\Desktop\LemonAcademy\E-Commerce\backend
[DEBUG] user.home: C:\Users\manis
[DEBUG] user.language: en
[DEBUG] user.name: manis
[DEBUG] user.script: 
[DEBUG] user.variant: 
[DEBUG] versions-maven-plugin.version: 2.16.2
[DEBUG] webjars-locator-core.version: 0.58
[DEBUG] wsdl4j.version: 1.6.3
[DEBUG] xml-maven-plugin.version: 1.1.0
[DEBUG] xmlunit2.version: 2.9.1
[DEBUG] yasson.version: 3.0.3
[DEBUG] zipkin-reporter.version: 3.4.0
[DEBUG] Using 'UTF-8' encoding to copy filtered resources.
[DEBUG] Using 'UTF-8' encoding to copy filtered properties files.
[DEBUG] resource with targetPath null
directory C:\Users\manis\OneDrive\Desktop\LemonAcademy\E-Commerce\backend\src\main\resources
excludes []
includes [**/application*.yml, **/application*.yaml, **/application*.properties]
[DEBUG] ignoreDelta true
[INFO] Copying 1 resource from src\main\resources to target\classes
[DEBUG] Copying file application.properties
[DEBUG] file application.properties has a filtered file extension
[DEBUG] Using 'UTF-8' encoding to copy filtered resource 'application.properties'.
[DEBUG] filtering C:\Users\manis\OneDrive\Desktop\LemonAcademy\E-Commerce\backend\src\main\resources\application.properties to C:\Users\manis\OneDrive\Desktop\LemonAcademy\E-Commerce\backend\target\classes\application.properties
[DEBUG] resource with targetPath null
directory C:\Users\manis\OneDrive\Desktop\LemonAcademy\E-Commerce\backend\src\main\resources
excludes [**/application*.yml, **/application*.yaml, **/application*.properties]
includes []
[DEBUG] ignoreDelta true
[INFO] Copying 1 resource from src\main\resources to target\classes
[DEBUG] Copying file db\migration\V2__add_shipping_fields.sql
[DEBUG] file V2__add_shipping_fields.sql has a filtered file extension
[DEBUG] Using 'UTF-8' encoding to copy filtered resource 'V2__add_shipping_fields.sql'.
[DEBUG] copy C:\Users\manis\OneDrive\Desktop\LemonAcademy\E-Commerce\backend\src\main\resources\db\migration\V2__add_shipping_fields.sql to C:\Users\manis\OneDrive\Desktop\LemonAcademy\E-Commerce\backend\target\classes\db\migration\V2__add_shipping_fields.sql
[DEBUG] no user filter components
[INFO] 
[INFO] --- compiler:3.13.0:compile (default-compile) @ ecommerce ---
[DEBUG] Dependency collection stats {ConflictMarker.analyzeTime=36099, ConflictMarker.markTime=14801, ConflictMarker.nodeCount=22, ConflictIdSorter.graphTime=14499, ConflictIdSorter.topsortTime=11500, ConflictIdSorter.conflictIdCount=14, ConflictIdSorter.conflictIdCycleCount=0, ConflictResolver.totalTime=112100, ConflictResolver.conflictItemCount=22, DfDependencyCollector.collectTime=36874100, DfDependencyCollector.transformTime=203599}
[DEBUG] org.apache.maven.plugins:maven-compiler-plugin:jar:3.13.0
[DEBUG]    org.apache.maven.shared:maven-shared-utils:jar:3.4.2:compile
[DEBUG]       org.slf4j:slf4j-api:jar:1.7.36:compile
[DEBUG]       commons-io:commons-io:jar:2.11.0:compile
[DEBUG]    org.apache.maven.shared:maven-shared-incremental:jar:1.1:compile
[DEBUG]    org.codehaus.plexus:plexus-java:jar:1.2.0:compile
[DEBUG]       org.ow2.asm:asm:jar:9.6:compile
[DEBUG]       com.thoughtworks.qdox:qdox:jar:2.0.3:compile
[DEBUG]    org.codehaus.plexus:plexus-compiler-api:jar:2.15.0:compile
[DEBUG]    org.codehaus.plexus:plexus-compiler-manager:jar:2.15.0:compile
[DEBUG]       javax.inject:javax.inject:jar:1:compile
[DEBUG]       org.codehaus.plexus:plexus-xml:jar:3.0.0:compile (version managed from default)
[DEBUG]    org.codehaus.plexus:plexus-compiler-javac:jar:2.15.0:runtime
[DEBUG]    org.codehaus.plexus:plexus-utils:jar:4.0.0:compile
[DEBUG] Created new class realm plugin>org.apache.maven.plugins:maven-compiler-plugin:3.13.0
[DEBUG] Importing foreign packages into class realm plugin>org.apache.maven.plugins:maven-compiler-plugin:3.13.0
[DEBUG]   Imported:  < maven.api
[DEBUG] Populating class realm plugin>org.apache.maven.plugins:maven-compiler-plugin:3.13.0
[DEBUG]   Included: org.apache.maven.plugins:maven-compiler-plugin:jar:3.13.0
[DEBUG]   Included: org.apache.maven.shared:maven-shared-utils:jar:3.4.2
[DEBUG]   Included: commons-io:commons-io:jar:2.11.0
[DEBUG]   Included: org.apache.maven.shared:maven-shared-incremental:jar:1.1
[DEBUG]   Included: org.codehaus.plexus:plexus-java:jar:1.2.0
[DEBUG]   Included: org.ow2.asm:asm:jar:9.6
[DEBUG]   Included: com.thoughtworks.qdox:qdox:jar:2.0.3
[DEBUG]   Included: org.codehaus.plexus:plexus-compiler-api:jar:2.15.0
[DEBUG]   Included: org.codehaus.plexus:plexus-compiler-manager:jar:2.15.0
[DEBUG]   Included: org.codehaus.plexus:plexus-xml:jar:3.0.0
[DEBUG]   Included: org.codehaus.plexus:plexus-compiler-javac:jar:2.15.0
[DEBUG]   Included: org.codehaus.plexus:plexus-utils:jar:4.0.0
[DEBUG] Loading mojo org.apache.maven.plugins:maven-compiler-plugin:3.13.0:compile from plugin realm ClassRealm[plugin>org.apache.maven.plugins:maven-compiler-plugin:3.13.0, parent: jdk.internal.loader.ClassLoaders$AppClassLoader@70dea4e]
[DEBUG] Configuring mojo execution 'org.apache.maven.plugins:maven-compiler-plugin:3.13.0:compile:default-compile' with basic configurator -->
[DEBUG]   (f) annotationProcessorPathsUseDepMgmt = false
[DEBUG]   (f) basedir = C:\Users\manis\OneDrive\Desktop\LemonAcademy\E-Commerce\backend
[DEBUG]   (f) buildDirectory = C:\Users\manis\OneDrive\Desktop\LemonAcademy\E-Commerce\backend\target
[DEBUG]   (f) compilePath = [C:\Users\manis\OneDrive\Desktop\LemonAcademy\E-Commerce\backend\target\classes, C:\Users\manis\.m2\repository\org\springframework\boot\spring-boot-starter-web\3.3.0\spring-boot-starter-web-3.3.0.jar, C:\Users\manis\.m2\repository\org\springframework\boot\spring-boot-starter\3.3.0\spring-boot-starter-3.3.0.jar, C:\Users\manis\.m2\repository\org\springframework\boot\spring-boot\3.3.0\spring-boot-3.3.0.jar, C:\Users\manis\.m2\repository\org\springframework\boot\spring-boot-autoconfigure\3.3.0\spring-boot-autoconfigure-3.3.0.jar, C:\Users\manis\.m2\repository\org\springframework\boot\spring-boot-starter-logging\3.3.0\spring-boot-starter-logging-3.3.0.jar, C:\Users\manis\.m2\repository\ch\qos\logback\logback-classic\1.5.6\logback-classic-1.5.6.jar, C:\Users\manis\.m2\repository\ch\qos\logback\logback-core\1.5.6\logback-core-1.5.6.jar, C:\Users\manis\.m2\repository\org\apache\logging\log4j\log4j-to-slf4j\2.23.1\log4j-to-slf4j-2.23.1.jar, C:\Users\manis\.m2\repository\org\apache\logging\log4j\log4j-api\2.23.1\log4j-api-2.23.1.jar, C:\Users\manis\.m2\repository\org\slf4j\jul-to-slf4j\2.0.13\jul-to-slf4j-2.0.13.jar, C:\Users\manis\.m2\repository\jakarta\annotation\jakarta.annotation-api\2.1.1\jakarta.annotation-api-2.1.1.jar, C:\Users\manis\.m2\repository\org\yaml\snakeyaml\2.2\snakeyaml-2.2.jar, C:\Users\manis\.m2\repository\org\springframework\boot\spring-boot-starter-json\3.3.0\spring-boot-starter-json-3.3.0.jar, C:\Users\manis\.m2\repository\com\fasterxml\jackson\datatype\jackson-datatype-jdk8\2.17.1\jackson-datatype-jdk8-2.17.1.jar, C:\Users\manis\.m2\repository\com\fasterxml\jackson\datatype\jackson-datatype-jsr310\2.17.1\jackson-datatype-jsr310-2.17.1.jar, C:\Users\manis\.m2\repository\com\fasterxml\jackson\module\jackson-module-parameter-names\2.17.1\jackson-module-parameter-names-2.17.1.jar, C:\Users\manis\.m2\repository\org\springframework\boot\spring-boot-starter-tomcat\3.3.0\spring-boot-starter-tomcat-3.3.0.jar, C:\Users\manis\.m2\repository\org\apache\tomcat\embed\tomcat-embed-core\10.1.24\tomcat-embed-core-10.1.24.jar, C:\Users\manis\.m2\repository\org\apache\tomcat\embed\tomcat-embed-websocket\10.1.24\tomcat-embed-websocket-10.1.24.jar, C:\Users\manis\.m2\repository\org\springframework\spring-web\6.1.8\spring-web-6.1.8.jar, C:\Users\manis\.m2\repository\org\springframework\spring-beans\6.1.8\spring-beans-6.1.8.jar, C:\Users\manis\.m2\repository\io\micrometer\micrometer-observation\1.13.0\micrometer-observation-1.13.0.jar, C:\Users\manis\.m2\repository\io\micrometer\micrometer-commons\1.13.0\micrometer-commons-1.13.0.jar, C:\Users\manis\.m2\repository\org\springframework\spring-webmvc\6.1.8\spring-webmvc-6.1.8.jar, C:\Users\manis\.m2\repository\org\springframework\spring-context\6.1.8\spring-context-6.1.8.jar, C:\Users\manis\.m2\repository\org\springframework\spring-expression\6.1.8\spring-expression-6.1.8.jar, C:\Users\manis\.m2\repository\org\springframework\boot\spring-boot-starter-security\3.3.0\spring-boot-starter-security-3.3.0.jar, C:\Users\manis\.m2\repository\org\springframework\spring-aop\6.1.8\spring-aop-6.1.8.jar, C:\Users\manis\.m2\repository\org\springframework\security\spring-security-config\6.3.0\spring-security-config-6.3.0.jar, C:\Users\manis\.m2\repository\org\springframework\security\spring-security-web\6.3.0\spring-security-web-6.3.0.jar, C:\Users\manis\.m2\repository\org\springframework\boot\spring-boot-starter-data-jpa\3.3.0\spring-boot-starter-data-jpa-3.3.0.jar, C:\Users\manis\.m2\repository\org\springframework\boot\spring-boot-starter-aop\3.3.0\spring-boot-starter-aop-3.3.0.jar, C:\Users\manis\.m2\repository\org\aspectj\aspectjweaver\1.9.22\aspectjweaver-1.9.22.jar, C:\Users\manis\.m2\repository\org\springframework\boot\spring-boot-starter-jdbc\3.3.0\spring-boot-starter-jdbc-3.3.0.jar, C:\Users\manis\.m2\repository\com\zaxxer\HikariCP\5.1.0\HikariCP-5.1.0.jar, C:\Users\manis\.m2\repository\org\springframework\spring-jdbc\6.1.8\spring-jdbc-6.1.8.jar, C:\Users\manis\.m2\repository\org\hibernate\orm\hibernate-core\6.5.2.Final\hibernate-core-6.5.2.Final.jar, C:\Users\manis\.m2\repository\jakarta\persistence\jakarta.persistence-api\3.1.0\jakarta.persistence-api-3.1.0.jar, C:\Users\manis\.m2\repository\jakarta\transaction\jakarta.transaction-api\2.0.1\jakarta.transaction-api-2.0.1.jar, C:\Users\manis\.m2\repository\org\jboss\logging\jboss-logging\3.5.3.Final\jboss-logging-3.5.3.Final.jar, C:\Users\manis\.m2\repository\com\fasterxml\classmate\1.7.0\classmate-1.7.0.jar, C:\Users\manis\.m2\repository\org\antlr\antlr4-runtime\4.13.0\antlr4-runtime-4.13.0.jar, C:\Users\manis\.m2\repository\org\springframework\data\spring-data-jpa\3.3.0\spring-data-jpa-3.3.0.jar, C:\Users\manis\.m2\repository\org\springframework\data\spring-data-commons\3.3.0\spring-data-commons-3.3.0.jar, C:\Users\manis\.m2\repository\org\springframework\spring-orm\6.1.8\spring-orm-6.1.8.jar, C:\Users\manis\.m2\repository\org\springframework\spring-tx\6.1.8\spring-tx-6.1.8.jar, C:\Users\manis\.m2\repository\org\slf4j\slf4j-api\2.0.13\slf4j-api-2.0.13.jar, C:\Users\manis\.m2\repository\org\springframework\spring-aspects\6.1.8\spring-aspects-6.1.8.jar, C:\Users\manis\.m2\repository\org\springframework\boot\spring-boot-starter-validation\3.3.0\spring-boot-starter-validation-3.3.0.jar, C:\Users\manis\.m2\repository\org\apache\tomcat\embed\tomcat-embed-el\10.1.24\tomcat-embed-el-10.1.24.jar, C:\Users\manis\.m2\repository\org\hibernate\validator\hibernate-validator\8.0.1.Final\hibernate-validator-8.0.1.Final.jar, C:\Users\manis\.m2\repository\jakarta\validation\jakarta.validation-api\3.0.2\jakarta.validation-api-3.0.2.jar, C:\Users\manis\.m2\repository\org\springframework\boot\spring-boot-starter-data-redis\3.3.0\spring-boot-starter-data-redis-3.3.0.jar, C:\Users\manis\.m2\repository\io\lettuce\lettuce-core\6.3.2.RELEASE\lettuce-core-6.3.2.RELEASE.jar, C:\Users\manis\.m2\repository\io\netty\netty-common\4.1.110.Final\netty-common-4.1.110.Final.jar, C:\Users\manis\.m2\repository\io\netty\netty-handler\4.1.110.Final\netty-handler-4.1.110.Final.jar, C:\Users\manis\.m2\repository\io\netty\netty-resolver\4.1.110.Final\netty-resolver-4.1.110.Final.jar, C:\Users\manis\.m2\repository\io\netty\netty-buffer\4.1.110.Final\netty-buffer-4.1.110.Final.jar, C:\Users\manis\.m2\repository\io\netty\netty-transport-native-unix-common\4.1.110.Final\netty-transport-native-unix-common-4.1.110.Final.jar, C:\Users\manis\.m2\repository\io\netty\netty-codec\4.1.110.Final\netty-codec-4.1.110.Final.jar, C:\Users\manis\.m2\repository\io\netty\netty-transport\4.1.110.Final\netty-transport-4.1.110.Final.jar, C:\Users\manis\.m2\repository\io\projectreactor\reactor-core\3.6.6\reactor-core-3.6.6.jar, C:\Users\manis\.m2\repository\org\reactivestreams\reactive-streams\1.0.4\reactive-streams-1.0.4.jar, C:\Users\manis\.m2\repository\org\springframework\data\spring-data-redis\3.3.0\spring-data-redis-3.3.0.jar, C:\Users\manis\.m2\repository\org\springframework\data\spring-data-keyvalue\3.3.0\spring-data-keyvalue-3.3.0.jar, C:\Users\manis\.m2\repository\org\springframework\spring-oxm\6.1.8\spring-oxm-6.1.8.jar, C:\Users\manis\.m2\repository\org\springframework\spring-context-support\6.1.8\spring-context-support-6.1.8.jar, C:\Users\manis\.m2\repository\org\projectlombok\lombok\1.18.32\lombok-1.18.32.jar, C:\Users\manis\.m2\repository\io\jsonwebtoken\jjwt-api\0.12.5\jjwt-api-0.12.5.jar, C:\Users\manis\.m2\repository\com\fasterxml\jackson\core\jackson-databind\2.17.1\jackson-databind-2.17.1.jar, C:\Users\manis\.m2\repository\com\fasterxml\jackson\core\jackson-annotations\2.17.1\jackson-annotations-2.17.1.jar, C:\Users\manis\.m2\repository\com\fasterxml\jackson\core\jackson-core\2.17.1\jackson-core-2.17.1.jar, C:\Users\manis\.m2\repository\jakarta\xml\bind\jakarta.xml.bind-api\4.0.2\jakarta.xml.bind-api-4.0.2.jar, C:\Users\manis\.m2\repository\jakarta\activation\jakarta.activation-api\2.1.3\jakarta.activation-api-2.1.3.jar, C:\Users\manis\.m2\repository\net\minidev\json-smart\2.5.1\json-smart-2.5.1.jar, C:\Users\manis\.m2\repository\net\minidev\accessors-smart\2.5.1\accessors-smart-2.5.1.jar, C:\Users\manis\.m2\repository\org\ow2\asm\asm\9.6\asm-9.6.jar, C:\Users\manis\.m2\repository\org\springframework\spring-core\6.1.8\spring-core-6.1.8.jar, C:\Users\manis\.m2\repository\org\springframework\spring-jcl\6.1.8\spring-jcl-6.1.8.jar, C:\Users\manis\.m2\repository\org\springframework\security\spring-security-core\6.3.0\spring-security-core-6.3.0.jar, C:\Users\manis\.m2\repository\org\springframework\security\spring-security-crypto\6.3.0\spring-security-crypto-6.3.0.jar, C:\Users\manis\.m2\repository\org\springframework\boot\spring-boot-starter-oauth2-client\3.3.0\spring-boot-starter-oauth2-client-3.3.0.jar, C:\Users\manis\.m2\repository\org\springframework\security\spring-security-oauth2-client\6.3.0\spring-security-oauth2-client-6.3.0.jar, C:\Users\manis\.m2\repository\org\springframework\security\spring-security-oauth2-core\6.3.0\spring-security-oauth2-core-6.3.0.jar, C:\Users\manis\.m2\repository\com\nimbusds\oauth2-oidc-sdk\9.43.4\oauth2-oidc-sdk-9.43.4.jar, C:\Users\manis\.m2\repository\com\github\stephenc\jcip\jcip-annotations\1.0-1\jcip-annotations-1.0-1.jar, C:\Users\manis\.m2\repository\com\nimbusds\content-type\2.2\content-type-2.2.jar, C:\Users\manis\.m2\repository\com\nimbusds\lang-tag\1.7\lang-tag-1.7.jar, C:\Users\manis\.m2\repository\org\springframework\security\spring-security-oauth2-jose\6.3.0\spring-security-oauth2-jose-6.3.0.jar, C:\Users\manis\.m2\repository\com\nimbusds\nimbus-jose-jwt\9.37.3\nimbus-jose-jwt-9.37.3.jar, C:\Users\manis\.m2\repository\com\cloudinary\cloudinary-http44\1.36.0\cloudinary-http44-1.36.0.jar, C:\Users\manis\.m2\repository\com\cloudinary\cloudinary-core\1.36.0\cloudinary-core-1.36.0.jar, C:\Users\manis\.m2\repository\org\apache\commons\commons-lang3\3.14.0\commons-lang3-3.14.0.jar, C:\Users\manis\.m2\repository\org\apache\httpcomponents\httpclient\4.4\httpclient-4.4.jar, C:\Users\manis\.m2\repository\org\apache\httpcomponents\httpcore\4.4.16\httpcore-4.4.16.jar, C:\Users\manis\.m2\repository\commons-logging\commons-logging\1.2\commons-logging-1.2.jar, C:\Users\manis\.m2\repository\commons-codec\commons-codec\1.16.1\commons-codec-1.16.1.jar, C:\Users\manis\.m2\repository\org\apache\httpcomponents\httpmime\4.4\httpmime-4.4.jar, C:\Users\manis\.m2\repository\org\springdoc\springdoc-openapi-starter-webmvc-ui\2.5.0\springdoc-openapi-starter-webmvc-ui-2.5.0.jar, C:\Users\manis\.m2\repository\org\springdoc\springdoc-openapi-starter-webmvc-api\2.5.0\springdoc-openapi-starter-webmvc-api-2.5.0.jar, C:\Users\manis\.m2\repository\org\springdoc\springdoc-openapi-starter-common\2.5.0\springdoc-openapi-starter-common-2.5.0.jar, C:\Users\manis\.m2\repository\io\swagger\core\v3\swagger-core-jakarta\2.2.21\swagger-core-jakarta-2.2.21.jar, C:\Users\manis\.m2\repository\io\swagger\core\v3\swagger-annotations-jakarta\2.2.21\swagger-annotations-jakarta-2.2.21.jar, C:\Users\manis\.m2\repository\io\swagger\core\v3\swagger-models-jakarta\2.2.21\swagger-models-jakarta-2.2.21.jar, C:\Users\manis\.m2\repository\com\fasterxml\jackson\dataformat\jackson-dataformat-yaml\2.17.1\jackson-dataformat-yaml-2.17.1.jar, C:\Users\manis\.m2\repository\org\webjars\swagger-ui\5.13.0\swagger-ui-5.13.0.jar]
[DEBUG]   (f) compileSourceRoots = [C:\Users\manis\OneDrive\Desktop\LemonAcademy\E-Commerce\backend\src\main\java]
[DEBUG]   (f) compilerId = javac
[DEBUG]   (f) createMissingPackageInfoClass = true
[DEBUG]   (f) debug = true
[DEBUG]   (f) debugFileName = javac
[DEBUG]   (f) enablePreview = false
[DEBUG]   (f) encoding = UTF-8
[DEBUG]   (f) failOnError = true
[DEBUG]   (f) failOnWarning = false
[DEBUG]   (f) fileExtensions = [jar, class]
[DEBUG]   (f) forceJavacCompilerUse = false
[DEBUG]   (f) forceLegacyJavacApi = false
[DEBUG]   (f) fork = false
[DEBUG]   (f) generatedSourcesDirectory = C:\Users\manis\OneDrive\Desktop\LemonAcademy\E-Commerce\backend\target\generated-sources\annotations
[DEBUG]   (f) mojoExecution = org.apache.maven.plugins:maven-compiler-plugin:3.13.0:compile {execution: default-compile}
[DEBUG]   (f) optimize = false
[DEBUG]   (f) outputDirectory = C:\Users\manis\OneDrive\Desktop\LemonAcademy\E-Commerce\backend\target\classes
[DEBUG]   (f) parameters = true
[DEBUG]   (f) project = MavenProject: com.lemonacademy:ecommerce:0.0.1-SNAPSHOT @ C:\Users\manis\OneDrive\Desktop\LemonAcademy\E-Commerce\backend\pom.xml
[DEBUG]   (f) projectArtifact = com.lemonacademy:ecommerce:jar:0.0.1-SNAPSHOT
[DEBUG]   (s) release = 21
[DEBUG]   (f) session = org.apache.maven.execution.MavenSession@7bab5898
[DEBUG]   (f) showCompilationChanges = false
[DEBUG]   (f) showDeprecation = false
[DEBUG]   (f) showWarnings = true
[DEBUG]   (f) skipMultiThreadWarning = false
[DEBUG]   (f) source = 1.8
[DEBUG]   (f) staleMillis = 0
[DEBUG]   (s) target = 1.8
[DEBUG]   (f) useIncrementalCompilation = true
[DEBUG]   (f) verbose = false
[DEBUG] -- end configuration --
[DEBUG] Using compiler 'javac'.
[DEBUG] Adding C:\Users\manis\OneDrive\Desktop\LemonAcademy\E-Commerce\backend\target\generated-sources\annotations to compile source roots:
  C:\Users\manis\OneDrive\Desktop\LemonAcademy\E-Commerce\backend\src\main\java
[DEBUG] New compile source roots:
  C:\Users\manis\OneDrive\Desktop\LemonAcademy\E-Commerce\backend\src\main\java
  C:\Users\manis\OneDrive\Desktop\LemonAcademy\E-Commerce\backend\target\generated-sources\annotations
[DEBUG] CompilerReuseStrategy: reuseCreated
[DEBUG] useIncrementalCompilation enabled
[INFO] 	Stale source detected: C:\Users\manis\OneDrive\Desktop\LemonAcademy\E-Commerce\backend\src\main\java\com\lemonacademy\ecommerce\dto\ImageUploadResponse.java
[INFO] 	Stale source detected: C:\Users\manis\OneDrive\Desktop\LemonAcademy\E-Commerce\backend\src\main\java\com\lemonacademy\ecommerce\dto\AddressRequest.java
[INFO] 	Stale source detected: C:\Users\manis\OneDrive\Desktop\LemonAcademy\E-Commerce\backend\src\main\java\com\lemonacademy\ecommerce\dto\CartResponse.java
[INFO] 	Stale source detected: C:\Users\manis\OneDrive\Desktop\LemonAcademy\E-Commerce\backend\src\main\java\com\lemonacademy\ecommerce\controller\CategoryController.java
[INFO] 	Stale source detected: C:\Users\manis\OneDrive\Desktop\LemonAcademy\E-Commerce\backend\src\main\java\com\lemonacademy\ecommerce\dto\AuthResponse.java
[INFO] 	Stale source detected: C:\Users\manis\OneDrive\Desktop\LemonAcademy\E-Commerce\backend\src\main\java\com\lemonacademy\ecommerce\exception\InsufficientStockException.java
[INFO] 	Stale source detected: C:\Users\manis\OneDrive\Desktop\LemonAcademy\E-Commerce\backend\src\main\java\com\lemonacademy\ecommerce\service\AdminServiceImpl.java
[INFO] 	Stale source detected: C:\Users\manis\OneDrive\Desktop\LemonAcademy\E-Commerce\backend\src\main\java\com\lemonacademy\ecommerce\security\CookieUtils.java
[INFO] 	Stale source detected: C:\Users\manis\OneDrive\Desktop\LemonAcademy\E-Commerce\backend\src\main\java\com\lemonacademy\ecommerce\shipping\service\IcarryEstimateService.java
[INFO] 	Stale source detected: C:\Users\manis\OneDrive\Desktop\LemonAcademy\E-Commerce\backend\src\main\java\com\lemonacademy\ecommerce\dto\SendOtpRequest.java
[INFO] 	Stale source detected: C:\Users\manis\OneDrive\Desktop\LemonAcademy\E-Commerce\backend\src\main\java\com\lemonacademy\ecommerce\controller\AuthController.java
[INFO] 	Stale source detected: C:\Users\manis\OneDrive\Desktop\LemonAcademy\E-Commerce\backend\src\main\java\com\lemonacademy\ecommerce\exception\InvalidOperationException.java
[INFO] 	Stale source detected: C:\Users\manis\OneDrive\Desktop\LemonAcademy\E-Commerce\backend\src\main\java\com\lemonacademy\ecommerce\shipping\client\IcarryClient.java
[INFO] 	Stale source detected: C:\Users\manis\OneDrive\Desktop\LemonAcademy\E-Commerce\backend\src\main\java\com\lemonacademy\ecommerce\shipping\config\IcarryConfig.java
[INFO] 	Stale source detected: C:\Users\manis\OneDrive\Desktop\LemonAcademy\E-Commerce\backend\src\main\java\com\lemonacademy\ecommerce\service\CloudinaryService.java
[INFO] 	Stale source detected: C:\Users\manis\OneDrive\Desktop\LemonAcademy\E-Commerce\backend\src\main\java\com\lemonacademy\ecommerce\dto\CategoryDto.java
[INFO] 	Stale source detected: C:\Users\manis\OneDrive\Desktop\LemonAcademy\E-Commerce\backend\src\main\java\com\lemonacademy\ecommerce\repository\UserCouponRepository.java
[INFO] 	Stale source detected: C:\Users\manis\OneDrive\Desktop\LemonAcademy\E-Commerce\backend\src\main\java\com\lemonacademy\ecommerce\dto\RegisterRequest.java
[INFO] 	Stale source detected: C:\Users\manis\OneDrive\Desktop\LemonAcademy\E-Commerce\backend\src\main\java\com\lemonacademy\ecommerce\security\JwtService.java
[INFO] 	Stale source detected: C:\Users\manis\OneDrive\Desktop\LemonAcademy\E-Commerce\backend\src\main\java\com\lemonacademy\ecommerce\service\AddressService.java
[INFO] 	Stale source detected: C:\Users\manis\OneDrive\Desktop\LemonAcademy\E-Commerce\backend\src\main\java\com\lemonacademy\ecommerce\dto\UserResponse.java
[INFO] 	Stale source detected: C:\Users\manis\OneDrive\Desktop\LemonAcademy\E-Commerce\backend\src\main\java\com\lemonacademy\ecommerce\dto\DashboardResponse.java
[INFO] 	Stale source detected: C:\Users\manis\OneDrive\Desktop\LemonAcademy\E-Commerce\backend\src\main\java\com\lemonacademy\ecommerce\controller\AdminController.java
[INFO] 	Stale source detected: C:\Users\manis\OneDrive\Desktop\LemonAcademy\E-Commerce\backend\src\main\java\com\lemonacademy\ecommerce\config\CloudinaryConfig.java
[INFO] 	Stale source detected: C:\Users\manis\OneDrive\Desktop\LemonAcademy\E-Commerce\backend\src\main\java\com\lemonacademy\ecommerce\dto\AddressResponse.java
[INFO] 	Stale source detected: C:\Users\manis\OneDrive\Desktop\LemonAcademy\E-Commerce\backend\src\main\java\com\lemonacademy\ecommerce\controller\AdminUserController.java
[INFO] 	Stale source detected: C:\Users\manis\OneDrive\Desktop\LemonAcademy\E-Commerce\backend\src\main\java\com\lemonacademy\ecommerce\dto\ProductRequestDto.java
[INFO] 	Stale source detected: C:\Users\manis\OneDrive\Desktop\LemonAcademy\E-Commerce\backend\src\main\java\com\lemonacademy\ecommerce\service\ProductService.java
[INFO] 	Stale source detected: C:\Users\manis\OneDrive\Desktop\LemonAcademy\E-Commerce\backend\src\main\java\com\lemonacademy\ecommerce\shipping\service\IcarryAuthService.java
[INFO] 	Stale source detected: C:\Users\manis\OneDrive\Desktop\LemonAcademy\E-Commerce\backend\src\main\java\com\lemonacademy\ecommerce\security\CustomUserDetailsService.java
[INFO] 	Stale source detected: C:\Users\manis\OneDrive\Desktop\LemonAcademy\E-Commerce\backend\src\main\java\com\lemonacademy\ecommerce\controller\AdminDashboardController.java
[INFO] 	Stale source detected: C:\Users\manis\OneDrive\Desktop\LemonAcademy\E-Commerce\backend\src\main\java\com\lemonacademy\ecommerce\dto\CartItemResponse.java
[INFO] 	Stale source detected: C:\Users\manis\OneDrive\Desktop\LemonAcademy\E-Commerce\backend\src\main\java\com\lemonacademy\ecommerce\controller\CartController.java
[INFO] 	Stale source detected: C:\Users\manis\OneDrive\Desktop\LemonAcademy\E-Commerce\backend\src\main\java\com\lemonacademy\ecommerce\config\CorsConfig.java
[INFO] 	Stale source detected: C:\Users\manis\OneDrive\Desktop\LemonAcademy\E-Commerce\backend\src\main\java\com\lemonacademy\ecommerce\shipping\dto\PickupAddressRequest.java
[INFO] 	Stale source detected: C:\Users\manis\OneDrive\Desktop\LemonAcademy\E-Commerce\backend\src\main\java\com\lemonacademy\ecommerce\shipping\dto\ShippingEstimateRequest.java
[INFO] 	Stale source detected: C:\Users\manis\OneDrive\Desktop\LemonAcademy\E-Commerce\backend\src\main\java\com\lemonacademy\ecommerce\service\UpstashRedisService.java
[INFO] 	Stale source detected: C:\Users\manis\OneDrive\Desktop\LemonAcademy\E-Commerce\backend\src\main\java\com\lemonacademy\ecommerce\shipping\dto\CancelShipmentRequest.java
[INFO] 	Stale source detected: C:\Users\manis\OneDrive\Desktop\LemonAcademy\E-Commerce\backend\src\main\java\com\lemonacademy\ecommerce\repository\OrderRepository.java
[INFO] 	Stale source detected: C:\Users\manis\OneDrive\Desktop\LemonAcademy\E-Commerce\backend\src\main\java\com\lemonacademy\ecommerce\shipping\service\IcarryShipmentService.java
[INFO] 	Stale source detected: C:\Users\manis\OneDrive\Desktop\LemonAcademy\E-Commerce\backend\src\main\java\com\lemonacademy\ecommerce\dto\OrderItemResponse.java
[INFO] 	Stale source detected: C:\Users\manis\OneDrive\Desktop\LemonAcademy\E-Commerce\backend\src\main\java\com\lemonacademy\ecommerce\controller\AddressController.java
[INFO] 	Stale source detected: C:\Users\manis\OneDrive\Desktop\LemonAcademy\E-Commerce\backend\src\main\java\com\lemonacademy\ecommerce\shipping\dto\TrackingResponse.java
[INFO] 	Stale source detected: C:\Users\manis\OneDrive\Desktop\LemonAcademy\E-Commerce\backend\src\main\java\com\lemonacademy\ecommerce\shipping\controller\ShippingController.java
[INFO] 	Stale source detected: C:\Users\manis\OneDrive\Desktop\LemonAcademy\E-Commerce\backend\src\main\java\com\lemonacademy\ecommerce\dto\ProductResponseDto.java
[INFO] 	Stale source detected: C:\Users\manis\OneDrive\Desktop\LemonAcademy\E-Commerce\backend\src\main\java\com\lemonacademy\ecommerce\security\HttpCookieOAuth2AuthorizationRequestRepository.java
[INFO] 	Stale source detected: C:\Users\manis\OneDrive\Desktop\LemonAcademy\E-Commerce\backend\src\main\java\com\lemonacademy\ecommerce\dto\OrderRequest.java
[INFO] 	Stale source detected: C:\Users\manis\OneDrive\Desktop\LemonAcademy\E-Commerce\backend\src\main\java\com\lemonacademy\ecommerce\repository\AddressRepository.java
[INFO] 	Stale source detected: C:\Users\manis\OneDrive\Desktop\LemonAcademy\E-Commerce\backend\src\main\java\com\lemonacademy\ecommerce\service\AuthService.java
[INFO] 	Stale source detected: C:\Users\manis\OneDrive\Desktop\LemonAcademy\E-Commerce\backend\src\main\java\com\lemonacademy\ecommerce\exception\UnauthorizedAccessException.java
[INFO] 	Stale source detected: C:\Users\manis\OneDrive\Desktop\LemonAcademy\E-Commerce\backend\src\main\java\com\lemonacademy\ecommerce\entity\Product.java
[INFO] 	Stale source detected: C:\Users\manis\OneDrive\Desktop\LemonAcademy\E-Commerce\backend\src\main\java\com\lemonacademy\ecommerce\service\OrderService.java
[INFO] 	Stale source detected: C:\Users\manis\OneDrive\Desktop\LemonAcademy\E-Commerce\backend\src\main\java\com\lemonacademy\ecommerce\shipping\dto\IcarryWebhookPayload.java
[INFO] 	Stale source detected: C:\Users\manis\OneDrive\Desktop\LemonAcademy\E-Commerce\backend\src\main\java\com\lemonacademy\ecommerce\repository\OrderItemRepository.java
[INFO] 	Stale source detected: C:\Users\manis\OneDrive\Desktop\LemonAcademy\E-Commerce\backend\src\main\java\com\lemonacademy\ecommerce\shipping\dto\CourierEstimateResponse.java
[INFO] 	Stale source detected: C:\Users\manis\OneDrive\Desktop\LemonAcademy\E-Commerce\backend\src\main\java\com\lemonacademy\ecommerce\repository\AdminRepository.java
[INFO] 	Stale source detected: C:\Users\manis\OneDrive\Desktop\LemonAcademy\E-Commerce\backend\src\main\java\com\lemonacademy\ecommerce\security\OAuth2AuthenticationFailureHandler.java
[INFO] 	Stale source detected: C:\Users\manis\OneDrive\Desktop\LemonAcademy\E-Commerce\backend\src\main\java\com\lemonacademy\ecommerce\service\CategoryService.java
[INFO] 	Stale source detected: C:\Users\manis\OneDrive\Desktop\LemonAcademy\E-Commerce\backend\src\main\java\com\lemonacademy\ecommerce\dto\AdminAuthResponse.java
[INFO] 	Stale source detected: C:\Users\manis\OneDrive\Desktop\LemonAcademy\E-Commerce\backend\src\main\java\com\lemonacademy\ecommerce\service\CartService.java
[INFO] 	Stale source detected: C:\Users\manis\OneDrive\Desktop\LemonAcademy\E-Commerce\backend\src\main\java\com\lemonacademy\ecommerce\entity\CartItem.java
[INFO] 	Stale source detected: C:\Users\manis\OneDrive\Desktop\LemonAcademy\E-Commerce\backend\src\main\java\com\lemonacademy\ecommerce\shipping\dto\CustomerEstimateRequest.java
[INFO] 	Stale source detected: C:\Users\manis\OneDrive\Desktop\LemonAcademy\E-Commerce\backend\src\main\java\com\lemonacademy\ecommerce\dto\OrderResponse.java
[INFO] 	Stale source detected: C:\Users\manis\OneDrive\Desktop\LemonAcademy\E-Commerce\backend\src\main\java\com\lemonacademy\ecommerce\controller\OrderController.java
[INFO] 	Stale source detected: C:\Users\manis\OneDrive\Desktop\LemonAcademy\E-Commerce\backend\src\main\java\com\lemonacademy\ecommerce\dto\PageResponseDto.java
[INFO] 	Stale source detected: C:\Users\manis\OneDrive\Desktop\LemonAcademy\E-Commerce\backend\src\main\java\com\lemonacademy\ecommerce\repository\CartItemRepository.java
[INFO] 	Stale source detected: C:\Users\manis\OneDrive\Desktop\LemonAcademy\E-Commerce\backend\src\main\java\com\lemonacademy\ecommerce\controller\ProductController.java
[INFO] 	Stale source detected: C:\Users\manis\OneDrive\Desktop\LemonAcademy\E-Commerce\backend\src\main\java\com\lemonacademy\ecommerce\shipping\webhook\IcarryWebhookController.java
[INFO] 	Stale source detected: C:\Users\manis\OneDrive\Desktop\LemonAcademy\E-Commerce\backend\src\main\java\com\lemonacademy\ecommerce\security\JwtAuthenticationFilter.java
[INFO] 	Stale source detected: C:\Users\manis\OneDrive\Desktop\LemonAcademy\E-Commerce\backend\src\main\java\com\lemonacademy\ecommerce\security\SecurityConfig.java
[INFO] 	Stale source detected: C:\Users\manis\OneDrive\Desktop\LemonAcademy\E-Commerce\backend\src\main\java\com\lemonacademy\ecommerce\service\AdminService.java
[INFO] 	Stale source detected: C:\Users\manis\OneDrive\Desktop\LemonAcademy\E-Commerce\backend\src\main\java\com\lemonacademy\ecommerce\shipping\service\IcarryLabelService.java
[INFO] 	Stale source detected: C:\Users\manis\OneDrive\Desktop\LemonAcademy\E-Commerce\backend\src\main\java\com\lemonacademy\ecommerce\repository\CategoryRepository.java
[INFO] 	Stale source detected: C:\Users\manis\OneDrive\Desktop\LemonAcademy\E-Commerce\backend\src\main\java\com\lemonacademy\ecommerce\dto\UpdateProfileRequest.java
[INFO] 	Stale source detected: C:\Users\manis\OneDrive\Desktop\LemonAcademy\E-Commerce\backend\src\main\java\com\lemonacademy\ecommerce\exception\UserAlreadyExistsException.java
[INFO] 	Stale source detected: C:\Users\manis\OneDrive\Desktop\LemonAcademy\E-Commerce\backend\src\main\java\com\lemonacademy\ecommerce\dto\UpdateCartItemRequest.java
[INFO] 	Stale source detected: C:\Users\manis\OneDrive\Desktop\LemonAcademy\E-Commerce\backend\src\main\java\com\lemonacademy\ecommerce\dto\UserProfileResponse.java
[INFO] 	Stale source detected: C:\Users\manis\OneDrive\Desktop\LemonAcademy\E-Commerce\backend\src\main\java\com\lemonacademy\ecommerce\entity\OrderStatus.java
[INFO] 	Stale source detected: C:\Users\manis\OneDrive\Desktop\LemonAcademy\E-Commerce\backend\src\main\java\com\lemonacademy\ecommerce\shipping\exception\IcarryApiException.java
[INFO] 	Stale source detected: C:\Users\manis\OneDrive\Desktop\LemonAcademy\E-Commerce\backend\src\main\java\com\lemonacademy\ecommerce\entity\Admin.java
[INFO] 	Stale source detected: C:\Users\manis\OneDrive\Desktop\LemonAcademy\E-Commerce\backend\src\main\java\com\lemonacademy\ecommerce\entity\User.java
[INFO] 	Stale source detected: C:\Users\manis\OneDrive\Desktop\LemonAcademy\E-Commerce\backend\src\main\java\com\lemonacademy\ecommerce\security\AdminUserDetails.java
[INFO] 	Stale source detected: C:\Users\manis\OneDrive\Desktop\LemonAcademy\E-Commerce\backend\src\main\java\com\lemonacademy\ecommerce\security\OAuth2AuthenticationSuccessHandler.java
[INFO] 	Stale source detected: C:\Users\manis\OneDrive\Desktop\LemonAcademy\E-Commerce\backend\src\main\java\com\lemonacademy\ecommerce\exception\ResourceNotFoundException.java
[INFO] 	Stale source detected: C:\Users\manis\OneDrive\Desktop\LemonAcademy\E-Commerce\backend\src\main\java\com\lemonacademy\ecommerce\dto\VerifyOtpRequest.java
[INFO] 	Stale source detected: C:\Users\manis\OneDrive\Desktop\LemonAcademy\E-Commerce\backend\src\main\java\com\lemonacademy\ecommerce\entity\Category.java
[INFO] 	Stale source detected: C:\Users\manis\OneDrive\Desktop\LemonAcademy\E-Commerce\backend\src\main\java\com\lemonacademy\ecommerce\shipping\service\IcarryWebhookService.java
[INFO] 	Stale source detected: C:\Users\manis\OneDrive\Desktop\LemonAcademy\E-Commerce\backend\src\main\java\com\lemonacademy\ecommerce\dto\LoginRequest.java
[INFO] 	Stale source detected: C:\Users\manis\OneDrive\Desktop\LemonAcademy\E-Commerce\backend\src\main\java\com\lemonacademy\ecommerce\shipping\exception\ShipmentCancelledException.java
[INFO] 	Stale source detected: C:\Users\manis\OneDrive\Desktop\LemonAcademy\E-Commerce\backend\src\main\java\com\lemonacademy\ecommerce\controller\UserController.java
[INFO] 	Stale source detected: C:\Users\manis\OneDrive\Desktop\LemonAcademy\E-Commerce\backend\src\main\java\com\lemonacademy\ecommerce\entity\UserCoupon.java
[INFO] 	Stale source detected: C:\Users\manis\OneDrive\Desktop\LemonAcademy\E-Commerce\backend\src\main\java\com\lemonacademy\ecommerce\entity\Coupon.java
[INFO] 	Stale source detected: C:\Users\manis\OneDrive\Desktop\LemonAcademy\E-Commerce\backend\src\main\java\com\lemonacademy\ecommerce\repository\CartRepository.java
[INFO] 	Stale source detected: C:\Users\manis\OneDrive\Desktop\LemonAcademy\E-Commerce\backend\src\main\java\com\lemonacademy\ecommerce\dto\AddToCartRequest.java
[INFO] 	Stale source detected: C:\Users\manis\OneDrive\Desktop\LemonAcademy\E-Commerce\backend\src\main\java\com\lemonacademy\ecommerce\shipping\dto\BookShipmentRequest.java
[INFO] 	Stale source detected: C:\Users\manis\OneDrive\Desktop\LemonAcademy\E-Commerce\backend\src\main\java\com\lemonacademy\ecommerce\repository\UserRepository.java
[INFO] 	Stale source detected: C:\Users\manis\OneDrive\Desktop\LemonAcademy\E-Commerce\backend\src\main\java\com\lemonacademy\ecommerce\service\DashboardService.java
[INFO] 	Stale source detected: C:\Users\manis\OneDrive\Desktop\LemonAcademy\E-Commerce\backend\src\main\java\com\lemonacademy\ecommerce\service\OtpService.java
[INFO] 	Stale source detected: C:\Users\manis\OneDrive\Desktop\LemonAcademy\E-Commerce\backend\src\main\java\com\lemonacademy\ecommerce\shipping\exception\DuplicateShipmentException.java
[INFO] 	Stale source detected: C:\Users\manis\OneDrive\Desktop\LemonAcademy\E-Commerce\backend\src\main\java\com\lemonacademy\ecommerce\entity\Cart.java
[INFO] 	Stale source detected: C:\Users\manis\OneDrive\Desktop\LemonAcademy\E-Commerce\backend\src\main\java\com\lemonacademy\ecommerce\security\AdminUserDetailsService.java
[INFO] 	Stale source detected: C:\Users\manis\OneDrive\Desktop\LemonAcademy\E-Commerce\backend\src\main\java\com\lemonacademy\ecommerce\entity\Role.java
[INFO] 	Stale source detected: C:\Users\manis\OneDrive\Desktop\LemonAcademy\E-Commerce\backend\src\main\java\com\lemonacademy\ecommerce\dto\AdminLoginRequest.java
[INFO] 	Stale source detected: C:\Users\manis\OneDrive\Desktop\LemonAcademy\E-Commerce\backend\src\main\java\com\lemonacademy\ecommerce\entity\Address.java
[INFO] 	Stale source detected: C:\Users\manis\OneDrive\Desktop\LemonAcademy\E-Commerce\backend\src\main\java\com\lemonacademy\ecommerce\dto\OrderStatusRequest.java
[INFO] 	Stale source detected: C:\Users\manis\OneDrive\Desktop\LemonAcademy\E-Commerce\backend\src\main\java\com\lemonacademy\ecommerce\shipping\service\IcarryPickupService.java
[INFO] 	Stale source detected: C:\Users\manis\OneDrive\Desktop\LemonAcademy\E-Commerce\backend\src\main\java\com\lemonacademy\ecommerce\entity\Order.java
[INFO] 	Stale source detected: C:\Users\manis\OneDrive\Desktop\LemonAcademy\E-Commerce\backend\src\main\java\com\lemonacademy\ecommerce\dto\ChangePasswordRequest.java
[INFO] 	Stale source detected: C:\Users\manis\OneDrive\Desktop\LemonAcademy\E-Commerce\backend\src\main\java\com\lemonacademy\ecommerce\shipping\util\DimensionParser.java
[INFO] 	Stale source detected: C:\Users\manis\OneDrive\Desktop\LemonAcademy\E-Commerce\backend\src\main\java\com\lemonacademy\ecommerce\repository\ProductRepository.java
[INFO] 	Stale source detected: C:\Users\manis\OneDrive\Desktop\LemonAcademy\E-Commerce\backend\src\main\java\com\lemonacademy\ecommerce\shipping\controller\CustomerShippingController.java
[INFO] 	Stale source detected: C:\Users\manis\OneDrive\Desktop\LemonAcademy\E-Commerce\backend\src\main\java\com\lemonacademy\ecommerce\service\WhatsappService.java
[INFO] 	Stale source detected: C:\Users\manis\OneDrive\Desktop\LemonAcademy\E-Commerce\backend\src\main\java\com\lemonacademy\ecommerce\dto\AdminResponse.java
[INFO] 	Stale source detected: C:\Users\manis\OneDrive\Desktop\LemonAcademy\E-Commerce\backend\src\main\java\com\lemonacademy\ecommerce\entity\OrderItem.java
[INFO] 	Stale source detected: C:\Users\manis\OneDrive\Desktop\LemonAcademy\E-Commerce\backend\src\main\java\com\lemonacademy\ecommerce\config\AdminInitializer.java
[INFO] 	Stale source detected: C:\Users\manis\OneDrive\Desktop\LemonAcademy\E-Commerce\backend\src\main\java\com\lemonacademy\ecommerce\shipping\exception\ShippingException.java
[INFO] 	Stale source detected: C:\Users\manis\OneDrive\Desktop\LemonAcademy\E-Commerce\backend\src\main\java\com\lemonacademy\ecommerce\EcommerceApplication.java
[INFO] 	Stale source detected: C:\Users\manis\OneDrive\Desktop\LemonAcademy\E-Commerce\backend\src\main\java\com\lemonacademy\ecommerce\controller\AdminOrderController.java
[INFO] 	Stale source detected: C:\Users\manis\OneDrive\Desktop\LemonAcademy\E-Commerce\backend\src\main\java\com\lemonacademy\ecommerce\exception\GlobalExceptionHandler.java
[INFO] 	Stale source detected: C:\Users\manis\OneDrive\Desktop\LemonAcademy\E-Commerce\backend\src\main\java\com\lemonacademy\ecommerce\service\UserService.java
[INFO] 	Stale source detected: C:\Users\manis\OneDrive\Desktop\LemonAcademy\E-Commerce\backend\src\main\java\com\lemonacademy\ecommerce\dto\ApiResponse.java
[INFO] 	Stale source detected: C:\Users\manis\OneDrive\Desktop\LemonAcademy\E-Commerce\backend\src\main\java\com\lemonacademy\ecommerce\shipping\service\IcarryTrackingService.java
[INFO] 	Stale source detected: C:\Users\manis\OneDrive\Desktop\LemonAcademy\E-Commerce\backend\src\main\java\com\lemonacademy\ecommerce\controller\AdminProductController.java
[INFO] 	Stale source detected: C:\Users\manis\OneDrive\Desktop\LemonAcademy\E-Commerce\backend\src\main\java\com\lemonacademy\ecommerce\shipping\controller\AdminShippingController.java
[INFO] 	Stale source detected: C:\Users\manis\OneDrive\Desktop\LemonAcademy\E-Commerce\backend\src\main\java\com\lemonacademy\ecommerce\entity\AuthProvider.java
[INFO] 	Stale source detected: C:\Users\manis\OneDrive\Desktop\LemonAcademy\E-Commerce\backend\src\main\java\com\lemonacademy\ecommerce\repository\CouponRepository.java
[INFO] 	Input tree files (+): C:\Users\manis\OneDrive\Desktop\LemonAcademy\E-Commerce\backend\src\main\java\com\lemonacademy\ecommerce\config\AdminInitializer.java
[INFO] 	Input tree files (+): C:\Users\manis\OneDrive\Desktop\LemonAcademy\E-Commerce\backend\src\main\java\com\lemonacademy\ecommerce\config\CloudinaryConfig.java
[INFO] 	Input tree files (+): C:\Users\manis\OneDrive\Desktop\LemonAcademy\E-Commerce\backend\src\main\java\com\lemonacademy\ecommerce\config\CorsConfig.java
[INFO] 	Input tree files (+): C:\Users\manis\OneDrive\Desktop\LemonAcademy\E-Commerce\backend\src\main\java\com\lemonacademy\ecommerce\controller\AddressController.java
[INFO] 	Input tree files (+): C:\Users\manis\OneDrive\Desktop\LemonAcademy\E-Commerce\backend\src\main\java\com\lemonacademy\ecommerce\controller\AdminController.java
[INFO] 	Input tree files (+): C:\Users\manis\OneDrive\Desktop\LemonAcademy\E-Commerce\backend\src\main\java\com\lemonacademy\ecommerce\controller\AdminDashboardController.java
[INFO] 	Input tree files (+): C:\Users\manis\OneDrive\Desktop\LemonAcademy\E-Commerce\backend\src\main\java\com\lemonacademy\ecommerce\controller\AdminOrderController.java
[INFO] 	Input tree files (+): C:\Users\manis\OneDrive\Desktop\LemonAcademy\E-Commerce\backend\src\main\java\com\lemonacademy\ecommerce\controller\AdminProductController.java
[INFO] 	Input tree files (+): C:\Users\manis\OneDrive\Desktop\LemonAcademy\E-Commerce\backend\src\main\java\com\lemonacademy\ecommerce\controller\AdminUserController.java
[INFO] 	Input tree files (+): C:\Users\manis\OneDrive\Desktop\LemonAcademy\E-Commerce\backend\src\main\java\com\lemonacademy\ecommerce\controller\AuthController.java
[INFO] 	Input tree files (+): C:\Users\manis\OneDrive\Desktop\LemonAcademy\E-Commerce\backend\src\main\java\com\lemonacademy\ecommerce\controller\CartController.java
[INFO] 	Input tree files (+): C:\Users\manis\OneDrive\Desktop\LemonAcademy\E-Commerce\backend\src\main\java\com\lemonacademy\ecommerce\controller\CategoryController.java
[INFO] 	Input tree files (+): C:\Users\manis\OneDrive\Desktop\LemonAcademy\E-Commerce\backend\src\main\java\com\lemonacademy\ecommerce\controller\OrderController.java
[INFO] 	Input tree files (+): C:\Users\manis\OneDrive\Desktop\LemonAcademy\E-Commerce\backend\src\main\java\com\lemonacademy\ecommerce\controller\ProductController.java
[INFO] 	Input tree files (+): C:\Users\manis\OneDrive\Desktop\LemonAcademy\E-Commerce\backend\src\main\java\com\lemonacademy\ecommerce\controller\UserController.java
[INFO] 	Input tree files (+): C:\Users\manis\OneDrive\Desktop\LemonAcademy\E-Commerce\backend\src\main\java\com\lemonacademy\ecommerce\dto\AddressRequest.java
[INFO] 	Input tree files (+): C:\Users\manis\OneDrive\Desktop\LemonAcademy\E-Commerce\backend\src\main\java\com\lemonacademy\ecommerce\dto\AddressResponse.java
[INFO] 	Input tree files (+): C:\Users\manis\OneDrive\Desktop\LemonAcademy\E-Commerce\backend\src\main\java\com\lemonacademy\ecommerce\dto\AddToCartRequest.java
[INFO] 	Input tree files (+): C:\Users\manis\OneDrive\Desktop\LemonAcademy\E-Commerce\backend\src\main\java\com\lemonacademy\ecommerce\dto\AdminAuthResponse.java
[INFO] 	Input tree files (+): C:\Users\manis\OneDrive\Desktop\LemonAcademy\E-Commerce\backend\src\main\java\com\lemonacademy\ecommerce\dto\AdminLoginRequest.java
[INFO] 	Input tree files (+): C:\Users\manis\OneDrive\Desktop\LemonAcademy\E-Commerce\backend\src\main\java\com\lemonacademy\ecommerce\dto\AdminResponse.java
[INFO] 	Input tree files (+): C:\Users\manis\OneDrive\Desktop\LemonAcademy\E-Commerce\backend\src\main\java\com\lemonacademy\ecommerce\dto\ApiResponse.java
[INFO] 	Input tree files (+): C:\Users\manis\OneDrive\Desktop\LemonAcademy\E-Commerce\backend\src\main\java\com\lemonacademy\ecommerce\dto\AuthResponse.java
[INFO] 	Input tree files (+): C:\Users\manis\OneDrive\Desktop\LemonAcademy\E-Commerce\backend\src\main\java\com\lemonacademy\ecommerce\dto\CartItemResponse.java
[INFO] 	Input tree files (+): C:\Users\manis\OneDrive\Desktop\LemonAcademy\E-Commerce\backend\src\main\java\com\lemonacademy\ecommerce\dto\CartResponse.java
[INFO] 	Input tree files (+): C:\Users\manis\OneDrive\Desktop\LemonAcademy\E-Commerce\backend\src\main\java\com\lemonacademy\ecommerce\dto\CategoryDto.java
[INFO] 	Input tree files (+): C:\Users\manis\OneDrive\Desktop\LemonAcademy\E-Commerce\backend\src\main\java\com\lemonacademy\ecommerce\dto\ChangePasswordRequest.java
[INFO] 	Input tree files (+): C:\Users\manis\OneDrive\Desktop\LemonAcademy\E-Commerce\backend\src\main\java\com\lemonacademy\ecommerce\dto\DashboardResponse.java
[INFO] 	Input tree files (+): C:\Users\manis\OneDrive\Desktop\LemonAcademy\E-Commerce\backend\src\main\java\com\lemonacademy\ecommerce\dto\ImageUploadResponse.java
[INFO] 	Input tree files (+): C:\Users\manis\OneDrive\Desktop\LemonAcademy\E-Commerce\backend\src\main\java\com\lemonacademy\ecommerce\dto\LoginRequest.java
[INFO] 	Input tree files (+): C:\Users\manis\OneDrive\Desktop\LemonAcademy\E-Commerce\backend\src\main\java\com\lemonacademy\ecommerce\dto\OrderItemResponse.java
[INFO] 	Input tree files (+): C:\Users\manis\OneDrive\Desktop\LemonAcademy\E-Commerce\backend\src\main\java\com\lemonacademy\ecommerce\dto\OrderRequest.java
[INFO] 	Input tree files (+): C:\Users\manis\OneDrive\Desktop\LemonAcademy\E-Commerce\backend\src\main\java\com\lemonacademy\ecommerce\dto\OrderResponse.java
[INFO] 	Input tree files (+): C:\Users\manis\OneDrive\Desktop\LemonAcademy\E-Commerce\backend\src\main\java\com\lemonacademy\ecommerce\dto\OrderStatusRequest.java
[INFO] 	Input tree files (+): C:\Users\manis\OneDrive\Desktop\LemonAcademy\E-Commerce\backend\src\main\java\com\lemonacademy\ecommerce\dto\PageResponseDto.java
[INFO] 	Input tree files (+): C:\Users\manis\OneDrive\Desktop\LemonAcademy\E-Commerce\backend\src\main\java\com\lemonacademy\ecommerce\dto\ProductRequestDto.java
[INFO] 	Input tree files (+): C:\Users\manis\OneDrive\Desktop\LemonAcademy\E-Commerce\backend\src\main\java\com\lemonacademy\ecommerce\dto\ProductResponseDto.java
[INFO] 	Input tree files (+): C:\Users\manis\OneDrive\Desktop\LemonAcademy\E-Commerce\backend\src\main\java\com\lemonacademy\ecommerce\dto\RegisterRequest.java
[INFO] 	Input tree files (+): C:\Users\manis\OneDrive\Desktop\LemonAcademy\E-Commerce\backend\src\main\java\com\lemonacademy\ecommerce\dto\SendOtpRequest.java
[INFO] 	Input tree files (+): C:\Users\manis\OneDrive\Desktop\LemonAcademy\E-Commerce\backend\src\main\java\com\lemonacademy\ecommerce\dto\UpdateCartItemRequest.java
[INFO] 	Input tree files (+): C:\Users\manis\OneDrive\Desktop\LemonAcademy\E-Commerce\backend\src\main\java\com\lemonacademy\ecommerce\dto\UpdateProfileRequest.java
[INFO] 	Input tree files (+): C:\Users\manis\OneDrive\Desktop\LemonAcademy\E-Commerce\backend\src\main\java\com\lemonacademy\ecommerce\dto\UserProfileResponse.java
[INFO] 	Input tree files (+): C:\Users\manis\OneDrive\Desktop\LemonAcademy\E-Commerce\backend\src\main\java\com\lemonacademy\ecommerce\dto\UserResponse.java
[INFO] 	Input tree files (+): C:\Users\manis\OneDrive\Desktop\LemonAcademy\E-Commerce\backend\src\main\java\com\lemonacademy\ecommerce\dto\VerifyOtpRequest.java
[INFO] 	Input tree files (+): C:\Users\manis\OneDrive\Desktop\LemonAcademy\E-Commerce\backend\src\main\java\com\lemonacademy\ecommerce\EcommerceApplication.java
[INFO] 	Input tree files (+): C:\Users\manis\OneDrive\Desktop\LemonAcademy\E-Commerce\backend\src\main\java\com\lemonacademy\ecommerce\entity\Address.java
[INFO] 	Input tree files (+): C:\Users\manis\OneDrive\Desktop\LemonAcademy\E-Commerce\backend\src\main\java\com\lemonacademy\ecommerce\entity\Admin.java
[INFO] 	Input tree files (+): C:\Users\manis\OneDrive\Desktop\LemonAcademy\E-Commerce\backend\src\main\java\com\lemonacademy\ecommerce\entity\AuthProvider.java
[INFO] 	Input tree files (+): C:\Users\manis\OneDrive\Desktop\LemonAcademy\E-Commerce\backend\src\main\java\com\lemonacademy\ecommerce\entity\Cart.java
[INFO] 	Input tree files (+): C:\Users\manis\OneDrive\Desktop\LemonAcademy\E-Commerce\backend\src\main\java\com\lemonacademy\ecommerce\entity\CartItem.java
[INFO] 	Input tree files (+): C:\Users\manis\OneDrive\Desktop\LemonAcademy\E-Commerce\backend\src\main\java\com\lemonacademy\ecommerce\entity\Category.java
[INFO] 	Input tree files (+): C:\Users\manis\OneDrive\Desktop\LemonAcademy\E-Commerce\backend\src\main\java\com\lemonacademy\ecommerce\entity\Coupon.java
[INFO] 	Input tree files (+): C:\Users\manis\OneDrive\Desktop\LemonAcademy\E-Commerce\backend\src\main\java\com\lemonacademy\ecommerce\entity\Order.java
[INFO] 	Input tree files (+): C:\Users\manis\OneDrive\Desktop\LemonAcademy\E-Commerce\backend\src\main\java\com\lemonacademy\ecommerce\entity\OrderItem.java
[INFO] 	Input tree files (+): C:\Users\manis\OneDrive\Desktop\LemonAcademy\E-Commerce\backend\src\main\java\com\lemonacademy\ecommerce\entity\OrderStatus.java
[INFO] 	Input tree files (+): C:\Users\manis\OneDrive\Desktop\LemonAcademy\E-Commerce\backend\src\main\java\com\lemonacademy\ecommerce\entity\Product.java
[INFO] 	Input tree files (+): C:\Users\manis\OneDrive\Desktop\LemonAcademy\E-Commerce\backend\src\main\java\com\lemonacademy\ecommerce\entity\Role.java
[INFO] 	Input tree files (+): C:\Users\manis\OneDrive\Desktop\LemonAcademy\E-Commerce\backend\src\main\java\com\lemonacademy\ecommerce\entity\User.java
[INFO] 	Input tree files (+): C:\Users\manis\OneDrive\Desktop\LemonAcademy\E-Commerce\backend\src\main\java\com\lemonacademy\ecommerce\entity\UserCoupon.java
[INFO] 	Input tree files (+): C:\Users\manis\OneDrive\Desktop\LemonAcademy\E-Commerce\backend\src\main\java\com\lemonacademy\ecommerce\exception\GlobalExceptionHandler.java
[INFO] 	Input tree files (+): C:\Users\manis\OneDrive\Desktop\LemonAcademy\E-Commerce\backend\src\main\java\com\lemonacademy\ecommerce\exception\InsufficientStockException.java
[INFO] 	Input tree files (+): C:\Users\manis\OneDrive\Desktop\LemonAcademy\E-Commerce\backend\src\main\java\com\lemonacademy\ecommerce\exception\InvalidOperationException.java
[INFO] 	Input tree files (+): C:\Users\manis\OneDrive\Desktop\LemonAcademy\E-Commerce\backend\src\main\java\com\lemonacademy\ecommerce\exception\ResourceNotFoundException.java
[INFO] 	Input tree files (+): C:\Users\manis\OneDrive\Desktop\LemonAcademy\E-Commerce\backend\src\main\java\com\lemonacademy\ecommerce\exception\UnauthorizedAccessException.java
[INFO] 	Input tree files (+): C:\Users\manis\OneDrive\Desktop\LemonAcademy\E-Commerce\backend\src\main\java\com\lemonacademy\ecommerce\exception\UserAlreadyExistsException.java
[INFO] 	Input tree files (+): C:\Users\manis\OneDrive\Desktop\LemonAcademy\E-Commerce\backend\src\main\java\com\lemonacademy\ecommerce\repository\AddressRepository.java
[INFO] 	Input tree files (+): C:\Users\manis\OneDrive\Desktop\LemonAcademy\E-Commerce\backend\src\main\java\com\lemonacademy\ecommerce\repository\AdminRepository.java
[INFO] 	Input tree files (+): C:\Users\manis\OneDrive\Desktop\LemonAcademy\E-Commerce\backend\src\main\java\com\lemonacademy\ecommerce\repository\CartItemRepository.java
[INFO] 	Input tree files (+): C:\Users\manis\OneDrive\Desktop\LemonAcademy\E-Commerce\backend\src\main\java\com\lemonacademy\ecommerce\repository\CartRepository.java
[INFO] 	Input tree files (+): C:\Users\manis\OneDrive\Desktop\LemonAcademy\E-Commerce\backend\src\main\java\com\lemonacademy\ecommerce\repository\CategoryRepository.java
[INFO] 	Input tree files (+): C:\Users\manis\OneDrive\Desktop\LemonAcademy\E-Commerce\backend\src\main\java\com\lemonacademy\ecommerce\repository\CouponRepository.java
[INFO] 	Input tree files (+): C:\Users\manis\OneDrive\Desktop\LemonAcademy\E-Commerce\backend\src\main\java\com\lemonacademy\ecommerce\repository\OrderItemRepository.java
[INFO] 	Input tree files (+): C:\Users\manis\OneDrive\Desktop\LemonAcademy\E-Commerce\backend\src\main\java\com\lemonacademy\ecommerce\repository\OrderRepository.java
[INFO] 	Input tree files (+): C:\Users\manis\OneDrive\Desktop\LemonAcademy\E-Commerce\backend\src\main\java\com\lemonacademy\ecommerce\repository\ProductRepository.java
[INFO] 	Input tree files (+): C:\Users\manis\OneDrive\Desktop\LemonAcademy\E-Commerce\backend\src\main\java\com\lemonacademy\ecommerce\repository\UserCouponRepository.java
[INFO] 	Input tree files (+): C:\Users\manis\OneDrive\Desktop\LemonAcademy\E-Commerce\backend\src\main\java\com\lemonacademy\ecommerce\repository\UserRepository.java
[INFO] 	Input tree files (+): C:\Users\manis\OneDrive\Desktop\LemonAcademy\E-Commerce\backend\src\main\java\com\lemonacademy\ecommerce\security\AdminUserDetails.java
[INFO] 	Input tree files (+): C:\Users\manis\OneDrive\Desktop\LemonAcademy\E-Commerce\backend\src\main\java\com\lemonacademy\ecommerce\security\AdminUserDetailsService.java
[INFO] 	Input tree files (+): C:\Users\manis\OneDrive\Desktop\LemonAcademy\E-Commerce\backend\src\main\java\com\lemonacademy\ecommerce\security\CookieUtils.java
[INFO] 	Input tree files (+): C:\Users\manis\OneDrive\Desktop\LemonAcademy\E-Commerce\backend\src\main\java\com\lemonacademy\ecommerce\security\CustomUserDetailsService.java
[INFO] 	Input tree files (+): C:\Users\manis\OneDrive\Desktop\LemonAcademy\E-Commerce\backend\src\main\java\com\lemonacademy\ecommerce\security\HttpCookieOAuth2AuthorizationRequestRepository.java
[INFO] 	Input tree files (+): C:\Users\manis\OneDrive\Desktop\LemonAcademy\E-Commerce\backend\src\main\java\com\lemonacademy\ecommerce\security\JwtAuthenticationFilter.java
[INFO] 	Input tree files (+): C:\Users\manis\OneDrive\Desktop\LemonAcademy\E-Commerce\backend\src\main\java\com\lemonacademy\ecommerce\security\JwtService.java
[INFO] 	Input tree files (+): C:\Users\manis\OneDrive\Desktop\LemonAcademy\E-Commerce\backend\src\main\java\com\lemonacademy\ecommerce\security\OAuth2AuthenticationFailureHandler.java
[INFO] 	Input tree files (+): C:\Users\manis\OneDrive\Desktop\LemonAcademy\E-Commerce\backend\src\main\java\com\lemonacademy\ecommerce\security\OAuth2AuthenticationSuccessHandler.java
[INFO] 	Input tree files (+): C:\Users\manis\OneDrive\Desktop\LemonAcademy\E-Commerce\backend\src\main\java\com\lemonacademy\ecommerce\security\SecurityConfig.java
[INFO] 	Input tree files (+): C:\Users\manis\OneDrive\Desktop\LemonAcademy\E-Commerce\backend\src\main\java\com\lemonacademy\ecommerce\service\AddressService.java
[INFO] 	Input tree files (+): C:\Users\manis\OneDrive\Desktop\LemonAcademy\E-Commerce\backend\src\main\java\com\lemonacademy\ecommerce\service\AdminService.java
[INFO] 	Input tree files (+): C:\Users\manis\OneDrive\Desktop\LemonAcademy\E-Commerce\backend\src\main\java\com\lemonacademy\ecommerce\service\AdminServiceImpl.java
[INFO] 	Input tree files (+): C:\Users\manis\OneDrive\Desktop\LemonAcademy\E-Commerce\backend\src\main\java\com\lemonacademy\ecommerce\service\AuthService.java
[INFO] 	Input tree files (+): C:\Users\manis\OneDrive\Desktop\LemonAcademy\E-Commerce\backend\src\main\java\com\lemonacademy\ecommerce\service\CartService.java
[INFO] 	Input tree files (+): C:\Users\manis\OneDrive\Desktop\LemonAcademy\E-Commerce\backend\src\main\java\com\lemonacademy\ecommerce\service\CategoryService.java
[INFO] 	Input tree files (+): C:\Users\manis\OneDrive\Desktop\LemonAcademy\E-Commerce\backend\src\main\java\com\lemonacademy\ecommerce\service\CloudinaryService.java
[INFO] 	Input tree files (+): C:\Users\manis\OneDrive\Desktop\LemonAcademy\E-Commerce\backend\src\main\java\com\lemonacademy\ecommerce\service\DashboardService.java
[INFO] 	Input tree files (+): C:\Users\manis\OneDrive\Desktop\LemonAcademy\E-Commerce\backend\src\main\java\com\lemonacademy\ecommerce\service\OrderService.java
[INFO] 	Input tree files (+): C:\Users\manis\OneDrive\Desktop\LemonAcademy\E-Commerce\backend\src\main\java\com\lemonacademy\ecommerce\service\OtpService.java
[INFO] 	Input tree files (+): C:\Users\manis\OneDrive\Desktop\LemonAcademy\E-Commerce\backend\src\main\java\com\lemonacademy\ecommerce\service\ProductService.java
[INFO] 	Input tree files (+): C:\Users\manis\OneDrive\Desktop\LemonAcademy\E-Commerce\backend\src\main\java\com\lemonacademy\ecommerce\service\UpstashRedisService.java
[INFO] 	Input tree files (+): C:\Users\manis\OneDrive\Desktop\LemonAcademy\E-Commerce\backend\src\main\java\com\lemonacademy\ecommerce\service\UserService.java
[INFO] 	Input tree files (+): C:\Users\manis\OneDrive\Desktop\LemonAcademy\E-Commerce\backend\src\main\java\com\lemonacademy\ecommerce\service\WhatsappService.java
[INFO] 	Input tree files (+): C:\Users\manis\OneDrive\Desktop\LemonAcademy\E-Commerce\backend\src\main\java\com\lemonacademy\ecommerce\shipping\client\IcarryClient.java
[INFO] 	Input tree files (+): C:\Users\manis\OneDrive\Desktop\LemonAcademy\E-Commerce\backend\src\main\java\com\lemonacademy\ecommerce\shipping\config\IcarryConfig.java
[INFO] 	Input tree files (+): C:\Users\manis\OneDrive\Desktop\LemonAcademy\E-Commerce\backend\src\main\java\com\lemonacademy\ecommerce\shipping\controller\AdminShippingController.java
[INFO] 	Input tree files (+): C:\Users\manis\OneDrive\Desktop\LemonAcademy\E-Commerce\backend\src\main\java\com\lemonacademy\ecommerce\shipping\controller\CustomerShippingController.java
[INFO] 	Input tree files (+): C:\Users\manis\OneDrive\Desktop\LemonAcademy\E-Commerce\backend\src\main\java\com\lemonacademy\ecommerce\shipping\controller\ShippingController.java
[INFO] 	Input tree files (+): C:\Users\manis\OneDrive\Desktop\LemonAcademy\E-Commerce\backend\src\main\java\com\lemonacademy\ecommerce\shipping\dto\BookShipmentRequest.java
[INFO] 	Input tree files (+): C:\Users\manis\OneDrive\Desktop\LemonAcademy\E-Commerce\backend\src\main\java\com\lemonacademy\ecommerce\shipping\dto\CancelShipmentRequest.java
[INFO] 	Input tree files (+): C:\Users\manis\OneDrive\Desktop\LemonAcademy\E-Commerce\backend\src\main\java\com\lemonacademy\ecommerce\shipping\dto\CourierEstimateResponse.java
[INFO] 	Input tree files (+): C:\Users\manis\OneDrive\Desktop\LemonAcademy\E-Commerce\backend\src\main\java\com\lemonacademy\ecommerce\shipping\dto\CustomerEstimateRequest.java
[INFO] 	Input tree files (+): C:\Users\manis\OneDrive\Desktop\LemonAcademy\E-Commerce\backend\src\main\java\com\lemonacademy\ecommerce\shipping\dto\IcarryWebhookPayload.java
[INFO] 	Input tree files (+): C:\Users\manis\OneDrive\Desktop\LemonAcademy\E-Commerce\backend\src\main\java\com\lemonacademy\ecommerce\shipping\dto\PickupAddressRequest.java
[INFO] 	Input tree files (+): C:\Users\manis\OneDrive\Desktop\LemonAcademy\E-Commerce\backend\src\main\java\com\lemonacademy\ecommerce\shipping\dto\ShippingEstimateRequest.java
[INFO] 	Input tree files (+): C:\Users\manis\OneDrive\Desktop\LemonAcademy\E-Commerce\backend\src\main\java\com\lemonacademy\ecommerce\shipping\dto\TrackingResponse.java
[INFO] 	Input tree files (+): C:\Users\manis\OneDrive\Desktop\LemonAcademy\E-Commerce\backend\src\main\java\com\lemonacademy\ecommerce\shipping\exception\DuplicateShipmentException.java
[INFO] 	Input tree files (+): C:\Users\manis\OneDrive\Desktop\LemonAcademy\E-Commerce\backend\src\main\java\com\lemonacademy\ecommerce\shipping\exception\IcarryApiException.java
[INFO] 	Input tree files (+): C:\Users\manis\OneDrive\Desktop\LemonAcademy\E-Commerce\backend\src\main\java\com\lemonacademy\ecommerce\shipping\exception\ShipmentCancelledException.java
[INFO] 	Input tree files (+): C:\Users\manis\OneDrive\Desktop\LemonAcademy\E-Commerce\backend\src\main\java\com\lemonacademy\ecommerce\shipping\exception\ShippingException.java
[INFO] 	Input tree files (+): C:\Users\manis\OneDrive\Desktop\LemonAcademy\E-Commerce\backend\src\main\java\com\lemonacademy\ecommerce\shipping\service\IcarryAuthService.java
[INFO] 	Input tree files (+): C:\Users\manis\OneDrive\Desktop\LemonAcademy\E-Commerce\backend\src\main\java\com\lemonacademy\ecommerce\shipping\service\IcarryEstimateService.java
[INFO] 	Input tree files (+): C:\Users\manis\OneDrive\Desktop\LemonAcademy\E-Commerce\backend\src\main\java\com\lemonacademy\ecommerce\shipping\service\IcarryLabelService.java
[INFO] 	Input tree files (+): C:\Users\manis\OneDrive\Desktop\LemonAcademy\E-Commerce\backend\src\main\java\com\lemonacademy\ecommerce\shipping\service\IcarryPickupService.java
[INFO] 	Input tree files (+): C:\Users\manis\OneDrive\Desktop\LemonAcademy\E-Commerce\backend\src\main\java\com\lemonacademy\ecommerce\shipping\service\IcarryShipmentService.java
[INFO] 	Input tree files (+): C:\Users\manis\OneDrive\Desktop\LemonAcademy\E-Commerce\backend\src\main\java\com\lemonacademy\ecommerce\shipping\service\IcarryTrackingService.java
[INFO] 	Input tree files (+): C:\Users\manis\OneDrive\Desktop\LemonAcademy\E-Commerce\backend\src\main\java\com\lemonacademy\ecommerce\shipping\service\IcarryWebhookService.java
[INFO] 	Input tree files (+): C:\Users\manis\OneDrive\Desktop\LemonAcademy\E-Commerce\backend\src\main\java\com\lemonacademy\ecommerce\shipping\util\DimensionParser.java
[INFO] 	Input tree files (+): C:\Users\manis\OneDrive\Desktop\LemonAcademy\E-Commerce\backend\src\main\java\com\lemonacademy\ecommerce\shipping\webhook\IcarryWebhookController.java
[INFO] Recompiling the module because of changed source code.
[DEBUG] Classpath:
[DEBUG]  C:\Users\manis\OneDrive\Desktop\LemonAcademy\E-Commerce\backend\target\classes
[DEBUG]  C:\Users\manis\.m2\repository\org\springframework\boot\spring-boot-starter-web\3.3.0\spring-boot-starter-web-3.3.0.jar
[DEBUG]  C:\Users\manis\.m2\repository\org\springframework\boot\spring-boot-starter\3.3.0\spring-boot-starter-3.3.0.jar
[DEBUG]  C:\Users\manis\.m2\repository\org\springframework\boot\spring-boot\3.3.0\spring-boot-3.3.0.jar
[DEBUG]  C:\Users\manis\.m2\repository\org\springframework\boot\spring-boot-autoconfigure\3.3.0\spring-boot-autoconfigure-3.3.0.jar
[DEBUG]  C:\Users\manis\.m2\repository\org\springframework\boot\spring-boot-starter-logging\3.3.0\spring-boot-starter-logging-3.3.0.jar
[DEBUG]  C:\Users\manis\.m2\repository\ch\qos\logback\logback-classic\1.5.6\logback-classic-1.5.6.jar
[DEBUG]  C:\Users\manis\.m2\repository\ch\qos\logback\logback-core\1.5.6\logback-core-1.5.6.jar
[DEBUG]  C:\Users\manis\.m2\repository\org\apache\logging\log4j\log4j-to-slf4j\2.23.1\log4j-to-slf4j-2.23.1.jar
[DEBUG]  C:\Users\manis\.m2\repository\org\apache\logging\log4j\log4j-api\2.23.1\log4j-api-2.23.1.jar
[DEBUG]  C:\Users\manis\.m2\repository\org\slf4j\jul-to-slf4j\2.0.13\jul-to-slf4j-2.0.13.jar
[DEBUG]  C:\Users\manis\.m2\repository\jakarta\annotation\jakarta.annotation-api\2.1.1\jakarta.annotation-api-2.1.1.jar
[DEBUG]  C:\Users\manis\.m2\repository\org\yaml\snakeyaml\2.2\snakeyaml-2.2.jar
[DEBUG]  C:\Users\manis\.m2\repository\org\springframework\boot\spring-boot-starter-json\3.3.0\spring-boot-starter-json-3.3.0.jar
[DEBUG]  C:\Users\manis\.m2\repository\com\fasterxml\jackson\datatype\jackson-datatype-jdk8\2.17.1\jackson-datatype-jdk8-2.17.1.jar
[DEBUG]  C:\Users\manis\.m2\repository\com\fasterxml\jackson\datatype\jackson-datatype-jsr310\2.17.1\jackson-datatype-jsr310-2.17.1.jar
[DEBUG]  C:\Users\manis\.m2\repository\com\fasterxml\jackson\module\jackson-module-parameter-names\2.17.1\jackson-module-parameter-names-2.17.1.jar
[DEBUG]  C:\Users\manis\.m2\repository\org\springframework\boot\spring-boot-starter-tomcat\3.3.0\spring-boot-starter-tomcat-3.3.0.jar
[DEBUG]  C:\Users\manis\.m2\repository\org\apache\tomcat\embed\tomcat-embed-core\10.1.24\tomcat-embed-core-10.1.24.jar
[DEBUG]  C:\Users\manis\.m2\repository\org\apache\tomcat\embed\tomcat-embed-websocket\10.1.24\tomcat-embed-websocket-10.1.24.jar
[DEBUG]  C:\Users\manis\.m2\repository\org\springframework\spring-web\6.1.8\spring-web-6.1.8.jar
[DEBUG]  C:\Users\manis\.m2\repository\org\springframework\spring-beans\6.1.8\spring-beans-6.1.8.jar
[DEBUG]  C:\Users\manis\.m2\repository\io\micrometer\micrometer-observation\1.13.0\micrometer-observation-1.13.0.jar
[DEBUG]  C:\Users\manis\.m2\repository\io\micrometer\micrometer-commons\1.13.0\micrometer-commons-1.13.0.jar
[DEBUG]  C:\Users\manis\.m2\repository\org\springframework\spring-webmvc\6.1.8\spring-webmvc-6.1.8.jar
[DEBUG]  C:\Users\manis\.m2\repository\org\springframework\spring-context\6.1.8\spring-context-6.1.8.jar
[DEBUG]  C:\Users\manis\.m2\repository\org\springframework\spring-expression\6.1.8\spring-expression-6.1.8.jar
[DEBUG]  C:\Users\manis\.m2\repository\org\springframework\boot\spring-boot-starter-security\3.3.0\spring-boot-starter-security-3.3.0.jar
[DEBUG]  C:\Users\manis\.m2\repository\org\springframework\spring-aop\6.1.8\spring-aop-6.1.8.jar
[DEBUG]  C:\Users\manis\.m2\repository\org\springframework\security\spring-security-config\6.3.0\spring-security-config-6.3.0.jar
[DEBUG]  C:\Users\manis\.m2\repository\org\springframework\security\spring-security-web\6.3.0\spring-security-web-6.3.0.jar
[DEBUG]  C:\Users\manis\.m2\repository\org\springframework\boot\spring-boot-starter-data-jpa\3.3.0\spring-boot-starter-data-jpa-3.3.0.jar
[DEBUG]  C:\Users\manis\.m2\repository\org\springframework\boot\spring-boot-starter-aop\3.3.0\spring-boot-starter-aop-3.3.0.jar
[DEBUG]  C:\Users\manis\.m2\repository\org\aspectj\aspectjweaver\1.9.22\aspectjweaver-1.9.22.jar
[DEBUG]  C:\Users\manis\.m2\repository\org\springframework\boot\spring-boot-starter-jdbc\3.3.0\spring-boot-starter-jdbc-3.3.0.jar
[DEBUG]  C:\Users\manis\.m2\repository\com\zaxxer\HikariCP\5.1.0\HikariCP-5.1.0.jar
[DEBUG]  C:\Users\manis\.m2\repository\org\springframework\spring-jdbc\6.1.8\spring-jdbc-6.1.8.jar
[DEBUG]  C:\Users\manis\.m2\repository\org\hibernate\orm\hibernate-core\6.5.2.Final\hibernate-core-6.5.2.Final.jar
[DEBUG]  C:\Users\manis\.m2\repository\jakarta\persistence\jakarta.persistence-api\3.1.0\jakarta.persistence-api-3.1.0.jar
[DEBUG]  C:\Users\manis\.m2\repository\jakarta\transaction\jakarta.transaction-api\2.0.1\jakarta.transaction-api-2.0.1.jar
[DEBUG]  C:\Users\manis\.m2\repository\org\jboss\logging\jboss-logging\3.5.3.Final\jboss-logging-3.5.3.Final.jar
[DEBUG]  C:\Users\manis\.m2\repository\com\fasterxml\classmate\1.7.0\classmate-1.7.0.jar
[DEBUG]  C:\Users\manis\.m2\repository\org\antlr\antlr4-runtime\4.13.0\antlr4-runtime-4.13.0.jar
[DEBUG]  C:\Users\manis\.m2\repository\org\springframework\data\spring-data-jpa\3.3.0\spring-data-jpa-3.3.0.jar
[DEBUG]  C:\Users\manis\.m2\repository\org\springframework\data\spring-data-commons\3.3.0\spring-data-commons-3.3.0.jar
[DEBUG]  C:\Users\manis\.m2\repository\org\springframework\spring-orm\6.1.8\spring-orm-6.1.8.jar
[DEBUG]  C:\Users\manis\.m2\repository\org\springframework\spring-tx\6.1.8\spring-tx-6.1.8.jar
[DEBUG]  C:\Users\manis\.m2\repository\org\slf4j\slf4j-api\2.0.13\slf4j-api-2.0.13.jar
[DEBUG]  C:\Users\manis\.m2\repository\org\springframework\spring-aspects\6.1.8\spring-aspects-6.1.8.jar
[DEBUG]  C:\Users\manis\.m2\repository\org\springframework\boot\spring-boot-starter-validation\3.3.0\spring-boot-starter-validation-3.3.0.jar
[DEBUG]  C:\Users\manis\.m2\repository\org\apache\tomcat\embed\tomcat-embed-el\10.1.24\tomcat-embed-el-10.1.24.jar
[DEBUG]  C:\Users\manis\.m2\repository\org\hibernate\validator\hibernate-validator\8.0.1.Final\hibernate-validator-8.0.1.Final.jar
[DEBUG]  C:\Users\manis\.m2\repository\jakarta\validation\jakarta.validation-api\3.0.2\jakarta.validation-api-3.0.2.jar
[DEBUG]  C:\Users\manis\.m2\repository\org\springframework\boot\spring-boot-starter-data-redis\3.3.0\spring-boot-starter-data-redis-3.3.0.jar
[DEBUG]  C:\Users\manis\.m2\repository\io\lettuce\lettuce-core\6.3.2.RELEASE\lettuce-core-6.3.2.RELEASE.jar
[DEBUG]  C:\Users\manis\.m2\repository\io\netty\netty-common\4.1.110.Final\netty-common-4.1.110.Final.jar
[DEBUG]  C:\Users\manis\.m2\repository\io\netty\netty-handler\4.1.110.Final\netty-handler-4.1.110.Final.jar
[DEBUG]  C:\Users\manis\.m2\repository\io\netty\netty-resolver\4.1.110.Final\netty-resolver-4.1.110.Final.jar
[DEBUG]  C:\Users\manis\.m2\repository\io\netty\netty-buffer\4.1.110.Final\netty-buffer-4.1.110.Final.jar
[DEBUG]  C:\Users\manis\.m2\repository\io\netty\netty-transport-native-unix-common\4.1.110.Final\netty-transport-native-unix-common-4.1.110.Final.jar
[DEBUG]  C:\Users\manis\.m2\repository\io\netty\netty-codec\4.1.110.Final\netty-codec-4.1.110.Final.jar
[DEBUG]  C:\Users\manis\.m2\repository\io\netty\netty-transport\4.1.110.Final\netty-transport-4.1.110.Final.jar
[DEBUG]  C:\Users\manis\.m2\repository\io\projectreactor\reactor-core\3.6.6\reactor-core-3.6.6.jar
[DEBUG]  C:\Users\manis\.m2\repository\org\reactivestreams\reactive-streams\1.0.4\reactive-streams-1.0.4.jar
[DEBUG]  C:\Users\manis\.m2\repository\org\springframework\data\spring-data-redis\3.3.0\spring-data-redis-3.3.0.jar
[DEBUG]  C:\Users\manis\.m2\repository\org\springframework\data\spring-data-keyvalue\3.3.0\spring-data-keyvalue-3.3.0.jar
[DEBUG]  C:\Users\manis\.m2\repository\org\springframework\spring-oxm\6.1.8\spring-oxm-6.1.8.jar
[DEBUG]  C:\Users\manis\.m2\repository\org\springframework\spring-context-support\6.1.8\spring-context-support-6.1.8.jar
[DEBUG]  C:\Users\manis\.m2\repository\org\projectlombok\lombok\1.18.32\lombok-1.18.32.jar
[DEBUG]  C:\Users\manis\.m2\repository\io\jsonwebtoken\jjwt-api\0.12.5\jjwt-api-0.12.5.jar
[DEBUG]  C:\Users\manis\.m2\repository\com\fasterxml\jackson\core\jackson-databind\2.17.1\jackson-databind-2.17.1.jar
[DEBUG]  C:\Users\manis\.m2\repository\com\fasterxml\jackson\core\jackson-annotations\2.17.1\jackson-annotations-2.17.1.jar
[DEBUG]  C:\Users\manis\.m2\repository\com\fasterxml\jackson\core\jackson-core\2.17.1\jackson-core-2.17.1.jar
[DEBUG]  C:\Users\manis\.m2\repository\jakarta\xml\bind\jakarta.xml.bind-api\4.0.2\jakarta.xml.bind-api-4.0.2.jar
[DEBUG]  C:\Users\manis\.m2\repository\jakarta\activation\jakarta.activation-api\2.1.3\jakarta.activation-api-2.1.3.jar
[DEBUG]  C:\Users\manis\.m2\repository\net\minidev\json-smart\2.5.1\json-smart-2.5.1.jar
[DEBUG]  C:\Users\manis\.m2\repository\net\minidev\accessors-smart\2.5.1\accessors-smart-2.5.1.jar
[DEBUG]  C:\Users\manis\.m2\repository\org\ow2\asm\asm\9.6\asm-9.6.jar
[DEBUG]  C:\Users\manis\.m2\repository\org\springframework\spring-core\6.1.8\spring-core-6.1.8.jar
[DEBUG]  C:\Users\manis\.m2\repository\org\springframework\spring-jcl\6.1.8\spring-jcl-6.1.8.jar
[DEBUG]  C:\Users\manis\.m2\repository\org\springframework\security\spring-security-core\6.3.0\spring-security-core-6.3.0.jar
[DEBUG]  C:\Users\manis\.m2\repository\org\springframework\security\spring-security-crypto\6.3.0\spring-security-crypto-6.3.0.jar
[DEBUG]  C:\Users\manis\.m2\repository\org\springframework\boot\spring-boot-starter-oauth2-client\3.3.0\spring-boot-starter-oauth2-client-3.3.0.jar
[DEBUG]  C:\Users\manis\.m2\repository\org\springframework\security\spring-security-oauth2-client\6.3.0\spring-security-oauth2-client-6.3.0.jar
[DEBUG]  C:\Users\manis\.m2\repository\org\springframework\security\spring-security-oauth2-core\6.3.0\spring-security-oauth2-core-6.3.0.jar
[DEBUG]  C:\Users\manis\.m2\repository\com\nimbusds\oauth2-oidc-sdk\9.43.4\oauth2-oidc-sdk-9.43.4.jar
[DEBUG]  C:\Users\manis\.m2\repository\com\github\stephenc\jcip\jcip-annotations\1.0-1\jcip-annotations-1.0-1.jar
[DEBUG]  C:\Users\manis\.m2\repository\com\nimbusds\content-type\2.2\content-type-2.2.jar
[DEBUG]  C:\Users\manis\.m2\repository\com\nimbusds\lang-tag\1.7\lang-tag-1.7.jar
[DEBUG]  C:\Users\manis\.m2\repository\org\springframework\security\spring-security-oauth2-jose\6.3.0\spring-security-oauth2-jose-6.3.0.jar
[DEBUG]  C:\Users\manis\.m2\repository\com\nimbusds\nimbus-jose-jwt\9.37.3\nimbus-jose-jwt-9.37.3.jar
[DEBUG]  C:\Users\manis\.m2\repository\com\cloudinary\cloudinary-http44\1.36.0\cloudinary-http44-1.36.0.jar
[DEBUG]  C:\Users\manis\.m2\repository\com\cloudinary\cloudinary-core\1.36.0\cloudinary-core-1.36.0.jar
[DEBUG]  C:\Users\manis\.m2\repository\org\apache\commons\commons-lang3\3.14.0\commons-lang3-3.14.0.jar
[DEBUG]  C:\Users\manis\.m2\repository\org\apache\httpcomponents\httpclient\4.4\httpclient-4.4.jar
[DEBUG]  C:\Users\manis\.m2\repository\org\apache\httpcomponents\httpcore\4.4.16\httpcore-4.4.16.jar
[DEBUG]  C:\Users\manis\.m2\repository\commons-logging\commons-logging\1.2\commons-logging-1.2.jar
[DEBUG]  C:\Users\manis\.m2\repository\commons-codec\commons-codec\1.16.1\commons-codec-1.16.1.jar
[DEBUG]  C:\Users\manis\.m2\repository\org\apache\httpcomponents\httpmime\4.4\httpmime-4.4.jar
[DEBUG]  C:\Users\manis\.m2\repository\org\springdoc\springdoc-openapi-starter-webmvc-ui\2.5.0\springdoc-openapi-starter-webmvc-ui-2.5.0.jar
[DEBUG]  C:\Users\manis\.m2\repository\org\springdoc\springdoc-openapi-starter-webmvc-api\2.5.0\springdoc-openapi-starter-webmvc-api-2.5.0.jar
[DEBUG]  C:\Users\manis\.m2\repository\org\springdoc\springdoc-openapi-starter-common\2.5.0\springdoc-openapi-starter-common-2.5.0.jar
[DEBUG]  C:\Users\manis\.m2\repository\io\swagger\core\v3\swagger-core-jakarta\2.2.21\swagger-core-jakarta-2.2.21.jar
[DEBUG]  C:\Users\manis\.m2\repository\io\swagger\core\v3\swagger-annotations-jakarta\2.2.21\swagger-annotations-jakarta-2.2.21.jar
[DEBUG]  C:\Users\manis\.m2\repository\io\swagger\core\v3\swagger-models-jakarta\2.2.21\swagger-models-jakarta-2.2.21.jar
[DEBUG]  C:\Users\manis\.m2\repository\com\fasterxml\jackson\dataformat\jackson-dataformat-yaml\2.17.1\jackson-dataformat-yaml-2.17.1.jar
[DEBUG]  C:\Users\manis\.m2\repository\org\webjars\swagger-ui\5.13.0\swagger-ui-5.13.0.jar
[DEBUG] Source roots:
[DEBUG]  C:\Users\manis\OneDrive\Desktop\LemonAcademy\E-Commerce\backend\src\main\java
[DEBUG]  C:\Users\manis\OneDrive\Desktop\LemonAcademy\E-Commerce\backend\target\generated-sources\annotations
[DEBUG] Command line options:
[DEBUG] -d C:\Users\manis\OneDrive\Desktop\LemonAcademy\E-Commerce\backend\target\classes -classpath C:\Users\manis\OneDrive\Desktop\LemonAcademy\E-Commerce\backend\target\classes;C:\Users\manis\.m2\repository\org\springframework\boot\spring-boot-starter-web\3.3.0\spring-boot-starter-web-3.3.0.jar;C:\Users\manis\.m2\repository\org\springframework\boot\spring-boot-starter\3.3.0\spring-boot-starter-3.3.0.jar;C:\Users\manis\.m2\repository\org\springframework\boot\spring-boot\3.3.0\spring-boot-3.3.0.jar;C:\Users\manis\.m2\repository\org\springframework\boot\spring-boot-autoconfigure\3.3.0\spring-boot-autoconfigure-3.3.0.jar;C:\Users\manis\.m2\repository\org\springframework\boot\spring-boot-starter-logging\3.3.0\spring-boot-starter-logging-3.3.0.jar;C:\Users\manis\.m2\repository\ch\qos\logback\logback-classic\1.5.6\logback-classic-1.5.6.jar;C:\Users\manis\.m2\repository\ch\qos\logback\logback-core\1.5.6\logback-core-1.5.6.jar;C:\Users\manis\.m2\repository\org\apache\logging\log4j\log4j-to-slf4j\2.23.1\log4j-to-slf4j-2.23.1.jar;C:\Users\manis\.m2\repository\org\apache\logging\log4j\log4j-api\2.23.1\log4j-api-2.23.1.jar;C:\Users\manis\.m2\repository\org\slf4j\jul-to-slf4j\2.0.13\jul-to-slf4j-2.0.13.jar;C:\Users\manis\.m2\repository\jakarta\annotation\jakarta.annotation-api\2.1.1\jakarta.annotation-api-2.1.1.jar;C:\Users\manis\.m2\repository\org\yaml\snakeyaml\2.2\snakeyaml-2.2.jar;C:\Users\manis\.m2\repository\org\springframework\boot\spring-boot-starter-json\3.3.0\spring-boot-starter-json-3.3.0.jar;C:\Users\manis\.m2\repository\com\fasterxml\jackson\datatype\jackson-datatype-jdk8\2.17.1\jackson-datatype-jdk8-2.17.1.jar;C:\Users\manis\.m2\repository\com\fasterxml\jackson\datatype\jackson-datatype-jsr310\2.17.1\jackson-datatype-jsr310-2.17.1.jar;C:\Users\manis\.m2\repository\com\fasterxml\jackson\module\jackson-module-parameter-names\2.17.1\jackson-module-parameter-names-2.17.1.jar;C:\Users\manis\.m2\repository\org\springframework\boot\spring-boot-starter-tomcat\3.3.0\spring-boot-starter-tomcat-3.3.0.jar;C:\Users\manis\.m2\repository\org\apache\tomcat\embed\tomcat-embed-core\10.1.24\tomcat-embed-core-10.1.24.jar;C:\Users\manis\.m2\repository\org\apache\tomcat\embed\tomcat-embed-websocket\10.1.24\tomcat-embed-websocket-10.1.24.jar;C:\Users\manis\.m2\repository\org\springframework\spring-web\6.1.8\spring-web-6.1.8.jar;C:\Users\manis\.m2\repository\org\springframework\spring-beans\6.1.8\spring-beans-6.1.8.jar;C:\Users\manis\.m2\repository\io\micrometer\micrometer-observation\1.13.0\micrometer-observation-1.13.0.jar;C:\Users\manis\.m2\repository\io\micrometer\micrometer-commons\1.13.0\micrometer-commons-1.13.0.jar;C:\Users\manis\.m2\repository\org\springframework\spring-webmvc\6.1.8\spring-webmvc-6.1.8.jar;C:\Users\manis\.m2\repository\org\springframework\spring-context\6.1.8\spring-context-6.1.8.jar;C:\Users\manis\.m2\repository\org\springframework\spring-expression\6.1.8\spring-expression-6.1.8.jar;C:\Users\manis\.m2\repository\org\springframework\boot\spring-boot-starter-security\3.3.0\spring-boot-starter-security-3.3.0.jar;C:\Users\manis\.m2\repository\org\springframework\spring-aop\6.1.8\spring-aop-6.1.8.jar;C:\Users\manis\.m2\repository\org\springframework\security\spring-security-config\6.3.0\spring-security-config-6.3.0.jar;C:\Users\manis\.m2\repository\org\springframework\security\spring-security-web\6.3.0\spring-security-web-6.3.0.jar;C:\Users\manis\.m2\repository\org\springframework\boot\spring-boot-starter-data-jpa\3.3.0\spring-boot-starter-data-jpa-3.3.0.jar;C:\Users\manis\.m2\repository\org\springframework\boot\spring-boot-starter-aop\3.3.0\spring-boot-starter-aop-3.3.0.jar;C:\Users\manis\.m2\repository\org\aspectj\aspectjweaver\1.9.22\aspectjweaver-1.9.22.jar;C:\Users\manis\.m2\repository\org\springframework\boot\spring-boot-starter-jdbc\3.3.0\spring-boot-starter-jdbc-3.3.0.jar;C:\Users\manis\.m2\repository\com\zaxxer\HikariCP\5.1.0\HikariCP-5.1.0.jar;C:\Users\manis\.m2\repository\org\springframework\spring-jdbc\6.1.8\spring-jdbc-6.1.8.jar;C:\Users\manis\.m2\repository\org\hibernate\orm\hibernate-core\6.5.2.Final\hibernate-core-6.5.2.Final.jar;C:\Users\manis\.m2\repository\jakarta\persistence\jakarta.persistence-api\3.1.0\jakarta.persistence-api-3.1.0.jar;C:\Users\manis\.m2\repository\jakarta\transaction\jakarta.transaction-api\2.0.1\jakarta.transaction-api-2.0.1.jar;C:\Users\manis\.m2\repository\org\jboss\logging\jboss-logging\3.5.3.Final\jboss-logging-3.5.3.Final.jar;C:\Users\manis\.m2\repository\com\fasterxml\classmate\1.7.0\classmate-1.7.0.jar;C:\Users\manis\.m2\repository\org\antlr\antlr4-runtime\4.13.0\antlr4-runtime-4.13.0.jar;C:\Users\manis\.m2\repository\org\springframework\data\spring-data-jpa\3.3.0\spring-data-jpa-3.3.0.jar;C:\Users\manis\.m2\repository\org\springframework\data\spring-data-commons\3.3.0\spring-data-commons-3.3.0.jar;C:\Users\manis\.m2\repository\org\springframework\spring-orm\6.1.8\spring-orm-6.1.8.jar;C:\Users\manis\.m2\repository\org\springframework\spring-tx\6.1.8\spring-tx-6.1.8.jar;C:\Users\manis\.m2\repository\org\slf4j\slf4j-api\2.0.13\slf4j-api-2.0.13.jar;C:\Users\manis\.m2\repository\org\springframework\spring-aspects\6.1.8\spring-aspects-6.1.8.jar;C:\Users\manis\.m2\repository\org\springframework\boot\spring-boot-starter-validation\3.3.0\spring-boot-starter-validation-3.3.0.jar;C:\Users\manis\.m2\repository\org\apache\tomcat\embed\tomcat-embed-el\10.1.24\tomcat-embed-el-10.1.24.jar;C:\Users\manis\.m2\repository\org\hibernate\validator\hibernate-validator\8.0.1.Final\hibernate-validator-8.0.1.Final.jar;C:\Users\manis\.m2\repository\jakarta\validation\jakarta.validation-api\3.0.2\jakarta.validation-api-3.0.2.jar;C:\Users\manis\.m2\repository\org\springframework\boot\spring-boot-starter-data-redis\3.3.0\spring-boot-starter-data-redis-3.3.0.jar;C:\Users\manis\.m2\repository\io\lettuce\lettuce-core\6.3.2.RELEASE\lettuce-core-6.3.2.RELEASE.jar;C:\Users\manis\.m2\repository\io\netty\netty-common\4.1.110.Final\netty-common-4.1.110.Final.jar;C:\Users\manis\.m2\repository\io\netty\netty-handler\4.1.110.Final\netty-handler-4.1.110.Final.jar;C:\Users\manis\.m2\repository\io\netty\netty-resolver\4.1.110.Final\netty-resolver-4.1.110.Final.jar;C:\Users\manis\.m2\repository\io\netty\netty-buffer\4.1.110.Final\netty-buffer-4.1.110.Final.jar;C:\Users\manis\.m2\repository\io\netty\netty-transport-native-unix-common\4.1.110.Final\netty-transport-native-unix-common-4.1.110.Final.jar;C:\Users\manis\.m2\repository\io\netty\netty-codec\4.1.110.Final\netty-codec-4.1.110.Final.jar;C:\Users\manis\.m2\repository\io\netty\netty-transport\4.1.110.Final\netty-transport-4.1.110.Final.jar;C:\Users\manis\.m2\repository\io\projectreactor\reactor-core\3.6.6\reactor-core-3.6.6.jar;C:\Users\manis\.m2\repository\org\reactivestreams\reactive-streams\1.0.4\reactive-streams-1.0.4.jar;C:\Users\manis\.m2\repository\org\springframework\data\spring-data-redis\3.3.0\spring-data-redis-3.3.0.jar;C:\Users\manis\.m2\repository\org\springframework\data\spring-data-keyvalue\3.3.0\spring-data-keyvalue-3.3.0.jar;C:\Users\manis\.m2\repository\org\springframework\spring-oxm\6.1.8\spring-oxm-6.1.8.jar;C:\Users\manis\.m2\repository\org\springframework\spring-context-support\6.1.8\spring-context-support-6.1.8.jar;C:\Users\manis\.m2\repository\org\projectlombok\lombok\1.18.32\lombok-1.18.32.jar;C:\Users\manis\.m2\repository\io\jsonwebtoken\jjwt-api\0.12.5\jjwt-api-0.12.5.jar;C:\Users\manis\.m2\repository\com\fasterxml\jackson\core\jackson-databind\2.17.1\jackson-databind-2.17.1.jar;C:\Users\manis\.m2\repository\com\fasterxml\jackson\core\jackson-annotations\2.17.1\jackson-annotations-2.17.1.jar;C:\Users\manis\.m2\repository\com\fasterxml\jackson\core\jackson-core\2.17.1\jackson-core-2.17.1.jar;C:\Users\manis\.m2\repository\jakarta\xml\bind\jakarta.xml.bind-api\4.0.2\jakarta.xml.bind-api-4.0.2.jar;C:\Users\manis\.m2\repository\jakarta\activation\jakarta.activation-api\2.1.3\jakarta.activation-api-2.1.3.jar;C:\Users\manis\.m2\repository\net\minidev\json-smart\2.5.1\json-smart-2.5.1.jar;C:\Users\manis\.m2\repository\net\minidev\accessors-smart\2.5.1\accessors-smart-2.5.1.jar;C:\Users\manis\.m2\repository\org\ow2\asm\asm\9.6\asm-9.6.jar;C:\Users\manis\.m2\repository\org\springframework\spring-core\6.1.8\spring-core-6.1.8.jar;C:\Users\manis\.m2\repository\org\springframework\spring-jcl\6.1.8\spring-jcl-6.1.8.jar;C:\Users\manis\.m2\repository\org\springframework\security\spring-security-core\6.3.0\spring-security-core-6.3.0.jar;C:\Users\manis\.m2\repository\org\springframework\security\spring-security-crypto\6.3.0\spring-security-crypto-6.3.0.jar;C:\Users\manis\.m2\repository\org\springframework\boot\spring-boot-starter-oauth2-client\3.3.0\spring-boot-starter-oauth2-client-3.3.0.jar;C:\Users\manis\.m2\repository\org\springframework\security\spring-security-oauth2-client\6.3.0\spring-security-oauth2-client-6.3.0.jar;C:\Users\manis\.m2\repository\org\springframework\security\spring-security-oauth2-core\6.3.0\spring-security-oauth2-core-6.3.0.jar;C:\Users\manis\.m2\repository\com\nimbusds\oauth2-oidc-sdk\9.43.4\oauth2-oidc-sdk-9.43.4.jar;C:\Users\manis\.m2\repository\com\github\stephenc\jcip\jcip-annotations\1.0-1\jcip-annotations-1.0-1.jar;C:\Users\manis\.m2\repository\com\nimbusds\content-type\2.2\content-type-2.2.jar;C:\Users\manis\.m2\repository\com\nimbusds\lang-tag\1.7\lang-tag-1.7.jar;C:\Users\manis\.m2\repository\org\springframework\security\spring-security-oauth2-jose\6.3.0\spring-security-oauth2-jose-6.3.0.jar;C:\Users\manis\.m2\repository\com\nimbusds\nimbus-jose-jwt\9.37.3\nimbus-jose-jwt-9.37.3.jar;C:\Users\manis\.m2\repository\com\cloudinary\cloudinary-http44\1.36.0\cloudinary-http44-1.36.0.jar;C:\Users\manis\.m2\repository\com\cloudinary\cloudinary-core\1.36.0\cloudinary-core-1.36.0.jar;C:\Users\manis\.m2\repository\org\apache\commons\commons-lang3\3.14.0\commons-lang3-3.14.0.jar;C:\Users\manis\.m2\repository\org\apache\httpcomponents\httpclient\4.4\httpclient-4.4.jar;C:\Users\manis\.m2\repository\org\apache\httpcomponents\httpcore\4.4.16\httpcore-4.4.16.jar;C:\Users\manis\.m2\repository\commons-logging\commons-logging\1.2\commons-logging-1.2.jar;C:\Users\manis\.m2\repository\commons-codec\commons-codec\1.16.1\commons-codec-1.16.1.jar;C:\Users\manis\.m2\repository\org\apache\httpcomponents\httpmime\4.4\httpmime-4.4.jar;C:\Users\manis\.m2\repository\org\springdoc\springdoc-openapi-starter-webmvc-ui\2.5.0\springdoc-openapi-starter-webmvc-ui-2.5.0.jar;C:\Users\manis\.m2\repository\org\springdoc\springdoc-openapi-starter-webmvc-api\2.5.0\springdoc-openapi-starter-webmvc-api-2.5.0.jar;C:\Users\manis\.m2\repository\org\springdoc\springdoc-openapi-starter-common\2.5.0\springdoc-openapi-starter-common-2.5.0.jar;C:\Users\manis\.m2\repository\io\swagger\core\v3\swagger-core-jakarta\2.2.21\swagger-core-jakarta-2.2.21.jar;C:\Users\manis\.m2\repository\io\swagger\core\v3\swagger-annotations-jakarta\2.2.21\swagger-annotations-jakarta-2.2.21.jar;C:\Users\manis\.m2\repository\io\swagger\core\v3\swagger-models-jakarta\2.2.21\swagger-models-jakarta-2.2.21.jar;C:\Users\manis\.m2\repository\com\fasterxml\jackson\dataformat\jackson-dataformat-yaml\2.17.1\jackson-dataformat-yaml-2.17.1.jar;C:\Users\manis\.m2\repository\org\webjars\swagger-ui\5.13.0\swagger-ui-5.13.0.jar; -sourcepath C:\Users\manis\OneDrive\Desktop\LemonAcademy\E-Commerce\backend\src\main\java;C:\Users\manis\OneDrive\Desktop\LemonAcademy\E-Commerce\backend\target\generated-sources\annotations; -s C:\Users\manis\OneDrive\Desktop\LemonAcademy\E-Commerce\backend\target\generated-sources\annotations -g -parameters --release 21 -encoding UTF-8 -XDuseUnsharedTable=true
[DEBUG] incrementalBuildHelper#beforeRebuildExecution
[INFO] Compiling 126 source files with javac [debug parameters release 21] to target\classes
[DEBUG] incrementalBuildHelper#afterRebuildExecution
[INFO] Annotation processing is enabled because one or more processors were found
  on the class path. A future release of javac may disable annotation processing
  unless at least one processor is specified by name (-processor), or a search
  path is specified (--processor-path, --processor-module-path), or annotation
  processing is enabled explicitly (-proc:only, -proc:full).
  Use -Xlint:-options to suppress this message.
  Use -proc:none to disable annotation processing.
[INFO] -------------------------------------------------------------
[ERROR] COMPILATION ERROR : 
[INFO] -------------------------------------------------------------
[ERROR] /C:/Users/manis/OneDrive/Desktop/LemonAcademy/E-Commerce/backend/src/main/java/com/lemonacademy/ecommerce/entity/Order.java:[87,24] variable shippingCharge is already defined in class com.lemonacademy.ecommerce.entity.Order
[ERROR] /C:/Users/manis/OneDrive/Desktop/LemonAcademy/E-Commerce/backend/src/main/java/com/lemonacademy/ecommerce/entity/Order.java:[113,21] variable weight is already defined in class com.lemonacademy.ecommerce.entity.Order
[ERROR] /C:/Users/manis/OneDrive/Desktop/LemonAcademy/E-Commerce/backend/src/main/java/com/lemonacademy/ecommerce/entity/Order.java:[116,21] variable length is already defined in class com.lemonacademy.ecommerce.entity.Order
[ERROR] /C:/Users/manis/OneDrive/Desktop/LemonAcademy/E-Commerce/backend/src/main/java/com/lemonacademy/ecommerce/entity/Order.java:[119,21] variable breadth is already defined in class com.lemonacademy.ecommerce.entity.Order
[ERROR] /C:/Users/manis/OneDrive/Desktop/LemonAcademy/E-Commerce/backend/src/main/java/com/lemonacademy/ecommerce/entity/Order.java:[122,21] variable height is already defined in class com.lemonacademy.ecommerce.entity.Order
[ERROR] /C:/Users/manis/OneDrive/Desktop/LemonAcademy/E-Commerce/backend/src/main/java/com/lemonacademy/ecommerce/config/AdminInitializer.java:[21,39] cannot find symbol
  symbol:   method builder()
  location: class com.lemonacademy.ecommerce.entity.Admin
[ERROR] /C:/Users/manis/OneDrive/Desktop/LemonAcademy/E-Commerce/backend/src/main/java/com/lemonacademy/ecommerce/service/AddressService.java:[38,80] cannot find symbol
  symbol:   method getIsDefault()
  location: variable request of type com.lemonacademy.ecommerce.dto.AddressRequest
[ERROR] /C:/Users/manis/OneDrive/Desktop/LemonAcademy/E-Commerce/backend/src/main/java/com/lemonacademy/ecommerce/service/AddressService.java:[43,42] cannot find symbol
  symbol:   method getIsDefault()
  location: variable a of type com.lemonacademy.ecommerce.entity.Address
[ERROR] /C:/Users/manis/OneDrive/Desktop/LemonAcademy/E-Commerce/backend/src/main/java/com/lemonacademy/ecommerce/service/AddressService.java:[44,22] cannot find symbol
  symbol:   method setIsDefault(boolean)
  location: variable a of type com.lemonacademy.ecommerce.entity.Address
[ERROR] /C:/Users/manis/OneDrive/Desktop/LemonAcademy/E-Commerce/backend/src/main/java/com/lemonacademy/ecommerce/service/AddressService.java:[50,34] cannot find symbol
  symbol:   method builder()
  location: class com.lemonacademy.ecommerce.entity.Address
[ERROR] /C:/Users/manis/OneDrive/Desktop/LemonAcademy/E-Commerce/backend/src/main/java/com/lemonacademy/ecommerce/service/AddressService.java:[52,34] cannot find symbol
  symbol:   method getFullName()
  location: variable request of type com.lemonacademy.ecommerce.dto.AddressRequest
[ERROR] /C:/Users/manis/OneDrive/Desktop/LemonAcademy/E-Commerce/backend/src/main/java/com/lemonacademy/ecommerce/service/AddressService.java:[53,31] cannot find symbol
  symbol:   method getPhone()
  location: variable request of type com.lemonacademy.ecommerce.dto.AddressRequest
[ERROR] /C:/Users/manis/OneDrive/Desktop/LemonAcademy/E-Commerce/backend/src/main/java/com/lemonacademy/ecommerce/service/AddressService.java:[54,38] cannot find symbol
  symbol:   method getAddressLine1()
  location: variable request of type com.lemonacademy.ecommerce.dto.AddressRequest
[ERROR] /C:/Users/manis/OneDrive/Desktop/LemonAcademy/E-Commerce/backend/src/main/java/com/lemonacademy/ecommerce/service/AddressService.java:[55,38] cannot find symbol
  symbol:   method getAddressLine2()
  location: variable request of type com.lemonacademy.ecommerce.dto.AddressRequest
[ERROR] /C:/Users/manis/OneDrive/Desktop/LemonAcademy/E-Commerce/backend/src/main/java/com/lemonacademy/ecommerce/service/AddressService.java:[56,30] cannot find symbol
  symbol:   method getCity()
  location: variable request of type com.lemonacademy.ecommerce.dto.AddressRequest
[ERROR] /C:/Users/manis/OneDrive/Desktop/LemonAcademy/E-Commerce/backend/src/main/java/com/lemonacademy/ecommerce/service/AddressService.java:[57,31] cannot find symbol
  symbol:   method getState()
  location: variable request of type com.lemonacademy.ecommerce.dto.AddressRequest
[ERROR] /C:/Users/manis/OneDrive/Desktop/LemonAcademy/E-Commerce/backend/src/main/java/com/lemonacademy/ecommerce/service/AddressService.java:[58,33] cannot find symbol
  symbol:   method getPincode()
  location: variable request of type com.lemonacademy.ecommerce.dto.AddressRequest
[ERROR] /C:/Users/manis/OneDrive/Desktop/LemonAcademy/E-Commerce/backend/src/main/java/com/lemonacademy/ecommerce/service/AddressService.java:[80,21] cannot find symbol
  symbol:   method getUser()
  location: variable address of type com.lemonacademy.ecommerce.entity.Address
[ERROR] /C:/Users/manis/OneDrive/Desktop/LemonAcademy/E-Commerce/backend/src/main/java/com/lemonacademy/ecommerce/service/AddressService.java:[80,51] cannot find symbol
  symbol:   method getId()
  location: variable user of type com.lemonacademy.ecommerce.entity.User
[ERROR] /C:/Users/manis/OneDrive/Desktop/LemonAcademy/E-Commerce/backend/src/main/java/com/lemonacademy/ecommerce/service/AddressService.java:[84,40] cannot find symbol
  symbol:   method getIsDefault()
  location: variable request of type com.lemonacademy.ecommerce.dto.AddressRequest
[ERROR] /C:/Users/manis/OneDrive/Desktop/LemonAcademy/E-Commerce/backend/src/main/java/com/lemonacademy/ecommerce/service/AddressService.java:[84,88] cannot find symbol
  symbol:   method getIsDefault()
  location: variable address of type com.lemonacademy.ecommerce.entity.Address
[ERROR] /C:/Users/manis/OneDrive/Desktop/LemonAcademy/E-Commerce/backend/src/main/java/com/lemonacademy/ecommerce/service/AddressService.java:[88,42] cannot find symbol
  symbol:   method getIsDefault()
  location: variable a of type com.lemonacademy.ecommerce.entity.Address
[ERROR] /C:/Users/manis/OneDrive/Desktop/LemonAcademy/E-Commerce/backend/src/main/java/com/lemonacademy/ecommerce/service/AddressService.java:[89,22] cannot find symbol
  symbol:   method setIsDefault(boolean)
  location: variable a of type com.lemonacademy.ecommerce.entity.Address
[ERROR] /C:/Users/manis/OneDrive/Desktop/LemonAcademy/E-Commerce/backend/src/main/java/com/lemonacademy/ecommerce/service/AddressService.java:[93,20] cannot find symbol
  symbol:   method setIsDefault(boolean)
  location: variable address of type com.lemonacademy.ecommerce.entity.Address
[ERROR] /C:/Users/manis/OneDrive/Desktop/LemonAcademy/E-Commerce/backend/src/main/java/com/lemonacademy/ecommerce/service/AddressService.java:[94,48] cannot find symbol
  symbol:   method getIsDefault()
  location: variable request of type com.lemonacademy.ecommerce.dto.AddressRequest
[ERROR] /C:/Users/manis/OneDrive/Desktop/LemonAcademy/E-Commerce/backend/src/main/java/com/lemonacademy/ecommerce/service/AddressService.java:[94,95] cannot find symbol
  symbol:   method getIsDefault()
  location: variable address of type com.lemonacademy.ecommerce.entity.Address
[ERROR] /C:/Users/manis/OneDrive/Desktop/LemonAcademy/E-Commerce/backend/src/main/java/com/lemonacademy/ecommerce/service/AddressService.java:[98,24] cannot find symbol
  symbol:   method setIsDefault(boolean)
  location: variable address of type com.lemonacademy.ecommerce.entity.Address
[ERROR] /C:/Users/manis/OneDrive/Desktop/LemonAcademy/E-Commerce/backend/src/main/java/com/lemonacademy/ecommerce/service/AddressService.java:[102,36] cannot find symbol
  symbol:   method getFullName()
  location: variable request of type com.lemonacademy.ecommerce.dto.AddressRequest
[ERROR] /C:/Users/manis/OneDrive/Desktop/LemonAcademy/E-Commerce/backend/src/main/java/com/lemonacademy/ecommerce/service/AddressService.java:[103,33] cannot find symbol
  symbol:   method getPhone()
  location: variable request of type com.lemonacademy.ecommerce.dto.AddressRequest
[ERROR] /C:/Users/manis/OneDrive/Desktop/LemonAcademy/E-Commerce/backend/src/main/java/com/lemonacademy/ecommerce/service/AddressService.java:[104,40] cannot find symbol
  symbol:   method getAddressLine1()
  location: variable request of type com.lemonacademy.ecommerce.dto.AddressRequest
[ERROR] /C:/Users/manis/OneDrive/Desktop/LemonAcademy/E-Commerce/backend/src/main/java/com/lemonacademy/ecommerce/service/AddressService.java:[105,40] cannot find symbol
  symbol:   method getAddressLine2()
  location: variable request of type com.lemonacademy.ecommerce.dto.AddressRequest
[ERROR] /C:/Users/manis/OneDrive/Desktop/LemonAcademy/E-Commerce/backend/src/main/java/com/lemonacademy/ecommerce/service/AddressService.java:[106,32] cannot find symbol
  symbol:   method getCity()
  location: variable request of type com.lemonacademy.ecommerce.dto.AddressRequest
[ERROR] /C:/Users/manis/OneDrive/Desktop/LemonAcademy/E-Commerce/backend/src/main/java/com/lemonacademy/ecommerce/service/AddressService.java:[107,33] cannot find symbol
  symbol:   method getState()
  location: variable request of type com.lemonacademy.ecommerce.dto.AddressRequest
[ERROR] /C:/Users/manis/OneDrive/Desktop/LemonAcademy/E-Commerce/backend/src/main/java/com/lemonacademy/ecommerce/service/AddressService.java:[108,35] cannot find symbol
  symbol:   method getPincode()
  location: variable request of type com.lemonacademy.ecommerce.dto.AddressRequest
[ERROR] /C:/Users/manis/OneDrive/Desktop/LemonAcademy/E-Commerce/backend/src/main/java/com/lemonacademy/ecommerce/service/AddressService.java:[120,21] cannot find symbol
  symbol:   method getUser()
  location: variable address of type com.lemonacademy.ecommerce.entity.Address
[ERROR] /C:/Users/manis/OneDrive/Desktop/LemonAcademy/E-Commerce/backend/src/main/java/com/lemonacademy/ecommerce/service/AddressService.java:[120,51] cannot find symbol
  symbol:   method getId()
  location: variable user of type com.lemonacademy.ecommerce.entity.User
[ERROR] /C:/Users/manis/OneDrive/Desktop/LemonAcademy/E-Commerce/backend/src/main/java/com/lemonacademy/ecommerce/service/AddressService.java:[124,57] cannot find symbol
  symbol:   method getIsDefault()
  location: variable address of type com.lemonacademy.ecommerce.entity.Address
[ERROR] /C:/Users/manis/OneDrive/Desktop/LemonAcademy/E-Commerce/backend/src/main/java/com/lemonacademy/ecommerce/service/AddressService.java:[132,27] cannot find symbol
  symbol:   method setIsDefault(boolean)
  location: variable newDefault of type com.lemonacademy.ecommerce.entity.Address
[ERROR] /C:/Users/manis/OneDrive/Desktop/LemonAcademy/E-Commerce/backend/src/main/java/com/lemonacademy/ecommerce/service/AddressService.java:[144,21] cannot find symbol
  symbol:   method getUser()
  location: variable address of type com.lemonacademy.ecommerce.entity.Address
[ERROR] /C:/Users/manis/OneDrive/Desktop/LemonAcademy/E-Commerce/backend/src/main/java/com/lemonacademy/ecommerce/service/AddressService.java:[144,51] cannot find symbol
  symbol:   method getId()
  location: variable user of type com.lemonacademy.ecommerce.entity.User
[ERROR] /C:/Users/manis/OneDrive/Desktop/LemonAcademy/E-Commerce/backend/src/main/java/com/lemonacademy/ecommerce/service/AddressService.java:[150,38] cannot find symbol
  symbol:   method getIsDefault()
  location: variable a of type com.lemonacademy.ecommerce.entity.Address
[ERROR] /C:/Users/manis/OneDrive/Desktop/LemonAcademy/E-Commerce/backend/src/main/java/com/lemonacademy/ecommerce/service/AddressService.java:[151,18] cannot find symbol
  symbol:   method setIsDefault(boolean)
  location: variable a of type com.lemonacademy.ecommerce.entity.Address
[ERROR] /C:/Users/manis/OneDrive/Desktop/LemonAcademy/E-Commerce/backend/src/main/java/com/lemonacademy/ecommerce/service/AddressService.java:[156,16] cannot find symbol
  symbol:   method setIsDefault(boolean)
  location: variable address of type com.lemonacademy.ecommerce.entity.Address
[ERROR] /C:/Users/manis/OneDrive/Desktop/LemonAcademy/E-Commerce/backend/src/main/java/com/lemonacademy/ecommerce/service/AddressService.java:[162,31] cannot find symbol
  symbol:   method builder()
  location: class com.lemonacademy.ecommerce.dto.AddressResponse
[ERROR] /C:/Users/manis/OneDrive/Desktop/LemonAcademy/E-Commerce/backend/src/main/java/com/lemonacademy/ecommerce/service/AddressService.java:[163,28] cannot find symbol
  symbol:   method getId()
  location: variable address of type com.lemonacademy.ecommerce.entity.Address
[ERROR] /C:/Users/manis/OneDrive/Desktop/LemonAcademy/E-Commerce/backend/src/main/java/com/lemonacademy/ecommerce/service/AddressService.java:[164,34] cannot find symbol
  symbol:   method getFullName()
  location: variable address of type com.lemonacademy.ecommerce.entity.Address
[ERROR] /C:/Users/manis/OneDrive/Desktop/LemonAcademy/E-Commerce/backend/src/main/java/com/lemonacademy/ecommerce/service/AddressService.java:[165,31] cannot find symbol
  symbol:   method getPhone()
  location: variable address of type com.lemonacademy.ecommerce.entity.Address
[ERROR] /C:/Users/manis/OneDrive/Desktop/LemonAcademy/E-Commerce/backend/src/main/java/com/lemonacademy/ecommerce/service/AddressService.java:[166,38] cannot find symbol
  symbol:   method getAddressLine1()
  location: variable address of type com.lemonacademy.ecommerce.entity.Address
[ERROR] /C:/Users/manis/OneDrive/Desktop/LemonAcademy/E-Commerce/backend/src/main/java/com/lemonacademy/ecommerce/service/AddressService.java:[167,38] cannot find symbol
  symbol:   method getAddressLine2()
  location: variable address of type com.lemonacademy.ecommerce.entity.Address
[ERROR] /C:/Users/manis/OneDrive/Desktop/LemonAcademy/E-Commerce/backend/src/main/java/com/lemonacademy/ecommerce/service/AddressService.java:[168,30] cannot find symbol
  symbol:   method getCity()
  location: variable address of type com.lemonacademy.ecommerce.entity.Address
[ERROR] /C:/Users/manis/OneDrive/Desktop/LemonAcademy/E-Commerce/backend/src/main/java/com/lemonacademy/ecommerce/service/AddressService.java:[169,31] cannot find symbol
  symbol:   method getState()
  location: variable address of type com.lemonacademy.ecommerce.entity.Address
[ERROR] /C:/Users/manis/OneDrive/Desktop/LemonAcademy/E-Commerce/backend/src/main/java/com/lemonacademy/ecommerce/service/AddressService.java:[170,33] cannot find symbol
  symbol:   method getPincode()
  location: variable address of type com.lemonacademy.ecommerce.entity.Address
[ERROR] /C:/Users/manis/OneDrive/Desktop/LemonAcademy/E-Commerce/backend/src/main/java/com/lemonacademy/ecommerce/service/AddressService.java:[171,35] cannot find symbol
  symbol:   method getIsDefault()
  location: variable address of type com.lemonacademy.ecommerce.entity.Address
[ERROR] /C:/Users/manis/OneDrive/Desktop/LemonAcademy/E-Commerce/backend/src/main/java/com/lemonacademy/ecommerce/service/AddressService.java:[172,35] cannot find symbol
  symbol:   method getCreatedAt()
  location: variable address of type com.lemonacademy.ecommerce.entity.Address
[ERROR] /C:/Users/manis/OneDrive/Desktop/LemonAcademy/E-Commerce/backend/src/main/java/com/lemonacademy/ecommerce/dto/ApiResponse.java:[18,27] cannot find symbol
  symbol:   method <T>builder()
  location: class com.lemonacademy.ecommerce.dto.ApiResponse
[ERROR] /C:/Users/manis/OneDrive/Desktop/LemonAcademy/E-Commerce/backend/src/main/java/com/lemonacademy/ecommerce/dto/ApiResponse.java:[26,27] cannot find symbol
  symbol:   method <T>builder()
  location: class com.lemonacademy.ecommerce.dto.ApiResponse
[ERROR] /C:/Users/manis/OneDrive/Desktop/LemonAcademy/E-Commerce/backend/src/main/java/com/lemonacademy/ecommerce/entity/User.java:[24,8] com.lemonacademy.ecommerce.entity.User is not abstract and does not override abstract method getPassword() in org.springframework.security.core.userdetails.UserDetails
[ERROR] /C:/Users/manis/OneDrive/Desktop/LemonAcademy/E-Commerce/backend/src/main/java/com/lemonacademy/ecommerce/service/DashboardService.java:[29,33] cannot find symbol
  symbol:   method builder()
  location: class com.lemonacademy.ecommerce.dto.DashboardResponse
[ERROR] /C:/Users/manis/OneDrive/Desktop/LemonAcademy/E-Commerce/backend/src/main/java/com/lemonacademy/ecommerce/controller/AdminOrderController.java:[41,76] cannot find symbol
  symbol:   method getStatus()
  location: variable request of type @jakarta.validation.Valid com.lemonacademy.ecommerce.dto.OrderStatusRequest
[ERROR] /C:/Users/manis/OneDrive/Desktop/LemonAcademy/E-Commerce/backend/src/main/java/com/lemonacademy/ecommerce/service/OrderService.java:[64,13] cannot find symbol
  symbol:   variable log
  location: class com.lemonacademy.ecommerce.service.OrderService
[ERROR] /C:/Users/manis/OneDrive/Desktop/LemonAcademy/E-Commerce/backend/src/main/java/com/lemonacademy/ecommerce/service/OrderService.java:[65,32] cannot find symbol
  symbol:   method getId()
  location: variable savedOrder of type com.lemonacademy.ecommerce.entity.Order
[ERROR] /C:/Users/manis/OneDrive/Desktop/LemonAcademy/E-Commerce/backend/src/main/java/com/lemonacademy/ecommerce/service/OrderService.java:[68,27] cannot find symbol
  symbol:   method setShipmentStatus(java.lang.String)
  location: variable savedOrder of type com.lemonacademy.ecommerce.entity.Order
[ERROR] /C:/Users/manis/OneDrive/Desktop/LemonAcademy/E-Commerce/backend/src/main/java/com/lemonacademy/ecommerce/service/OrderService.java:[72,17] cannot find symbol
  symbol:   variable log
  location: class com.lemonacademy.ecommerce.service.OrderService
[ERROR] /C:/Users/manis/OneDrive/Desktop/LemonAcademy/E-Commerce/backend/src/main/java/com/lemonacademy/ecommerce/service/OrderService.java:[72,90] cannot find symbol
  symbol:   method getId()
  location: variable savedOrder of type com.lemonacademy.ecommerce.entity.Order
[ERROR] /C:/Users/manis/OneDrive/Desktop/LemonAcademy/E-Commerce/backend/src/main/java/com/lemonacademy/ecommerce/service/OrderService.java:[87,17] cannot find symbol
  symbol:   method getItems()
  location: variable cart of type com.lemonacademy.ecommerce.entity.Cart
[ERROR] /C:/Users/manis/OneDrive/Desktop/LemonAcademy/E-Commerce/backend/src/main/java/com/lemonacademy/ecommerce/service/OrderService.java:[92,61] cannot find symbol
  symbol:   method getAddressId()
  location: variable request of type com.lemonacademy.ecommerce.dto.OrderRequest
[ERROR] /C:/Users/manis/OneDrive/Desktop/LemonAcademy/E-Commerce/backend/src/main/java/com/lemonacademy/ecommerce/service/OrderService.java:[93,105] cannot find symbol
  symbol:   method getAddressId()
  location: variable request of type com.lemonacademy.ecommerce.dto.OrderRequest
[ERROR] /C:/Users/manis/OneDrive/Desktop/LemonAcademy/E-Commerce/backend/src/main/java/com/lemonacademy/ecommerce/service/OrderService.java:[95,21] cannot find symbol
  symbol:   method getUser()
  location: variable address of type com.lemonacademy.ecommerce.entity.Address
[ERROR] /C:/Users/manis/OneDrive/Desktop/LemonAcademy/E-Commerce/backend/src/main/java/com/lemonacademy/ecommerce/service/OrderService.java:[95,51] cannot find symbol
  symbol:   method getId()
  location: variable user of type com.lemonacademy.ecommerce.entity.User
[ERROR] /C:/Users/manis/OneDrive/Desktop/LemonAcademy/E-Commerce/backend/src/main/java/com/lemonacademy/ecommerce/service/OrderService.java:[107,14] cannot find symbol
  symbol:   method setUser(com.lemonacademy.ecommerce.entity.User)
  location: variable order of type com.lemonacademy.ecommerce.entity.Order
[ERROR] /C:/Users/manis/OneDrive/Desktop/LemonAcademy/E-Commerce/backend/src/main/java/com/lemonacademy/ecommerce/service/OrderService.java:[108,14] cannot find symbol
  symbol:   method setAddress(com.lemonacademy.ecommerce.entity.Address)
  location: variable order of type com.lemonacademy.ecommerce.entity.Order
[ERROR] /C:/Users/manis/OneDrive/Desktop/LemonAcademy/E-Commerce/backend/src/main/java/com/lemonacademy/ecommerce/service/OrderService.java:[109,14] cannot find symbol
  symbol:   method setStatus(com.lemonacademy.ecommerce.entity.OrderStatus)
  location: variable order of type com.lemonacademy.ecommerce.entity.Order
[ERROR] /C:/Users/manis/OneDrive/Desktop/LemonAcademy/E-Commerce/backend/src/main/java/com/lemonacademy/ecommerce/service/OrderService.java:[111,38] cannot find symbol
  symbol:   method getItems()
  location: variable cart of type com.lemonacademy.ecommerce.entity.Cart
[ERROR] /C:/Users/manis/OneDrive/Desktop/LemonAcademy/E-Commerce/backend/src/main/java/com/lemonacademy/ecommerce/service/OrderService.java:[112,39] cannot find symbol
  symbol:   method getProduct()
  location: variable cartItem of type com.lemonacademy.ecommerce.entity.CartItem
[ERROR] /C:/Users/manis/OneDrive/Desktop/LemonAcademy/E-Commerce/backend/src/main/java/com/lemonacademy/ecommerce/service/OrderService.java:[115,45] cannot find symbol
  symbol:   method getActive()
  location: variable product of type com.lemonacademy.ecommerce.entity.Product
[ERROR] /C:/Users/manis/OneDrive/Desktop/LemonAcademy/E-Commerce/backend/src/main/java/com/lemonacademy/ecommerce/service/OrderService.java:[116,96] cannot find symbol
  symbol:   method getName()
  location: variable product of type com.lemonacademy.ecommerce.entity.Product
[ERROR] /C:/Users/manis/OneDrive/Desktop/LemonAcademy/E-Commerce/backend/src/main/java/com/lemonacademy/ecommerce/service/OrderService.java:[120,25] cannot find symbol
  symbol:   method getQuantity()
  location: variable cartItem of type com.lemonacademy.ecommerce.entity.CartItem
[ERROR] /C:/Users/manis/OneDrive/Desktop/LemonAcademy/E-Commerce/backend/src/main/java/com/lemonacademy/ecommerce/service/OrderService.java:[120,49] cannot find symbol
  symbol:   method getStock()
  location: variable product of type com.lemonacademy.ecommerce.entity.Product
[ERROR] /C:/Users/manis/OneDrive/Desktop/LemonAcademy/E-Commerce/backend/src/main/java/com/lemonacademy/ecommerce/service/OrderService.java:[122,68] cannot find symbol
  symbol:   method getName()
  location: variable product of type com.lemonacademy.ecommerce.entity.Product
[ERROR] /C:/Users/manis/OneDrive/Desktop/LemonAcademy/E-Commerce/backend/src/main/java/com/lemonacademy/ecommerce/service/OrderService.java:[122,106] cannot find symbol
  symbol:   method getStock()
  location: variable product of type com.lemonacademy.ecommerce.entity.Product
[ERROR] /C:/Users/manis/OneDrive/Desktop/LemonAcademy/E-Commerce/backend/src/main/java/com/lemonacademy/ecommerce/service/OrderService.java:[126,37] cannot find symbol
  symbol:   method getStock()
  location: variable product of type com.lemonacademy.ecommerce.entity.Product
[ERROR] /C:/Users/manis/OneDrive/Desktop/LemonAcademy/E-Commerce/backend/src/main/java/com/lemonacademy/ecommerce/service/OrderService.java:[126,59] cannot find symbol
  symbol:   method getQuantity()
  location: variable cartItem of type com.lemonacademy.ecommerce.entity.CartItem
[ERROR] /C:/Users/manis/OneDrive/Desktop/LemonAcademy/E-Commerce/backend/src/main/java/com/lemonacademy/ecommerce/service/OrderService.java:[130,46] cannot find symbol
  symbol:   method getPrice()
  location: variable product of type com.lemonacademy.ecommerce.entity.Product
[ERROR] /C:/Users/manis/OneDrive/Desktop/LemonAcademy/E-Commerce/backend/src/main/java/com/lemonacademy/ecommerce/service/OrderService.java:[130,94] cannot find symbol
  symbol:   method getQuantity()
  location: variable cartItem of type com.lemonacademy.ecommerce.entity.CartItem
[ERROR] /C:/Users/manis/OneDrive/Desktop/LemonAcademy/E-Commerce/backend/src/main/java/com/lemonacademy/ecommerce/service/OrderService.java:[134,36] cannot find symbol
  symbol:   method getWeight()
  location: variable product of type com.lemonacademy.ecommerce.entity.Product
[ERROR] /C:/Users/manis/OneDrive/Desktop/LemonAcademy/E-Commerce/backend/src/main/java/com/lemonacademy/ecommerce/service/OrderService.java:[134,66] cannot find symbol
  symbol:   method getWeight()
  location: variable product of type com.lemonacademy.ecommerce.entity.Product
[ERROR] /C:/Users/manis/OneDrive/Desktop/LemonAcademy/E-Commerce/backend/src/main/java/com/lemonacademy/ecommerce/service/OrderService.java:[134,96] cannot find symbol
  symbol:   method getQuantity()
  location: variable cartItem of type com.lemonacademy.ecommerce.entity.CartItem
[ERROR] /C:/Users/manis/OneDrive/Desktop/LemonAcademy/E-Commerce/backend/src/main/java/com/lemonacademy/ecommerce/service/OrderService.java:[135,46] cannot find symbol
  symbol:   method getLength()
  location: variable product of type com.lemonacademy.ecommerce.entity.Product
[ERROR] /C:/Users/manis/OneDrive/Desktop/LemonAcademy/E-Commerce/backend/src/main/java/com/lemonacademy/ecommerce/service/OrderService.java:[135,76] cannot find symbol
  symbol:   method getLength()
  location: variable product of type com.lemonacademy.ecommerce.entity.Product
[ERROR] /C:/Users/manis/OneDrive/Desktop/LemonAcademy/E-Commerce/backend/src/main/java/com/lemonacademy/ecommerce/service/OrderService.java:[136,46] cannot find symbol
  symbol:   method getBreadth()
  location: variable product of type com.lemonacademy.ecommerce.entity.Product
[ERROR] /C:/Users/manis/OneDrive/Desktop/LemonAcademy/E-Commerce/backend/src/main/java/com/lemonacademy/ecommerce/service/OrderService.java:[136,77] cannot find symbol
  symbol:   method getBreadth()
  location: variable product of type com.lemonacademy.ecommerce.entity.Product
[ERROR] /C:/Users/manis/OneDrive/Desktop/LemonAcademy/E-Commerce/backend/src/main/java/com/lemonacademy/ecommerce/service/OrderService.java:[137,46] cannot find symbol
  symbol:   method getHeight()
  location: variable product of type com.lemonacademy.ecommerce.entity.Product
[ERROR] /C:/Users/manis/OneDrive/Desktop/LemonAcademy/E-Commerce/backend/src/main/java/com/lemonacademy/ecommerce/service/OrderService.java:[137,76] cannot find symbol
  symbol:   method getHeight()
  location: variable product of type com.lemonacademy.ecommerce.entity.Product
[ERROR] /C:/Users/manis/OneDrive/Desktop/LemonAcademy/E-Commerce/backend/src/main/java/com/lemonacademy/ecommerce/service/OrderService.java:[139,44] cannot find symbol
  symbol:   method builder()
  location: class com.lemonacademy.ecommerce.entity.OrderItem
[ERROR] /C:/Users/manis/OneDrive/Desktop/LemonAcademy/E-Commerce/backend/src/main/java/com/lemonacademy/ecommerce/service/OrderService.java:[142,39] cannot find symbol
  symbol:   method getQuantity()
  location: variable cartItem of type com.lemonacademy.ecommerce.entity.CartItem
[ERROR] /C:/Users/manis/OneDrive/Desktop/LemonAcademy/E-Commerce/backend/src/main/java/com/lemonacademy/ecommerce/service/OrderService.java:[143,35] cannot find symbol
  symbol:   method getPrice()
  location: variable product of type com.lemonacademy.ecommerce.entity.Product
[ERROR] /C:/Users/manis/OneDrive/Desktop/LemonAcademy/E-Commerce/backend/src/main/java/com/lemonacademy/ecommerce/service/OrderService.java:[152,78] cannot find symbol
  symbol:   method builder()
  location: class com.lemonacademy.ecommerce.shipping.dto.ShippingEstimateRequest
[ERROR] /C:/Users/manis/OneDrive/Desktop/LemonAcademy/E-Commerce/backend/src/main/java/com/lemonacademy/ecommerce/service/OrderService.java:[158,48] cannot find symbol
  symbol:   method getPincode()
  location: variable address of type com.lemonacademy.ecommerce.entity.Address
[ERROR] /C:/Users/manis/OneDrive/Desktop/LemonAcademy/E-Commerce/backend/src/main/java/com/lemonacademy/ecommerce/service/OrderService.java:[168,30] invalid method reference
  cannot find symbol
    symbol:   method getRate()
    location: class com.lemonacademy.ecommerce.shipping.dto.CourierEstimateResponse
[ERROR] /C:/Users/manis/OneDrive/Desktop/LemonAcademy/E-Commerce/backend/src/main/java/com/lemonacademy/ecommerce/service/OrderService.java:[175,13] cannot find symbol
  symbol:   variable log
  location: class com.lemonacademy.ecommerce.service.OrderService
[INFO] 100 errors 
[INFO] -------------------------------------------------------------
[INFO] ------------------------------------------------------------------------
[INFO] BUILD FAILURE
[INFO] ------------------------------------------------------------------------
[INFO] Total time:  4.228 s
[INFO] Finished at: 2026-07-11T11:35:01+05:30
[INFO] ------------------------------------------------------------------------
[ERROR] Failed to execute goal org.apache.maven.plugins:maven-compiler-plugin:3.13.0:compile (default-compile) on project ecommerce: Compilation failure: Compilation failure: 
[ERROR] /C:/Users/manis/OneDrive/Desktop/LemonAcademy/E-Commerce/backend/src/main/java/com/lemonacademy/ecommerce/entity/Order.java:[87,24] variable shippingCharge is already defined in class com.lemonacademy.ecommerce.entity.Order
[ERROR] /C:/Users/manis/OneDrive/Desktop/LemonAcademy/E-Commerce/backend/src/main/java/com/lemonacademy/ecommerce/entity/Order.java:[113,21] variable weight is already defined in class com.lemonacademy.ecommerce.entity.Order
[ERROR] /C:/Users/manis/OneDrive/Desktop/LemonAcademy/E-Commerce/backend/src/main/java/com/lemonacademy/ecommerce/entity/Order.java:[116,21] variable length is already defined in class com.lemonacademy.ecommerce.entity.Order
[ERROR] /C:/Users/manis/OneDrive/Desktop/LemonAcademy/E-Commerce/backend/src/main/java/com/lemonacademy/ecommerce/entity/Order.java:[119,21] variable breadth is already defined in class com.lemonacademy.ecommerce.entity.Order
[ERROR] /C:/Users/manis/OneDrive/Desktop/LemonAcademy/E-Commerce/backend/src/main/java/com/lemonacademy/ecommerce/entity/Order.java:[122,21] variable height is already defined in class com.lemonacademy.ecommerce.entity.Order
[ERROR] /C:/Users/manis/OneDrive/Desktop/LemonAcademy/E-Commerce/backend/src/main/java/com/lemonacademy/ecommerce/config/AdminInitializer.java:[21,39] cannot find symbol
[ERROR]   symbol:   method builder()
[ERROR]   location: class com.lemonacademy.ecommerce.entity.Admin
[ERROR] /C:/Users/manis/OneDrive/Desktop/LemonAcademy/E-Commerce/backend/src/main/java/com/lemonacademy/ecommerce/service/AddressService.java:[38,80] cannot find symbol
[ERROR]   symbol:   method getIsDefault()
[ERROR]   location: variable request of type com.lemonacademy.ecommerce.dto.AddressRequest
[ERROR] /C:/Users/manis/OneDrive/Desktop/LemonAcademy/E-Commerce/backend/src/main/java/com/lemonacademy/ecommerce/service/AddressService.java:[43,42] cannot find symbol
[ERROR]   symbol:   method getIsDefault()
[ERROR]   location: variable a of type com.lemonacademy.ecommerce.entity.Address
[ERROR] /C:/Users/manis/OneDrive/Desktop/LemonAcademy/E-Commerce/backend/src/main/java/com/lemonacademy/ecommerce/service/AddressService.java:[44,22] cannot find symbol
[ERROR]   symbol:   method setIsDefault(boolean)
[ERROR]   location: variable a of type com.lemonacademy.ecommerce.entity.Address
[ERROR] /C:/Users/manis/OneDrive/Desktop/LemonAcademy/E-Commerce/backend/src/main/java/com/lemonacademy/ecommerce/service/AddressService.java:[50,34] cannot find symbol
[ERROR]   symbol:   method builder()
[ERROR]   location: class com.lemonacademy.ecommerce.entity.Address
[ERROR] /C:/Users/manis/OneDrive/Desktop/LemonAcademy/E-Commerce/backend/src/main/java/com/lemonacademy/ecommerce/service/AddressService.java:[52,34] cannot find symbol
[ERROR]   symbol:   method getFullName()
[ERROR]   location: variable request of type com.lemonacademy.ecommerce.dto.AddressRequest
[ERROR] /C:/Users/manis/OneDrive/Desktop/LemonAcademy/E-Commerce/backend/src/main/java/com/lemonacademy/ecommerce/service/AddressService.java:[53,31] cannot find symbol
[ERROR]   symbol:   method getPhone()
[ERROR]   location: variable request of type com.lemonacademy.ecommerce.dto.AddressRequest
[ERROR] /C:/Users/manis/OneDrive/Desktop/LemonAcademy/E-Commerce/backend/src/main/java/com/lemonacademy/ecommerce/service/AddressService.java:[54,38] cannot find symbol
[ERROR]   symbol:   method getAddressLine1()
[ERROR]   location: variable request of type com.lemonacademy.ecommerce.dto.AddressRequest
[ERROR] /C:/Users/manis/OneDrive/Desktop/LemonAcademy/E-Commerce/backend/src/main/java/com/lemonacademy/ecommerce/service/AddressService.java:[55,38] cannot find symbol
[ERROR]   symbol:   method getAddressLine2()
[ERROR]   location: variable request of type com.lemonacademy.ecommerce.dto.AddressRequest
[ERROR] /C:/Users/manis/OneDrive/Desktop/LemonAcademy/E-Commerce/backend/src/main/java/com/lemonacademy/ecommerce/service/AddressService.java:[56,30] cannot find symbol
[ERROR]   symbol:   method getCity()
[ERROR]   location: variable request of type com.lemonacademy.ecommerce.dto.AddressRequest
[ERROR] /C:/Users/manis/OneDrive/Desktop/LemonAcademy/E-Commerce/backend/src/main/java/com/lemonacademy/ecommerce/service/AddressService.java:[57,31] cannot find symbol
[ERROR]   symbol:   method getState()
[ERROR]   location: variable request of type com.lemonacademy.ecommerce.dto.AddressRequest
[ERROR] /C:/Users/manis/OneDrive/Desktop/LemonAcademy/E-Commerce/backend/src/main/java/com/lemonacademy/ecommerce/service/AddressService.java:[58,33] cannot find symbol
[ERROR]   symbol:   method getPincode()
[ERROR]   location: variable request of type com.lemonacademy.ecommerce.dto.AddressRequest
[ERROR] /C:/Users/manis/OneDrive/Desktop/LemonAcademy/E-Commerce/backend/src/main/java/com/lemonacademy/ecommerce/service/AddressService.java:[80,21] cannot find symbol
[ERROR]   symbol:   method getUser()
[ERROR]   location: variable address of type com.lemonacademy.ecommerce.entity.Address
[ERROR] /C:/Users/manis/OneDrive/Desktop/LemonAcademy/E-Commerce/backend/src/main/java/com/lemonacademy/ecommerce/service/AddressService.java:[80,51] cannot find symbol
[ERROR]   symbol:   method getId()
[ERROR]   location: variable user of type com.lemonacademy.ecommerce.entity.User
[ERROR] /C:/Users/manis/OneDrive/Desktop/LemonAcademy/E-Commerce/backend/src/main/java/com/lemonacademy/ecommerce/service/AddressService.java:[84,40] cannot find symbol
[ERROR]   symbol:   method getIsDefault()
[ERROR]   location: variable request of type com.lemonacademy.ecommerce.dto.AddressRequest
[ERROR] /C:/Users/manis/OneDrive/Desktop/LemonAcademy/E-Commerce/backend/src/main/java/com/lemonacademy/ecommerce/service/AddressService.java:[84,88] cannot find symbol
[ERROR]   symbol:   method getIsDefault()
[ERROR]   location: variable address of type com.lemonacademy.ecommerce.entity.Address
[ERROR] /C:/Users/manis/OneDrive/Desktop/LemonAcademy/E-Commerce/backend/src/main/java/com/lemonacademy/ecommerce/service/AddressService.java:[88,42] cannot find symbol
[ERROR]   symbol:   method getIsDefault()
[ERROR]   location: variable a of type com.lemonacademy.ecommerce.entity.Address
[ERROR] /C:/Users/manis/OneDrive/Desktop/LemonAcademy/E-Commerce/backend/src/main/java/com/lemonacademy/ecommerce/service/AddressService.java:[89,22] cannot find symbol
[ERROR]   symbol:   method setIsDefault(boolean)
[ERROR]   location: variable a of type com.lemonacademy.ecommerce.entity.Address
[ERROR] /C:/Users/manis/OneDrive/Desktop/LemonAcademy/E-Commerce/backend/src/main/java/com/lemonacademy/ecommerce/service/AddressService.java:[93,20] cannot find symbol
[ERROR]   symbol:   method setIsDefault(boolean)
[ERROR]   location: variable address of type com.lemonacademy.ecommerce.entity.Address
[ERROR] /C:/Users/manis/OneDrive/Desktop/LemonAcademy/E-Commerce/backend/src/main/java/com/lemonacademy/ecommerce/service/AddressService.java:[94,48] cannot find symbol
[ERROR]   symbol:   method getIsDefault()
[ERROR]   location: variable request of type com.lemonacademy.ecommerce.dto.AddressRequest
[ERROR] /C:/Users/manis/OneDrive/Desktop/LemonAcademy/E-Commerce/backend/src/main/java/com/lemonacademy/ecommerce/service/AddressService.java:[94,95] cannot find symbol
[ERROR]   symbol:   method getIsDefault()
[ERROR]   location: variable address of type com.lemonacademy.ecommerce.entity.Address
[ERROR] /C:/Users/manis/OneDrive/Desktop/LemonAcademy/E-Commerce/backend/src/main/java/com/lemonacademy/ecommerce/service/AddressService.java:[98,24] cannot find symbol
[ERROR]   symbol:   method setIsDefault(boolean)
[ERROR]   location: variable address of type com.lemonacademy.ecommerce.entity.Address
[ERROR] /C:/Users/manis/OneDrive/Desktop/LemonAcademy/E-Commerce/backend/src/main/java/com/lemonacademy/ecommerce/service/AddressService.java:[102,36] cannot find symbol
[ERROR]   symbol:   method getFullName()
[ERROR]   location: variable request of type com.lemonacademy.ecommerce.dto.AddressRequest
[ERROR] /C:/Users/manis/OneDrive/Desktop/LemonAcademy/E-Commerce/backend/src/main/java/com/lemonacademy/ecommerce/service/AddressService.java:[103,33] cannot find symbol
[ERROR]   symbol:   method getPhone()
[ERROR]   location: variable request of type com.lemonacademy.ecommerce.dto.AddressRequest
[ERROR] /C:/Users/manis/OneDrive/Desktop/LemonAcademy/E-Commerce/backend/src/main/java/com/lemonacademy/ecommerce/service/AddressService.java:[104,40] cannot find symbol
[ERROR]   symbol:   method getAddressLine1()
[ERROR]   location: variable request of type com.lemonacademy.ecommerce.dto.AddressRequest
[ERROR] /C:/Users/manis/OneDrive/Desktop/LemonAcademy/E-Commerce/backend/src/main/java/com/lemonacademy/ecommerce/service/AddressService.java:[105,40] cannot find symbol
[ERROR]   symbol:   method getAddressLine2()
[ERROR]   location: variable request of type com.lemonacademy.ecommerce.dto.AddressRequest
[ERROR] /C:/Users/manis/OneDrive/Desktop/LemonAcademy/E-Commerce/backend/src/main/java/com/lemonacademy/ecommerce/service/AddressService.java:[106,32] cannot find symbol
[ERROR]   symbol:   method getCity()
[ERROR]   location: variable request of type com.lemonacademy.ecommerce.dto.AddressRequest
[ERROR] /C:/Users/manis/OneDrive/Desktop/LemonAcademy/E-Commerce/backend/src/main/java/com/lemonacademy/ecommerce/service/AddressService.java:[107,33] cannot find symbol
[ERROR]   symbol:   method getState()
[ERROR]   location: variable request of type com.lemonacademy.ecommerce.dto.AddressRequest
[ERROR] /C:/Users/manis/OneDrive/Desktop/LemonAcademy/E-Commerce/backend/src/main/java/com/lemonacademy/ecommerce/service/AddressService.java:[108,35] cannot find symbol
[ERROR]   symbol:   method getPincode()
[ERROR]   location: variable request of type com.lemonacademy.ecommerce.dto.AddressRequest
[ERROR] /C:/Users/manis/OneDrive/Desktop/LemonAcademy/E-Commerce/backend/src/main/java/com/lemonacademy/ecommerce/service/AddressService.java:[120,21] cannot find symbol
[ERROR]   symbol:   method getUser()
[ERROR]   location: variable address of type com.lemonacademy.ecommerce.entity.Address
[ERROR] /C:/Users/manis/OneDrive/Desktop/LemonAcademy/E-Commerce/backend/src/main/java/com/lemonacademy/ecommerce/service/AddressService.java:[120,51] cannot find symbol
[ERROR]   symbol:   method getId()
[ERROR]   location: variable user of type com.lemonacademy.ecommerce.entity.User
[ERROR] /C:/Users/manis/OneDrive/Desktop/LemonAcademy/E-Commerce/backend/src/main/java/com/lemonacademy/ecommerce/service/AddressService.java:[124,57] cannot find symbol
[ERROR]   symbol:   method getIsDefault()
[ERROR]   location: variable address of type com.lemonacademy.ecommerce.entity.Address
[ERROR] /C:/Users/manis/OneDrive/Desktop/LemonAcademy/E-Commerce/backend/src/main/java/com/lemonacademy/ecommerce/service/AddressService.java:[132,27] cannot find symbol
[ERROR]   symbol:   method setIsDefault(boolean)
[ERROR]   location: variable newDefault of type com.lemonacademy.ecommerce.entity.Address
[ERROR] /C:/Users/manis/OneDrive/Desktop/LemonAcademy/E-Commerce/backend/src/main/java/com/lemonacademy/ecommerce/service/AddressService.java:[144,21] cannot find symbol
[ERROR]   symbol:   method getUser()
[ERROR]   location: variable address of type com.lemonacademy.ecommerce.entity.Address
[ERROR] /C:/Users/manis/OneDrive/Desktop/LemonAcademy/E-Commerce/backend/src/main/java/com/lemonacademy/ecommerce/service/AddressService.java:[144,51] cannot find symbol
[ERROR]   symbol:   method getId()
[ERROR]   location: variable user of type com.lemonacademy.ecommerce.entity.User
[ERROR] /C:/Users/manis/OneDrive/Desktop/LemonAcademy/E-Commerce/backend/src/main/java/com/lemonacademy/ecommerce/service/AddressService.java:[150,38] cannot find symbol
[ERROR]   symbol:   method getIsDefault()
[ERROR]   location: variable a of type com.lemonacademy.ecommerce.entity.Address
[ERROR] /C:/Users/manis/OneDrive/Desktop/LemonAcademy/E-Commerce/backend/src/main/java/com/lemonacademy/ecommerce/service/AddressService.java:[151,18] cannot find symbol
[ERROR]   symbol:   method setIsDefault(boolean)
[ERROR]   location: variable a of type com.lemonacademy.ecommerce.entity.Address
[ERROR] /C:/Users/manis/OneDrive/Desktop/LemonAcademy/E-Commerce/backend/src/main/java/com/lemonacademy/ecommerce/service/AddressService.java:[156,16] cannot find symbol
[ERROR]   symbol:   method setIsDefault(boolean)
[ERROR]   location: variable address of type com.lemonacademy.ecommerce.entity.Address
[ERROR] /C:/Users/manis/OneDrive/Desktop/LemonAcademy/E-Commerce/backend/src/main/java/com/lemonacademy/ecommerce/service/AddressService.java:[162,31] cannot find symbol
[ERROR]   symbol:   method builder()
[ERROR]   location: class com.lemonacademy.ecommerce.dto.AddressResponse
[ERROR] /C:/Users/manis/OneDrive/Desktop/LemonAcademy/E-Commerce/backend/src/main/java/com/lemonacademy/ecommerce/service/AddressService.java:[163,28] cannot find symbol
[ERROR]   symbol:   method getId()
[ERROR]   location: variable address of type com.lemonacademy.ecommerce.entity.Address
[ERROR] /C:/Users/manis/OneDrive/Desktop/LemonAcademy/E-Commerce/backend/src/main/java/com/lemonacademy/ecommerce/service/AddressService.java:[164,34] cannot find symbol
[ERROR]   symbol:   method getFullName()
[ERROR]   location: variable address of type com.lemonacademy.ecommerce.entity.Address
[ERROR] /C:/Users/manis/OneDrive/Desktop/LemonAcademy/E-Commerce/backend/src/main/java/com/lemonacademy/ecommerce/service/AddressService.java:[165,31] cannot find symbol
[ERROR]   symbol:   method getPhone()
[ERROR]   location: variable address of type com.lemonacademy.ecommerce.entity.Address
[ERROR] /C:/Users/manis/OneDrive/Desktop/LemonAcademy/E-Commerce/backend/src/main/java/com/lemonacademy/ecommerce/service/AddressService.java:[166,38] cannot find symbol
[ERROR]   symbol:   method getAddressLine1()
[ERROR]   location: variable address of type com.lemonacademy.ecommerce.entity.Address
[ERROR] /C:/Users/manis/OneDrive/Desktop/LemonAcademy/E-Commerce/backend/src/main/java/com/lemonacademy/ecommerce/service/AddressService.java:[167,38] cannot find symbol
[ERROR]   symbol:   method getAddressLine2()
[ERROR]   location: variable address of type com.lemonacademy.ecommerce.entity.Address
[ERROR] /C:/Users/manis/OneDrive/Desktop/LemonAcademy/E-Commerce/backend/src/main/java/com/lemonacademy/ecommerce/service/AddressService.java:[168,30] cannot find symbol
[ERROR]   symbol:   method getCity()
[ERROR]   location: variable address of type com.lemonacademy.ecommerce.entity.Address
[ERROR] /C:/Users/manis/OneDrive/Desktop/LemonAcademy/E-Commerce/backend/src/main/java/com/lemonacademy/ecommerce/service/AddressService.java:[169,31] cannot find symbol
[ERROR]   symbol:   method getState()
[ERROR]   location: variable address of type com.lemonacademy.ecommerce.entity.Address
[ERROR] /C:/Users/manis/OneDrive/Desktop/LemonAcademy/E-Commerce/backend/src/main/java/com/lemonacademy/ecommerce/service/AddressService.java:[170,33] cannot find symbol
[ERROR]   symbol:   method getPincode()
[ERROR]   location: variable address of type com.lemonacademy.ecommerce.entity.Address
[ERROR] /C:/Users/manis/OneDrive/Desktop/LemonAcademy/E-Commerce/backend/src/main/java/com/lemonacademy/ecommerce/service/AddressService.java:[171,35] cannot find symbol
[ERROR]   symbol:   method getIsDefault()
[ERROR]   location: variable address of type com.lemonacademy.ecommerce.entity.Address
[ERROR] /C:/Users/manis/OneDrive/Desktop/LemonAcademy/E-Commerce/backend/src/main/java/com/lemonacademy/ecommerce/service/AddressService.java:[172,35] cannot find symbol
[ERROR]   symbol:   method getCreatedAt()
[ERROR]   location: variable address of type com.lemonacademy.ecommerce.entity.Address
[ERROR] /C:/Users/manis/OneDrive/Desktop/LemonAcademy/E-Commerce/backend/src/main/java/com/lemonacademy/ecommerce/dto/ApiResponse.java:[18,27] cannot find symbol
[ERROR]   symbol:   method <T>builder()
[ERROR]   location: class com.lemonacademy.ecommerce.dto.ApiResponse
[ERROR] /C:/Users/manis/OneDrive/Desktop/LemonAcademy/E-Commerce/backend/src/main/java/com/lemonacademy/ecommerce/dto/ApiResponse.java:[26,27] cannot find symbol
[ERROR]   symbol:   method <T>builder()
[ERROR]   location: class com.lemonacademy.ecommerce.dto.ApiResponse
[ERROR] /C:/Users/manis/OneDrive/Desktop/LemonAcademy/E-Commerce/backend/src/main/java/com/lemonacademy/ecommerce/entity/User.java:[24,8] com.lemonacademy.ecommerce.entity.User is not abstract and does not override abstract method getPassword() in org.springframework.security.core.userdetails.UserDetails
[ERROR] /C:/Users/manis/OneDrive/Desktop/LemonAcademy/E-Commerce/backend/src/main/java/com/lemonacademy/ecommerce/service/DashboardService.java:[29,33] cannot find symbol
[ERROR]   symbol:   method builder()
[ERROR]   location: class com.lemonacademy.ecommerce.dto.DashboardResponse
[ERROR] /C:/Users/manis/OneDrive/Desktop/LemonAcademy/E-Commerce/backend/src/main/java/com/lemonacademy/ecommerce/controller/AdminOrderController.java:[41,76] cannot find symbol
[ERROR]   symbol:   method getStatus()
[ERROR]   location: variable request of type @jakarta.validation.Valid com.lemonacademy.ecommerce.dto.OrderStatusRequest
[ERROR] /C:/Users/manis/OneDrive/Desktop/LemonAcademy/E-Commerce/backend/src/main/java/com/lemonacademy/ecommerce/service/OrderService.java:[64,13] cannot find symbol
[ERROR]   symbol:   variable log
[ERROR]   location: class com.lemonacademy.ecommerce.service.OrderService
[ERROR] /C:/Users/manis/OneDrive/Desktop/LemonAcademy/E-Commerce/backend/src/main/java/com/lemonacademy/ecommerce/service/OrderService.java:[65,32] cannot find symbol
[ERROR]   symbol:   method getId()
[ERROR]   location: variable savedOrder of type com.lemonacademy.ecommerce.entity.Order
[ERROR] /C:/Users/manis/OneDrive/Desktop/LemonAcademy/E-Commerce/backend/src/main/java/com/lemonacademy/ecommerce/service/OrderService.java:[68,27] cannot find symbol
[ERROR]   symbol:   method setShipmentStatus(java.lang.String)
[ERROR]   location: variable savedOrder of type com.lemonacademy.ecommerce.entity.Order
[ERROR] /C:/Users/manis/OneDrive/Desktop/LemonAcademy/E-Commerce/backend/src/main/java/com/lemonacademy/ecommerce/service/OrderService.java:[72,17] cannot find symbol
[ERROR]   symbol:   variable log
[ERROR]   location: class com.lemonacademy.ecommerce.service.OrderService
[ERROR] /C:/Users/manis/OneDrive/Desktop/LemonAcademy/E-Commerce/backend/src/main/java/com/lemonacademy/ecommerce/service/OrderService.java:[72,90] cannot find symbol
[ERROR]   symbol:   method getId()
[ERROR]   location: variable savedOrder of type com.lemonacademy.ecommerce.entity.Order
[ERROR] /C:/Users/manis/OneDrive/Desktop/LemonAcademy/E-Commerce/backend/src/main/java/com/lemonacademy/ecommerce/service/OrderService.java:[87,17] cannot find symbol
[ERROR]   symbol:   method getItems()
[ERROR]   location: variable cart of type com.lemonacademy.ecommerce.entity.Cart
[ERROR] /C:/Users/manis/OneDrive/Desktop/LemonAcademy/E-Commerce/backend/src/main/java/com/lemonacademy/ecommerce/service/OrderService.java:[92,61] cannot find symbol
[ERROR]   symbol:   method getAddressId()
[ERROR]   location: variable request of type com.lemonacademy.ecommerce.dto.OrderRequest
[ERROR] /C:/Users/manis/OneDrive/Desktop/LemonAcademy/E-Commerce/backend/src/main/java/com/lemonacademy/ecommerce/service/OrderService.java:[93,105] cannot find symbol
[ERROR]   symbol:   method getAddressId()
[ERROR]   location: variable request of type com.lemonacademy.ecommerce.dto.OrderRequest
[ERROR] /C:/Users/manis/OneDrive/Desktop/LemonAcademy/E-Commerce/backend/src/main/java/com/lemonacademy/ecommerce/service/OrderService.java:[95,21] cannot find symbol
[ERROR]   symbol:   method getUser()
[ERROR]   location: variable address of type com.lemonacademy.ecommerce.entity.Address
[ERROR] /C:/Users/manis/OneDrive/Desktop/LemonAcademy/E-Commerce/backend/src/main/java/com/lemonacademy/ecommerce/service/OrderService.java:[95,51] cannot find symbol
[ERROR]   symbol:   method getId()
[ERROR]   location: variable user of type com.lemonacademy.ecommerce.entity.User
[ERROR] /C:/Users/manis/OneDrive/Desktop/LemonAcademy/E-Commerce/backend/src/main/java/com/lemonacademy/ecommerce/service/OrderService.java:[107,14] cannot find symbol
[ERROR]   symbol:   method setUser(com.lemonacademy.ecommerce.entity.User)
[ERROR]   location: variable order of type com.lemonacademy.ecommerce.entity.Order
[ERROR] /C:/Users/manis/OneDrive/Desktop/LemonAcademy/E-Commerce/backend/src/main/java/com/lemonacademy/ecommerce/service/OrderService.java:[108,14] cannot find symbol
[ERROR]   symbol:   method setAddress(com.lemonacademy.ecommerce.entity.Address)
[ERROR]   location: variable order of type com.lemonacademy.ecommerce.entity.Order
[ERROR] /C:/Users/manis/OneDrive/Desktop/LemonAcademy/E-Commerce/backend/src/main/java/com/lemonacademy/ecommerce/service/OrderService.java:[109,14] cannot find symbol
[ERROR]   symbol:   method setStatus(com.lemonacademy.ecommerce.entity.OrderStatus)
[ERROR]   location: variable order of type com.lemonacademy.ecommerce.entity.Order
[ERROR] /C:/Users/manis/OneDrive/Desktop/LemonAcademy/E-Commerce/backend/src/main/java/com/lemonacademy/ecommerce/service/OrderService.java:[111,38] cannot find symbol
[ERROR]   symbol:   method getItems()
[ERROR]   location: variable cart of type com.lemonacademy.ecommerce.entity.Cart
[ERROR] /C:/Users/manis/OneDrive/Desktop/LemonAcademy/E-Commerce/backend/src/main/java/com/lemonacademy/ecommerce/service/OrderService.java:[112,39] cannot find symbol
[ERROR]   symbol:   method getProduct()
[ERROR]   location: variable cartItem of type com.lemonacademy.ecommerce.entity.CartItem
[ERROR] /C:/Users/manis/OneDrive/Desktop/LemonAcademy/E-Commerce/backend/src/main/java/com/lemonacademy/ecommerce/service/OrderService.java:[115,45] cannot find symbol
[ERROR]   symbol:   method getActive()
[ERROR]   location: variable product of type com.lemonacademy.ecommerce.entity.Product
[ERROR] /C:/Users/manis/OneDrive/Desktop/LemonAcademy/E-Commerce/backend/src/main/java/com/lemonacademy/ecommerce/service/OrderService.java:[116,96] cannot find symbol
[ERROR]   symbol:   method getName()
[ERROR]   location: variable product of type com.lemonacademy.ecommerce.entity.Product
[ERROR] /C:/Users/manis/OneDrive/Desktop/LemonAcademy/E-Commerce/backend/src/main/java/com/lemonacademy/ecommerce/service/OrderService.java:[120,25] cannot find symbol
[ERROR]   symbol:   method getQuantity()
[ERROR]   location: variable cartItem of type com.lemonacademy.ecommerce.entity.CartItem
[ERROR] /C:/Users/manis/OneDrive/Desktop/LemonAcademy/E-Commerce/backend/src/main/java/com/lemonacademy/ecommerce/service/OrderService.java:[120,49] cannot find symbol
[ERROR]   symbol:   method getStock()
[ERROR]   location: variable product of type com.lemonacademy.ecommerce.entity.Product
[ERROR] /C:/Users/manis/OneDrive/Desktop/LemonAcademy/E-Commerce/backend/src/main/java/com/lemonacademy/ecommerce/service/OrderService.java:[122,68] cannot find symbol
[ERROR]   symbol:   method getName()
[ERROR]   location: variable product of type com.lemonacademy.ecommerce.entity.Product
[ERROR] /C:/Users/manis/OneDrive/Desktop/LemonAcademy/E-Commerce/backend/src/main/java/com/lemonacademy/ecommerce/service/OrderService.java:[122,106] cannot find symbol
[ERROR]   symbol:   method getStock()
[ERROR]   location: variable product of type com.lemonacademy.ecommerce.entity.Product
[ERROR] /C:/Users/manis/OneDrive/Desktop/LemonAcademy/E-Commerce/backend/src/main/java/com/lemonacademy/ecommerce/service/OrderService.java:[126,37] cannot find symbol
[ERROR]   symbol:   method getStock()
[ERROR]   location: variable product of type com.lemonacademy.ecommerce.entity.Product
[ERROR] /C:/Users/manis/OneDrive/Desktop/LemonAcademy/E-Commerce/backend/src/main/java/com/lemonacademy/ecommerce/service/OrderService.java:[126,59] cannot find symbol
[ERROR]   symbol:   method getQuantity()
[ERROR]   location: variable cartItem of type com.lemonacademy.ecommerce.entity.CartItem
[ERROR] /C:/Users/manis/OneDrive/Desktop/LemonAcademy/E-Commerce/backend/src/main/java/com/lemonacademy/ecommerce/service/OrderService.java:[130,46] cannot find symbol
[ERROR]   symbol:   method getPrice()
[ERROR]   location: variable product of type com.lemonacademy.ecommerce.entity.Product
[ERROR] /C:/Users/manis/OneDrive/Desktop/LemonAcademy/E-Commerce/backend/src/main/java/com/lemonacademy/ecommerce/service/OrderService.java:[130,94] cannot find symbol
[ERROR]   symbol:   method getQuantity()
[ERROR]   location: variable cartItem of type com.lemonacademy.ecommerce.entity.CartItem
[ERROR] /C:/Users/manis/OneDrive/Desktop/LemonAcademy/E-Commerce/backend/src/main/java/com/lemonacademy/ecommerce/service/OrderService.java:[134,36] cannot find symbol
[ERROR]   symbol:   method getWeight()
[ERROR]   location: variable product of type com.lemonacademy.ecommerce.entity.Product
[ERROR] /C:/Users/manis/OneDrive/Desktop/LemonAcademy/E-Commerce/backend/src/main/java/com/lemonacademy/ecommerce/service/OrderService.java:[134,66] cannot find symbol
[ERROR]   symbol:   method getWeight()
[ERROR]   location: variable product of type com.lemonacademy.ecommerce.entity.Product
[ERROR] /C:/Users/manis/OneDrive/Desktop/LemonAcademy/E-Commerce/backend/src/main/java/com/lemonacademy/ecommerce/service/OrderService.java:[134,96] cannot find symbol
[ERROR]   symbol:   method getQuantity()
[ERROR]   location: variable cartItem of type com.lemonacademy.ecommerce.entity.CartItem
[ERROR] /C:/Users/manis/OneDrive/Desktop/LemonAcademy/E-Commerce/backend/src/main/java/com/lemonacademy/ecommerce/service/OrderService.java:[135,46] cannot find symbol
[ERROR]   symbol:   method getLength()
[ERROR]   location: variable product of type com.lemonacademy.ecommerce.entity.Product
[ERROR] /C:/Users/manis/OneDrive/Desktop/LemonAcademy/E-Commerce/backend/src/main/java/com/lemonacademy/ecommerce/service/OrderService.java:[135,76] cannot find symbol
[ERROR]   symbol:   method getLength()
[ERROR]   location: variable product of type com.lemonacademy.ecommerce.entity.Product
[ERROR] /C:/Users/manis/OneDrive/Desktop/LemonAcademy/E-Commerce/backend/src/main/java/com/lemonacademy/ecommerce/service/OrderService.java:[136,46] cannot find symbol
[ERROR]   symbol:   method getBreadth()
[ERROR]   location: variable product of type com.lemonacademy.ecommerce.entity.Product
[ERROR] /C:/Users/manis/OneDrive/Desktop/LemonAcademy/E-Commerce/backend/src/main/java/com/lemonacademy/ecommerce/service/OrderService.java:[136,77] cannot find symbol
[ERROR]   symbol:   method getBreadth()
[ERROR]   location: variable product of type com.lemonacademy.ecommerce.entity.Product
[ERROR] /C:/Users/manis/OneDrive/Desktop/LemonAcademy/E-Commerce/backend/src/main/java/com/lemonacademy/ecommerce/service/OrderService.java:[137,46] cannot find symbol
[ERROR]   symbol:   method getHeight()
[ERROR]   location: variable product of type com.lemonacademy.ecommerce.entity.Product
[ERROR] /C:/Users/manis/OneDrive/Desktop/LemonAcademy/E-Commerce/backend/src/main/java/com/lemonacademy/ecommerce/service/OrderService.java:[137,76] cannot find symbol
[ERROR]   symbol:   method getHeight()
[ERROR]   location: variable product of type com.lemonacademy.ecommerce.entity.Product
[ERROR] /C:/Users/manis/OneDrive/Desktop/LemonAcademy/E-Commerce/backend/src/main/java/com/lemonacademy/ecommerce/service/OrderService.java:[139,44] cannot find symbol
[ERROR]   symbol:   method builder()
[ERROR]   location: class com.lemonacademy.ecommerce.entity.OrderItem
[ERROR] /C:/Users/manis/OneDrive/Desktop/LemonAcademy/E-Commerce/backend/src/main/java/com/lemonacademy/ecommerce/service/OrderService.java:[142,39] cannot find symbol
[ERROR]   symbol:   method getQuantity()
[ERROR]   location: variable cartItem of type com.lemonacademy.ecommerce.entity.CartItem
[ERROR] /C:/Users/manis/OneDrive/Desktop/LemonAcademy/E-Commerce/backend/src/main/java/com/lemonacademy/ecommerce/service/OrderService.java:[143,35] cannot find symbol
[ERROR]   symbol:   method getPrice()
[ERROR]   location: variable product of type com.lemonacademy.ecommerce.entity.Product
[ERROR] /C:/Users/manis/OneDrive/Desktop/LemonAcademy/E-Commerce/backend/src/main/java/com/lemonacademy/ecommerce/service/OrderService.java:[152,78] cannot find symbol
[ERROR]   symbol:   method builder()
[ERROR]   location: class com.lemonacademy.ecommerce.shipping.dto.ShippingEstimateRequest
[ERROR] /C:/Users/manis/OneDrive/Desktop/LemonAcademy/E-Commerce/backend/src/main/java/com/lemonacademy/ecommerce/service/OrderService.java:[158,48] cannot find symbol
[ERROR]   symbol:   method getPincode()
[ERROR]   location: variable address of type com.lemonacademy.ecommerce.entity.Address
[ERROR] /C:/Users/manis/OneDrive/Desktop/LemonAcademy/E-Commerce/backend/src/main/java/com/lemonacademy/ecommerce/service/OrderService.java:[168,30] invalid method reference
[ERROR]   cannot find symbol
[ERROR]     symbol:   method getRate()
[ERROR]     location: class com.lemonacademy.ecommerce.shipping.dto.CourierEstimateResponse
[ERROR] /C:/Users/manis/OneDrive/Desktop/LemonAcademy/E-Commerce/backend/src/main/java/com/lemonacademy/ecommerce/service/OrderService.java:[175,13] cannot find symbol
[ERROR]   symbol:   variable log
[ERROR]   location: class com.lemonacademy.ecommerce.service.OrderService
[ERROR] -> [Help 1]
org.apache.maven.lifecycle.LifecycleExecutionException: Failed to execute goal org.apache.maven.plugins:maven-compiler-plugin:3.13.0:compile (default-compile) on project ecommerce: Compilation failure
    at org.apache.maven.lifecycle.internal.MojoExecutor.doExecute2 (MojoExecutor.java:333)
    at org.apache.maven.lifecycle.internal.MojoExecutor.doExecute (MojoExecutor.java:316)
    at org.apache.maven.lifecycle.internal.MojoExecutor.execute (MojoExecutor.java:212)
    at org.apache.maven.lifecycle.internal.MojoExecutor.execute (MojoExecutor.java:174)
    at org.apache.maven.lifecycle.internal.MojoExecutor.access$000 (MojoExecutor.java:75)
    at org.apache.maven.lifecycle.internal.MojoExecutor$1.run (MojoExecutor.java:162)
    at org.apache.maven.plugin.DefaultMojosExecutionStrategy.execute (DefaultMojosExecutionStrategy.java:39)
    at org.apache.maven.lifecycle.internal.MojoExecutor.execute (MojoExecutor.java:159)
    at org.apache.maven.lifecycle.internal.LifecycleModuleBuilder.buildProject (LifecycleModuleBuilder.java:105)
    at org.apache.maven.lifecycle.internal.LifecycleModuleBuilder.buildProject (LifecycleModuleBuilder.java:73)
    at org.apache.maven.lifecycle.internal.builder.singlethreaded.SingleThreadedBuilder.build (SingleThreadedBuilder.java:53)
    at org.apache.maven.lifecycle.internal.LifecycleStarter.execute (LifecycleStarter.java:118)
    at org.apache.maven.DefaultMaven.doExecute (DefaultMaven.java:261)
    at org.apache.maven.DefaultMaven.doExecute (DefaultMaven.java:173)
    at org.apache.maven.DefaultMaven.execute (DefaultMaven.java:101)
    at org.apache.maven.cli.MavenCli.execute (MavenCli.java:906)
    at org.apache.maven.cli.MavenCli.doMain (MavenCli.java:283)
    at org.apache.maven.cli.MavenCli.main (MavenCli.java:206)
    at jdk.internal.reflect.DirectMethodHandleAccessor.invoke (DirectMethodHandleAccessor.java:103)
    at java.lang.reflect.Method.invoke (Method.java:580)
    at org.codehaus.plexus.classworlds.launcher.Launcher.launchEnhanced (Launcher.java:255)
    at org.codehaus.plexus.classworlds.launcher.Launcher.launch (Launcher.java:201)
    at org.codehaus.plexus.classworlds.launcher.Launcher.mainWithExitCode (Launcher.java:361)
    at org.codehaus.plexus.classworlds.launcher.Launcher.main (Launcher.java:314)
Caused by: org.apache.maven.plugin.compiler.CompilationFailureException: Compilation failure
    at org.apache.maven.plugin.compiler.AbstractCompilerMojo.execute (AbstractCompilerMojo.java:1309)
    at org.apache.maven.plugin.compiler.CompilerMojo.execute (CompilerMojo.java:215)
    at org.apache.maven.plugin.DefaultBuildPluginManager.executeMojo (DefaultBuildPluginManager.java:126)
    at org.apache.maven.lifecycle.internal.MojoExecutor.doExecute2 (MojoExecutor.java:328)
    at org.apache.maven.lifecycle.internal.MojoExecutor.doExecute (MojoExecutor.java:316)
    at org.apache.maven.lifecycle.internal.MojoExecutor.execute (MojoExecutor.java:212)
    at org.apache.maven.lifecycle.internal.MojoExecutor.execute (MojoExecutor.java:174)
    at org.apache.maven.lifecycle.internal.MojoExecutor.access$000 (MojoExecutor.java:75)
    at org.apache.maven.lifecycle.internal.MojoExecutor$1.run (MojoExecutor.java:162)
    at org.apache.maven.plugin.DefaultMojosExecutionStrategy.execute (DefaultMojosExecutionStrategy.java:39)
    at org.apache.maven.lifecycle.internal.MojoExecutor.execute (MojoExecutor.java:159)
    at org.apache.maven.lifecycle.internal.LifecycleModuleBuilder.buildProject (LifecycleModuleBuilder.java:105)
    at org.apache.maven.lifecycle.internal.LifecycleModuleBuilder.buildProject (LifecycleModuleBuilder.java:73)
    at org.apache.maven.lifecycle.internal.builder.singlethreaded.SingleThreadedBuilder.build (SingleThreadedBuilder.java:53)
    at org.apache.maven.lifecycle.internal.LifecycleStarter.execute (LifecycleStarter.java:118)
    at org.apache.maven.DefaultMaven.doExecute (DefaultMaven.java:261)
    at org.apache.maven.DefaultMaven.doExecute (DefaultMaven.java:173)
    at org.apache.maven.DefaultMaven.execute (DefaultMaven.java:101)
    at org.apache.maven.cli.MavenCli.execute (MavenCli.java:906)
    at org.apache.maven.cli.MavenCli.doMain (MavenCli.java:283)
    at org.apache.maven.cli.MavenCli.main (MavenCli.java:206)
    at jdk.internal.reflect.DirectMethodHandleAccessor.invoke (DirectMethodHandleAccessor.java:103)
    at java.lang.reflect.Method.invoke (Method.java:580)
    at org.codehaus.plexus.classworlds.launcher.Launcher.launchEnhanced (Launcher.java:255)
    at org.codehaus.plexus.classworlds.launcher.Launcher.launch (Launcher.java:201)
    at org.codehaus.plexus.classworlds.launcher.Launcher.mainWithExitCode (Launcher.java:361)
    at org.codehaus.plexus.classworlds.launcher.Launcher.main (Launcher.java:314)
[ERROR] 
[ERROR] 
[ERROR] For more information about the errors and possible solutions, please read the following articles:
[ERROR] [Help 1] http://cwiki.apache.org/confluence/display/MAVEN/MojoFailureException
[DEBUG] Shutting down adapter factory; available factories [file-lock, rwlock-local, semaphore-local, noop]; available name mappers [discriminating, file-gav, file-hgav, file-static, gav, static]
[DEBUG] Shutting down 'file-lock' factory
[DEBUG] Shutting down 'rwlock-local' factory
[DEBUG] Shutting down 'semaphore-local' factory
[DEBUG] Shutting down 'noop' factory
